23.100.232.233 - - [16/Oct/2019:19:21:29 +0200] "GET /css/modern-business.css HTTP/1.1" 200 1252 "https://www.map5.nl/toepassingen.html" "Mozilla/5.0 (compatible; MSIE 9.0; Windows NT 6.1; Trident/5.0;  Trident/5.0)"
23.100.232.233 - - [16/Oct/2019:19:21:29 +0200] "GET /font-awesome/css/font-awesome.min.css HTTP/1.1" 200 5540 "https://www.map5.nl/toepassingen.html" "Mozilla/5.0 (compatible; MSIE 9.0; Windows NT 6.1; Trident/5.0;  Trident/5.0)"
23.100.232.233 - - [16/Oct/2019:19:21:29 +0200] "GET /media/map5-logo.png HTTP/1.1" 200 3802 "https://www.map5.nl/toepassingen.html" "Mozilla/5.0 (compatible; MSIE 9.0; Windows NT 6.1; Trident/5.0;  Trident/5.0)"
23.100.232.233 - - [16/Oct/2019:19:21:29 +0200] "GET /media/kadviewer-s.png HTTP/1.1" 200 104872 "https://www.map5.nl/toepassingen.html" "Mozilla/5.0 (compatible; MSIE 9.0; Windows NT 6.1; Trident/5.0;  Trident/5.0)"
23.100.232.233 - - [16/Oct/2019:19:21:29 +0200] "GET /media/nltopo-chrome-galaxy-s2.png HTTP/1.1" 200 97715 "https://www.map5.nl/toepassingen.html" "Mozilla/5.0 (compatible; MSIE 9.0; Windows NT 6.1; Trident/5.0;  Trident/5.0)"
23.100.232.233 - - [16/Oct/2019:19:21:30 +0200] "GET /js/jquery.js HTTP/1.1" 200 33880 "https://www.map5.nl/toepassingen.html" "Mozilla/5.0 (compatible; MSIE 9.0; Windows NT 6.1; Trident/5.0;  Trident/5.0)"
23.100.232.233 - - [16/Oct/2019:19:21:30 +0200] "GET /js/bootstrap.min.js HTTP/1.1" 200 9961 "https://www.map5.nl/toepassingen.html" "Mozilla/5.0 (compatible; MSIE 9.0; Windows NT 6.1; Trident/5.0;  Trident/5.0)"
23.100.232.233 - - [16/Oct/2019:19:21:47 +0200] "GET /toepassingen.html HTTP/1.1" 200 8311 "-" "Mozilla/5.0 (compatible; MSIE 9.0; Windows NT 6.1; Trident/5.0;  Trident/5.0)"
23.100.232.233 - - [16/Oct/2019:19:21:47 +0200] "GET /css/bootstrap.min.css HTTP/1.1" 200 19790 "https://www.map5.nl/toepassingen.html" "Mozilla/5.0 (compatible; MSIE 9.0; Windows NT 6.1; Trident/5.0;  Trident/5.0)"
23.100.232.233 - - [16/Oct/2019:19:21:48 +0200] "GET /font-awesome/css/font-awesome.min.css HTTP/1.1" 200 5540 "https://www.map5.nl/toepassingen.html" "Mozilla/5.0 (compatible; MSIE 9.0; Windows NT 6.1; Trident/5.0;  Trident/5.0)"
23.100.232.233 - - [16/Oct/2019:19:21:48 +0200] "GET /css/modern-business.css HTTP/1.1" 200 1252 "https://www.map5.nl/toepassingen.html" "Mozilla/5.0 (compatible; MSIE 9.0; Windows NT 6.1; Trident/5.0;  Trident/5.0)"
23.100.232.233 - - [16/Oct/2019:19:21:48 +0200] "GET /media/map5-logo.png HTTP/1.1" 200 3802 "https://www.map5.nl/toepassingen.html" "Mozilla/5.0 (compatible; MSIE 9.0; Windows NT 6.1; Trident/5.0;  Trident/5.0)"
23.100.232.233 - - [16/Oct/2019:19:21:48 +0200] "GET /media/kadviewer-s.png HTTP/1.1" 200 104872 "https://www.map5.nl/toepassingen.html" "Mozilla/5.0 (compatible; MSIE 9.0; Windows NT 6.1; Trident/5.0;  Trident/5.0)"
23.100.232.233 - - [16/Oct/2019:19:21:48 +0200] "GET /media/nltopo-chrome-galaxy-s2.png HTTP/1.1" 200 97715 "https://www.map5.nl/toepassingen.html" "Mozilla/5.0 (compatible; MSIE 9.0; Windows NT 6.1; Trident/5.0;  Trident/5.0)"
23.100.232.233 - - [16/Oct/2019:19:21:48 +0200] "GET /js/jquery.js HTTP/1.1" 200 33880 "https://www.map5.nl/toepassingen.html" "Mozilla/5.0 (compatible; MSIE 9.0; Windows NT 6.1; Trident/5.0;  Trident/5.0)"
23.100.232.233 - - [16/Oct/2019:19:21:48 +0200] "GET /js/bootstrap.min.js HTTP/1.1" 200 9961 "https://www.map5.nl/toepassingen.html" "Mozilla/5.0 (compatible; MSIE 9.0; Windows NT 6.1; Trident/5.0;  Trident/5.0)"
94.130.57.149 - - [16/Oct/2019:19:36:32 +0200] "GET / HTTP/1.1" 200 7320 "-" "python-requests/2.22.0"
5.196.87.174 - - [16/Oct/2019:19:45:04 +0200] "GET /robots.txt HTTP/1.1" 404 3650 "-" "Mozilla/5.0 (compatible; AhrefsBot/6.1; +http://ahrefs.com/robot/)"
94.130.57.149 - - [16/Oct/2019:19:56:32 +0200] "GET / HTTP/1.1" 200 7320 "-" "python-requests/2.22.0"
94.130.57.149 - - [16/Oct/2019:20:16:32 +0200] "GET / HTTP/1.1" 200 7320 "-" "python-requests/2.22.0"
94.130.57.149 - - [16/Oct/2019:20:36:32 +0200] "GET / HTTP/1.1" 200 7320 "-" "python-requests/2.22.0"
83.85.134.156 - - [16/Oct/2019:20:42:01 +0200] "GET / HTTP/1.1" 200 8679 "-" "Mozilla/5.0 (iPhone; CPU iPhone OS 13_1_2 like Mac OS X) AppleWebKit/605.1.15 (KHTML, like Gecko) Version/13.0.1 Mobile/15E148 Safari/604.1"
83.85.134.156 - - [16/Oct/2019:20:42:01 +0200] "GET /css/bootstrap.min.css HTTP/1.1" 200 19766 "https://map5.nl/" "Mozilla/5.0 (iPhone; CPU iPhone OS 13_1_2 like Mac OS X) AppleWebKit/605.1.15 (KHTML, like Gecko) Version/13.0.1 Mobile/15E148 Safari/604.1"
83.85.134.156 - - [16/Oct/2019:20:42:01 +0200] "GET /css/modern-business.css HTTP/1.1" 200 1239 "https://map5.nl/" "Mozilla/5.0 (iPhone; CPU iPhone OS 13_1_2 like Mac OS X) AppleWebKit/605.1.15 (KHTML, like Gecko) Version/13.0.1 Mobile/15E148 Safari/604.1"
83.85.134.156 - - [16/Oct/2019:20:42:01 +0200] "GET /js/jquery.js HTTP/1.1" 200 33844 "https://map5.nl/" "Mozilla/5.0 (iPhone; CPU iPhone OS 13_1_2 like Mac OS X) AppleWebKit/605.1.15 (KHTML, like Gecko) Version/13.0.1 Mobile/15E148 Safari/604.1"
83.85.134.156 - - [16/Oct/2019:20:42:01 +0200] "GET /media/map5-logo.png HTTP/1.1" 200 8449 "https://map5.nl/" "Mozilla/5.0 (iPhone; CPU iPhone OS 13_1_2 like Mac OS X) AppleWebKit/605.1.15 (KHTML, like Gecko) Version/13.0.1 Mobile/15E148 Safari/604.1"
83.85.134.156 - - [16/Oct/2019:20:42:01 +0200] "GET /media/map5-slogan.png HTTP/1.1" 200 9533 "https://map5.nl/" "Mozilla/5.0 (iPhone; CPU iPhone OS 13_1_2 like Mac OS X) AppleWebKit/605.1.15 (KHTML, like Gecko) Version/13.0.1 Mobile/15E148 Safari/604.1"
83.85.134.156 - - [16/Oct/2019:20:42:01 +0200] "GET /font-awesome/css/font-awesome.min.css HTTP/1.1" 200 10184 "https://map5.nl/" "Mozilla/5.0 (iPhone; CPU iPhone OS 13_1_2 like Mac OS X) AppleWebKit/605.1.15 (KHTML, like Gecko) Version/13.0.1 Mobile/15E148 Safari/604.1"
83.85.134.156 - - [16/Oct/2019:20:42:01 +0200] "GET /js/bootstrap.min.js HTTP/1.1" 200 9938 "https://map5.nl/" "Mozilla/5.0 (iPhone; CPU iPhone OS 13_1_2 like Mac OS X) AppleWebKit/605.1.15 (KHTML, like Gecko) Version/13.0.1 Mobile/15E148 Safari/604.1"
83.85.134.156 - - [16/Oct/2019:20:42:01 +0200] "GET /media/nltopo-3phones-s.jpg HTTP/1.1" 200 9841 "https://map5.nl/" "Mozilla/5.0 (iPhone; CPU iPhone OS 13_1_2 like Mac OS X) AppleWebKit/605.1.15 (KHTML, like Gecko) Version/13.0.1 Mobile/15E148 Safari/604.1"
83.85.134.156 - - [16/Oct/2019:20:42:01 +0200] "GET /media/map5-samples.jpg HTTP/1.1" 200 164226 "https://map5.nl/" "Mozilla/5.0 (iPhone; CPU iPhone OS 13_1_2 like Mac OS X) AppleWebKit/605.1.15 (KHTML, like Gecko) Version/13.0.1 Mobile/15E148 Safari/604.1"
83.85.134.156 - - [16/Oct/2019:20:42:01 +0200] "GET /favicon.ico HTTP/1.1" 200 6197 "https://map5.nl/" "Mozilla/5.0 (iPhone; CPU iPhone OS 13_1_2 like Mac OS X) AppleWebKit/605.1.15 (KHTML, like Gecko) Version/13.0.1 Mobile/15E148 Safari/604.1"
94.130.57.149 - - [16/Oct/2019:20:56:32 +0200] "GET / HTTP/1.1" 200 7320 "-" "python-requests/2.22.0"
207.46.13.18 - - [16/Oct/2019:21:03:31 +0200] "GET / HTTP/1.1" 200 8874 "-" "Mozilla/5.0 (compatible; bingbot/2.0; +http://www.bing.com/bingbot.htm)"
94.130.57.149 - - [16/Oct/2019:21:16:32 +0200] "GET / HTTP/1.1" 200 7320 "-" "python-requests/2.22.0"
80.100.95.187 - - [16/Oct/2019:21:31:08 +0200] "GET / HTTP/1.1" 200 8874 "-" "Mozilla/5.0 (Windows NT 10.0; WOW64; Trident/7.0; rv:11.0) like Gecko"
80.100.95.187 - - [16/Oct/2019:21:31:08 +0200] "GET /css/bootstrap.min.css HTTP/1.1" 200 19766 "https://www.map5.nl/" "Mozilla/5.0 (Windows NT 10.0; WOW64; Trident/7.0; rv:11.0) like Gecko"
80.100.95.187 - - [16/Oct/2019:21:31:08 +0200] "GET /css/modern-business.css HTTP/1.1" 200 1207 "https://www.map5.nl/" "Mozilla/5.0 (Windows NT 10.0; WOW64; Trident/7.0; rv:11.0) like Gecko"
80.100.95.187 - - [16/Oct/2019:21:31:08 +0200] "GET /font-awesome/css/font-awesome.min.css HTTP/1.1" 200 5640 "https://www.map5.nl/" "Mozilla/5.0 (Windows NT 10.0; WOW64; Trident/7.0; rv:11.0) like Gecko"
80.100.95.187 - - [16/Oct/2019:21:31:08 +0200] "GET /media/map5-logo.png HTTP/1.1" 200 3795 "https://www.map5.nl/" "Mozilla/5.0 (Windows NT 10.0; WOW64; Trident/7.0; rv:11.0) like Gecko"
80.100.95.187 - - [16/Oct/2019:21:31:08 +0200] "GET /media/map5-slogan.png HTTP/1.1" 200 9643 "https://www.map5.nl/" "Mozilla/5.0 (Windows NT 10.0; WOW64; Trident/7.0; rv:11.0) like Gecko"
80.100.95.187 - - [16/Oct/2019:21:31:08 +0200] "GET /media/nltopo-3phones-s.jpg HTTP/1.1" 200 9951 "https://www.map5.nl/" "Mozilla/5.0 (Windows NT 10.0; WOW64; Trident/7.0; rv:11.0) like Gecko"
80.100.95.187 - - [16/Oct/2019:21:31:08 +0200] "GET /js/jquery.js HTTP/1.1" 200 33954 "https://www.map5.nl/" "Mozilla/5.0 (Windows NT 10.0; WOW64; Trident/7.0; rv:11.0) like Gecko"
80.100.95.187 - - [16/Oct/2019:21:31:08 +0200] "GET /js/bootstrap.min.js HTTP/1.1" 200 9938 "https://www.map5.nl/" "Mozilla/5.0 (Windows NT 10.0; WOW64; Trident/7.0; rv:11.0) like Gecko"
80.100.95.187 - - [16/Oct/2019:21:31:08 +0200] "GET /media/map5-samples.jpg HTTP/1.1" 200 164226 "https://www.map5.nl/" "Mozilla/5.0 (Windows NT 10.0; WOW64; Trident/7.0; rv:11.0) like Gecko"
80.100.95.187 - - [16/Oct/2019:21:31:08 +0200] "GET /favicon.ico HTTP/1.1" 200 6392 "-" "Mozilla/5.0 (Windows NT 10.0; Win64; x64; Trident/7.0; rv:11.0) like Gecko"
80.100.95.187 - - [16/Oct/2019:21:31:31 +0200] "GET /kaarten.html HTTP/1.1" 200 6101 "https://www.map5.nl/" "Mozilla/5.0 (Windows NT 10.0; WOW64; Trident/7.0; rv:11.0) like Gecko"
80.100.95.187 - - [16/Oct/2019:21:31:31 +0200] "GET /lib/leaflet-0.7.7/leaflet.css HTTP/1.1" 200 2939 "https://www.map5.nl/kaarten.html" "Mozilla/5.0 (Windows NT 10.0; WOW64; Trident/7.0; rv:11.0) like Gecko"
80.100.95.187 - - [16/Oct/2019:21:31:31 +0200] "GET /lib/leaflet-0.7.7/leaflet.js HTTP/1.1" 200 34272 "https://www.map5.nl/kaarten.html" "Mozilla/5.0 (Windows NT 10.0; WOW64; Trident/7.0; rv:11.0) like Gecko"
80.100.95.187 - - [16/Oct/2019:21:31:31 +0200] "GET /media/brtbgt.jpg HTTP/1.1" 200 70160 "https://www.map5.nl/kaarten.html" "Mozilla/5.0 (Windows NT 10.0; WOW64; Trident/7.0; rv:11.0) like Gecko"
94.130.57.149 - - [16/Oct/2019:21:36:32 +0200] "GET / HTTP/1.1" 200 7320 "-" "python-requests/2.22.0"
40.77.167.210 - - [16/Oct/2019:21:52:21 +0200] "GET / HTTP/1.1" 200 8874 "-" "Mozilla/5.0 (compatible; bingbot/2.0; +http://www.bing.com/bingbot.htm)"
40.77.191.20 - - [16/Oct/2019:21:52:23 +0200] "GET /js/bootstrap.min.js HTTP/1.1" 200 40775 "-" "Mozilla/5.0 (Windows NT 6.1; WOW64) AppleWebKit/534+ (KHTML, like Gecko) BingPreview/1.0b"
94.130.57.149 - - [16/Oct/2019:21:56:32 +0200] "GET / HTTP/1.1" 200 7320 "-" "python-requests/2.22.0"
94.130.57.149 - - [16/Oct/2019:22:16:32 +0200] "GET / HTTP/1.1" 200 7320 "-" "python-requests/2.22.0"
73.193.86.70 - - [16/Oct/2019:22:35:43 +0200] "GET / HTTP/1.1" 200 21505 "-" "Apache-HttpClient/4.5.7 (Java/1.8.0_222)"
73.193.86.70 - - [16/Oct/2019:22:35:45 +0200] "GET / HTTP/1.1" 200 21505 "-" "Apache-HttpClient/4.5.7 (Java/1.8.0_222)"
5.196.87.174 - - [16/Oct/2019:22:36:00 +0200] "GET /robots.txt HTTP/1.1" 404 3646 "-" "Mozilla/5.0 (compatible; AhrefsBot/6.1; +http://ahrefs.com/robot/)"
5.196.87.174 - - [16/Oct/2019:22:36:10 +0200] "GET / HTTP/1.1" 200 7090 "-" "Mozilla/5.0 (compatible; AhrefsBot/6.1; +http://ahrefs.com/robot/)"
94.130.57.149 - - [16/Oct/2019:22:36:32 +0200] "GET / HTTP/1.1" 200 7320 "-" "python-requests/2.22.0"
66.249.79.42 - - [16/Oct/2019:22:49:53 +0200] "GET /robots.txt HTTP/1.1" 404 5434 "-" "Mozilla/5.0 (compatible; Googlebot/2.1; +http://www.google.com/bot.html)"
66.249.79.32 - - [16/Oct/2019:22:49:54 +0200] "GET / HTTP/1.1" 200 8874 "-" "Mozilla/5.0 (Linux; Android 6.0.1; Nexus 5X Build/MMB29P) AppleWebKit/537.36 (KHTML, like Gecko) Chrome/41.0.2272.96 Mobile Safari/537.36 (compatible; Googlebot/2.1; +http://www.google.com/bot.html)"
94.130.57.149 - - [16/Oct/2019:22:56:32 +0200] "GET / HTTP/1.1" 200 7320 "-" "python-requests/2.22.0"
40.77.167.132 - - [16/Oct/2019:22:57:14 +0200] "GET / HTTP/1.1" 200 8858 "-" "Mozilla/5.0 (compatible; bingbot/2.0; +http://www.bing.com/bingbot.htm)"
66.249.79.114 - - [16/Oct/2019:23:10:02 +0200] "GET / HTTP/1.1" 200 8858 "-" "Mozilla/5.0 (Linux; Android 6.0.1; Nexus 5X Build/MMB29P) AppleWebKit/537.36 (KHTML, like Gecko) Chrome/41.0.2272.96 Mobile Safari/537.36 (compatible; Googlebot/2.1; +http://www.google.com/bot.html)"
94.130.57.149 - - [16/Oct/2019:23:16:32 +0200] "GET / HTTP/1.1" 200 7320 "-" "python-requests/2.22.0"
23.100.232.233 - - [16/Oct/2019:23:19:11 +0200] "GET /toepassingen.html HTTP/1.1" 200 8311 "-" "Mozilla/5.0 (compatible; MSIE 9.0; Windows NT 6.0; Trident/5.0;  Trident/5.0)"
23.100.232.233 - - [16/Oct/2019:23:19:13 +0200] "GET /css/bootstrap.min.css HTTP/1.1" 200 19790 "https://www.map5.nl/toepassingen.html" "Mozilla/5.0 (compatible; MSIE 9.0; Windows NT 6.0; Trident/5.0;  Trident/5.0)"
23.100.232.233 - - [16/Oct/2019:23:19:13 +0200] "GET /font-awesome/css/font-awesome.min.css HTTP/1.1" 200 5540 "https://www.map5.nl/toepassingen.html" "Mozilla/5.0 (compatible; MSIE 9.0; Windows NT 6.0; Trident/5.0;  Trident/5.0)"
23.100.232.233 - - [16/Oct/2019:23:19:14 +0200] "GET /css/modern-business.css HTTP/1.1" 200 1252 "https://www.map5.nl/toepassingen.html" "Mozilla/5.0 (compatible; MSIE 9.0; Windows NT 6.0; Trident/5.0;  Trident/5.0)"
23.100.232.233 - - [16/Oct/2019:23:19:14 +0200] "GET /media/kadviewer-s.png HTTP/1.1" 200 104872 "https://www.map5.nl/toepassingen.html" "Mozilla/5.0 (compatible; MSIE 9.0; Windows NT 6.0; Trident/5.0;  Trident/5.0)"
23.100.232.233 - - [16/Oct/2019:23:19:14 +0200] "GET /media/map5-logo.png HTTP/1.1" 200 3802 "https://www.map5.nl/toepassingen.html" "Mozilla/5.0 (compatible; MSIE 9.0; Windows NT 6.0; Trident/5.0;  Trident/5.0)"
23.100.232.233 - - [16/Oct/2019:23:19:14 +0200] "GET /media/nltopo-chrome-galaxy-s2.png HTTP/1.1" 200 97715 "https://www.map5.nl/toepassingen.html" "Mozilla/5.0 (compatible; MSIE 9.0; Windows NT 6.0; Trident/5.0;  Trident/5.0)"
23.100.232.233 - - [16/Oct/2019:23:19:15 +0200] "GET /js/bootstrap.min.js HTTP/1.1" 200 9961 "https://www.map5.nl/toepassingen.html" "Mozilla/5.0 (compatible; MSIE 9.0; Windows NT 6.0; Trident/5.0;  Trident/5.0)"
23.100.232.233 - - [16/Oct/2019:23:19:15 +0200] "GET /js/jquery.js HTTP/1.1" 200 33880 "https://www.map5.nl/toepassingen.html" "Mozilla/5.0 (compatible; MSIE 9.0; Windows NT 6.0; Trident/5.0;  Trident/5.0)"
23.100.232.233 - - [16/Oct/2019:23:19:32 +0200] "GET /toepassingen.html HTTP/1.1" 200 8311 "-" "Mozilla/5.0 (compatible; MSIE 9.0; Windows NT 6.0; Trident/5.0;  Trident/5.0)"
23.100.232.233 - - [16/Oct/2019:23:19:32 +0200] "GET /css/bootstrap.min.css HTTP/1.1" 200 19790 "https://www.map5.nl/toepassingen.html" "Mozilla/5.0 (compatible; MSIE 9.0; Windows NT 6.0; Trident/5.0;  Trident/5.0)"
23.100.232.233 - - [16/Oct/2019:23:19:32 +0200] "GET /css/modern-business.css HTTP/1.1" 200 1252 "https://www.map5.nl/toepassingen.html" "Mozilla/5.0 (compatible; MSIE 9.0; Windows NT 6.0; Trident/5.0;  Trident/5.0)"
23.100.232.233 - - [16/Oct/2019:23:19:32 +0200] "GET /font-awesome/css/font-awesome.min.css HTTP/1.1" 200 5540 "https://www.map5.nl/toepassingen.html" "Mozilla/5.0 (compatible; MSIE 9.0; Windows NT 6.0; Trident/5.0;  Trident/5.0)"
23.100.232.233 - - [16/Oct/2019:23:19:32 +0200] "GET /media/map5-logo.png HTTP/1.1" 200 3802 "https://www.map5.nl/toepassingen.html" "Mozilla/5.0 (compatible; MSIE 9.0; Windows NT 6.0; Trident/5.0;  Trident/5.0)"
23.100.232.233 - - [16/Oct/2019:23:19:32 +0200] "GET /media/kadviewer-s.png HTTP/1.1" 200 104872 "https://www.map5.nl/toepassingen.html" "Mozilla/5.0 (compatible; MSIE 9.0; Windows NT 6.0; Trident/5.0;  Trident/5.0)"
23.100.232.233 - - [16/Oct/2019:23:19:33 +0200] "GET /media/nltopo-chrome-galaxy-s2.png HTTP/1.1" 200 97715 "https://www.map5.nl/toepassingen.html" "Mozilla/5.0 (compatible; MSIE 9.0; Windows NT 6.0; Trident/5.0;  Trident/5.0)"
23.100.232.233 - - [16/Oct/2019:23:19:33 +0200] "GET /js/jquery.js HTTP/1.1" 200 33880 "https://www.map5.nl/toepassingen.html" "Mozilla/5.0 (compatible; MSIE 9.0; Windows NT 6.0; Trident/5.0;  Trident/5.0)"
23.100.232.233 - - [16/Oct/2019:23:19:33 +0200] "GET /js/bootstrap.min.js HTTP/1.1" 200 9961 "https://www.map5.nl/toepassingen.html" "Mozilla/5.0 (compatible; MSIE 9.0; Windows NT 6.0; Trident/5.0;  Trident/5.0)"
157.55.39.115 - - [16/Oct/2019:23:24:31 +0200] "GET /over.html HTTP/1.1" 200 7791 "-" "Mozilla/5.0 (compatible; bingbot/2.0; +http://www.bing.com/bingbot.htm)"
94.130.57.149 - - [16/Oct/2019:23:36:32 +0200] "GET / HTTP/1.1" 200 7320 "-" "python-requests/2.22.0"
24.132.117.134 - - [16/Oct/2019:23:46:53 +0200] "GET / HTTP/1.1" 200 8858 "-" "Mozilla/5.0 (Windows NT 10.0; Win64; x64) AppleWebKit/537.36 (KHTML, like Gecko) Chrome/79.0.3942.0 Safari/537.36 Edg/79.0.305.0"
24.132.117.134 - - [16/Oct/2019:23:46:54 +0200] "GET /css/bootstrap.min.css HTTP/1.1" 200 19766 "https://map5.nl/" "Mozilla/5.0 (Windows NT 10.0; Win64; x64) AppleWebKit/537.36 (KHTML, like Gecko) Chrome/79.0.3942.0 Safari/537.36 Edg/79.0.305.0"
24.132.117.134 - - [16/Oct/2019:23:46:54 +0200] "GET /css/modern-business.css HTTP/1.1" 200 1097 "https://map5.nl/" "Mozilla/5.0 (Windows NT 10.0; Win64; x64) AppleWebKit/537.36 (KHTML, like Gecko) Chrome/79.0.3942.0 Safari/537.36 Edg/79.0.305.0"
24.132.117.134 - - [16/Oct/2019:23:46:54 +0200] "GET /font-awesome/css/font-awesome.min.css HTTP/1.1" 200 5672 "https://map5.nl/" "Mozilla/5.0 (Windows NT 10.0; Win64; x64) AppleWebKit/537.36 (KHTML, like Gecko) Chrome/79.0.3942.0 Safari/537.36 Edg/79.0.305.0"
24.132.117.134 - - [16/Oct/2019:23:46:54 +0200] "GET /js/jquery.js HTTP/1.1" 200 33986 "https://map5.nl/" "Mozilla/5.0 (Windows NT 10.0; Win64; x64) AppleWebKit/537.36 (KHTML, like Gecko) Chrome/79.0.3942.0 Safari/537.36 Edg/79.0.305.0"
24.132.117.134 - - [16/Oct/2019:23:46:54 +0200] "GET /media/map5-logo.png HTTP/1.1" 200 3937 "https://map5.nl/" "Mozilla/5.0 (Windows NT 10.0; Win64; x64) AppleWebKit/537.36 (KHTML, like Gecko) Chrome/79.0.3942.0 Safari/537.36 Edg/79.0.305.0"
24.132.117.134 - - [16/Oct/2019:23:46:54 +0200] "GET /media/map5-slogan.png HTTP/1.1" 200 9675 "https://map5.nl/" "Mozilla/5.0 (Windows NT 10.0; Win64; x64) AppleWebKit/537.36 (KHTML, like Gecko) Chrome/79.0.3942.0 Safari/537.36 Edg/79.0.305.0"
24.132.117.134 - - [16/Oct/2019:23:46:54 +0200] "GET /media/nltopo-3phones-s.jpg HTTP/1.1" 200 9841 "https://map5.nl/" "Mozilla/5.0 (Windows NT 10.0; Win64; x64) AppleWebKit/537.36 (KHTML, like Gecko) Chrome/79.0.3942.0 Safari/537.36 Edg/79.0.305.0"
24.132.117.134 - - [16/Oct/2019:23:46:54 +0200] "GET /js/bootstrap.min.js HTTP/1.1" 200 10080 "https://map5.nl/" "Mozilla/5.0 (Windows NT 10.0; Win64; x64) AppleWebKit/537.36 (KHTML, like Gecko) Chrome/79.0.3942.0 Safari/537.36 Edg/79.0.305.0"
24.132.117.134 - - [16/Oct/2019:23:46:54 +0200] "GET /media/map5-samples.jpg HTTP/1.1" 200 164226 "https://map5.nl/" "Mozilla/5.0 (Windows NT 10.0; Win64; x64) AppleWebKit/537.36 (KHTML, like Gecko) Chrome/79.0.3942.0 Safari/537.36 Edg/79.0.305.0"
24.132.117.134 - - [16/Oct/2019:23:46:54 +0200] "GET /favicon.ico HTTP/1.1" 200 1543 "https://map5.nl/" "Mozilla/5.0 (Windows NT 10.0; Win64; x64) AppleWebKit/537.36 (KHTML, like Gecko) Chrome/79.0.3942.0 Safari/537.36 Edg/79.0.305.0"
24.132.117.134 - - [16/Oct/2019:23:47:46 +0200] "GET /kaarten.html HTTP/1.1" 200 6133 "https://map5.nl/" "Mozilla/5.0 (Windows NT 10.0; Win64; x64) AppleWebKit/537.36 (KHTML, like Gecko) Chrome/79.0.3942.0 Safari/537.36 Edg/79.0.305.0"
24.132.117.134 - - [16/Oct/2019:23:47:46 +0200] "GET /lib/leaflet-0.7.7/leaflet.css HTTP/1.1" 200 2939 "https://map5.nl/kaarten.html" "Mozilla/5.0 (Windows NT 10.0; Win64; x64) AppleWebKit/537.36 (KHTML, like Gecko) Chrome/79.0.3942.0 Safari/537.36 Edg/79.0.305.0"
24.132.117.134 - - [16/Oct/2019:23:47:46 +0200] "GET /lib/leaflet-0.7.7/leaflet.js HTTP/1.1" 200 34162 "https://map5.nl/kaarten.html" "Mozilla/5.0 (Windows NT 10.0; Win64; x64) AppleWebKit/537.36 (KHTML, like Gecko) Chrome/79.0.3942.0 Safari/537.36 Edg/79.0.305.0"
24.132.117.134 - - [16/Oct/2019:23:47:46 +0200] "GET /media/brtbgt.jpg HTTP/1.1" 200 70160 "https://map5.nl/kaarten.html" "Mozilla/5.0 (Windows NT 10.0; Win64; x64) AppleWebKit/537.36 (KHTML, like Gecko) Chrome/79.0.3942.0 Safari/537.36 Edg/79.0.305.0"
34.94.67.135 - - [16/Oct/2019:23:49:58 +0200] "GET / HTTP/1.1" 200 21505 "-" "Java/1.8.0_222"
94.130.57.149 - - [16/Oct/2019:23:56:32 +0200] "GET / HTTP/1.1" 200 7320 "-" "python-requests/2.22.0"
62.238.92.233 - - [17/Oct/2019:00:00:25 +0200] "GET / HTTP/1.1" 200 8858 "https://www.google.com/" "Mozilla/5.0 (Linux; Android 8.0.0; RNE-L21) AppleWebKit/537.36 (KHTML, like Gecko) Chrome/77.0.3865.116 Mobile Safari/537.36"
62.238.92.233 - - [17/Oct/2019:00:00:26 +0200] "GET /css/modern-business.css HTTP/1.1" 200 1239 "https://map5.nl/" "Mozilla/5.0 (Linux; Android 8.0.0; RNE-L21) AppleWebKit/537.36 (KHTML, like Gecko) Chrome/77.0.3865.116 Mobile Safari/537.36"
62.238.92.233 - - [17/Oct/2019:00:00:26 +0200] "GET /css/bootstrap.min.css HTTP/1.1" 200 19766 "https://map5.nl/" "Mozilla/5.0 (Linux; Android 8.0.0; RNE-L21) AppleWebKit/537.36 (KHTML, like Gecko) Chrome/77.0.3865.116 Mobile Safari/537.36"
62.238.92.233 - - [17/Oct/2019:00:00:26 +0200] "GET /font-awesome/css/font-awesome.min.css HTTP/1.1" 200 5530 "https://map5.nl/" "Mozilla/5.0 (Linux; Android 8.0.0; RNE-L21) AppleWebKit/537.36 (KHTML, like Gecko) Chrome/77.0.3865.116 Mobile Safari/537.36"
62.238.92.233 - - [17/Oct/2019:00:00:26 +0200] "GET /media/map5-logo.png HTTP/1.1" 200 3937 "https://map5.nl/" "Mozilla/5.0 (Linux; Android 8.0.0; RNE-L21) AppleWebKit/537.36 (KHTML, like Gecko) Chrome/77.0.3865.116 Mobile Safari/537.36"
62.238.92.233 - - [17/Oct/2019:00:00:26 +0200] "GET /js/bootstrap.min.js HTTP/1.1" 200 10080 "https://map5.nl/" "Mozilla/5.0 (Linux; Android 8.0.0; RNE-L21) AppleWebKit/537.36 (KHTML, like Gecko) Chrome/77.0.3865.116 Mobile Safari/537.36"
62.238.92.233 - - [17/Oct/2019:00:00:26 +0200] "GET /media/nltopo-3phones-s.jpg HTTP/1.1" 200 9983 "https://map5.nl/" "Mozilla/5.0 (Linux; Android 8.0.0; RNE-L21) AppleWebKit/537.36 (KHTML, like Gecko) Chrome/77.0.3865.116 Mobile Safari/537.36"
62.238.92.233 - - [17/Oct/2019:00:00:26 +0200] "GET /media/map5-slogan.png HTTP/1.1" 200 9675 "https://map5.nl/" "Mozilla/5.0 (Linux; Android 8.0.0; RNE-L21) AppleWebKit/537.36 (KHTML, like Gecko) Chrome/77.0.3865.116 Mobile Safari/537.36"
62.238.92.233 - - [17/Oct/2019:00:00:26 +0200] "GET /js/jquery.js HTTP/1.1" 200 33844 "https://map5.nl/" "Mozilla/5.0 (Linux; Android 8.0.0; RNE-L21) AppleWebKit/537.36 (KHTML, like Gecko) Chrome/77.0.3865.116 Mobile Safari/537.36"
62.238.92.233 - - [17/Oct/2019:00:00:26 +0200] "GET /media/map5-samples.jpg HTTP/1.1" 200 164226 "https://map5.nl/" "Mozilla/5.0 (Linux; Android 8.0.0; RNE-L21) AppleWebKit/537.36 (KHTML, like Gecko) Chrome/77.0.3865.116 Mobile Safari/537.36"
62.238.92.233 - - [17/Oct/2019:00:00:26 +0200] "GET /favicon.ico HTTP/1.1" 200 1543 "https://map5.nl/" "Mozilla/5.0 (Linux; Android 8.0.0; RNE-L21) AppleWebKit/537.36 (KHTML, like Gecko) Chrome/77.0.3865.116 Mobile Safari/537.36"
24.132.117.134 - - [17/Oct/2019:00:03:40 +0200] "GET / HTTP/1.1" 200 7336 "https://www.bing.com/" "Mozilla/5.0 (Windows NT 10.0; Win64; x64) AppleWebKit/537.36 (KHTML, like Gecko) Chrome/79.0.3942.0 Safari/537.36 Edg/79.0.305.0"
24.132.117.134 - - [17/Oct/2019:00:03:40 +0200] "GET /css/modern-business.css HTTP/1.1" 200 4408 "https://www.map5.nl/" "Mozilla/5.0 (Windows NT 10.0; Win64; x64) AppleWebKit/537.36 (KHTML, like Gecko) Chrome/79.0.3942.0 Safari/537.36 Edg/79.0.305.0"
24.132.117.134 - - [17/Oct/2019:00:03:40 +0200] "GET /css/bootstrap.min.css HTTP/1.1" 200 19766 "https://www.map5.nl/" "Mozilla/5.0 (Windows NT 10.0; Win64; x64) AppleWebKit/537.36 (KHTML, like Gecko) Chrome/79.0.3942.0 Safari/537.36 Edg/79.0.305.0"
24.132.117.134 - - [17/Oct/2019:00:03:40 +0200] "GET /font-awesome/css/font-awesome.min.css HTTP/1.1" 200 5530 "https://www.map5.nl/" "Mozilla/5.0 (Windows NT 10.0; Win64; x64) AppleWebKit/537.36 (KHTML, like Gecko) Chrome/79.0.3942.0 Safari/537.36 Edg/79.0.305.0"
24.132.117.134 - - [17/Oct/2019:00:03:40 +0200] "GET /js/bootstrap.min.js HTTP/1.1" 200 9938 "https://www.map5.nl/" "Mozilla/5.0 (Windows NT 10.0; Win64; x64) AppleWebKit/537.36 (KHTML, like Gecko) Chrome/79.0.3942.0 Safari/537.36 Edg/79.0.305.0"
24.132.117.134 - - [17/Oct/2019:00:03:40 +0200] "GET /js/jquery.js HTTP/1.1" 200 33844 "https://www.map5.nl/" "Mozilla/5.0 (Windows NT 10.0; Win64; x64) AppleWebKit/537.36 (KHTML, like Gecko) Chrome/79.0.3942.0 Safari/537.36 Edg/79.0.305.0"
24.132.117.134 - - [17/Oct/2019:00:03:40 +0200] "GET /media/map5-logo.png HTTP/1.1" 200 7106 "https://www.map5.nl/" "Mozilla/5.0 (Windows NT 10.0; Win64; x64) AppleWebKit/537.36 (KHTML, like Gecko) Chrome/79.0.3942.0 Safari/537.36 Edg/79.0.305.0"
24.132.117.134 - - [17/Oct/2019:00:03:40 +0200] "GET /media/map5-slogan.png HTTP/1.1" 200 12844 "https://www.map5.nl/" "Mozilla/5.0 (Windows NT 10.0; Win64; x64) AppleWebKit/537.36 (KHTML, like Gecko) Chrome/79.0.3942.0 Safari/537.36 Edg/79.0.305.0"
24.132.117.134 - - [17/Oct/2019:00:03:40 +0200] "GET /media/nltopo-3phones-s.jpg HTTP/1.1" 200 13152 "https://www.map5.nl/" "Mozilla/5.0 (Windows NT 10.0; Win64; x64) AppleWebKit/537.36 (KHTML, like Gecko) Chrome/79.0.3942.0 Safari/537.36 Edg/79.0.305.0"
24.132.117.134 - - [17/Oct/2019:00:03:40 +0200] "GET /media/map5-samples.jpg HTTP/1.1" 200 164226 "https://www.map5.nl/" "Mozilla/5.0 (Windows NT 10.0; Win64; x64) AppleWebKit/537.36 (KHTML, like Gecko) Chrome/79.0.3942.0 Safari/537.36 Edg/79.0.305.0"
24.132.117.134 - - [17/Oct/2019:00:03:40 +0200] "GET /favicon.ico HTTP/1.1" 200 1543 "https://www.map5.nl/" "Mozilla/5.0 (Windows NT 10.0; Win64; x64) AppleWebKit/537.36 (KHTML, like Gecko) Chrome/79.0.3942.0 Safari/537.36 Edg/79.0.305.0"
24.132.117.134 - - [17/Oct/2019:00:03:43 +0200] "GET /kaarten.html HTTP/1.1" 200 5991 "https://www.map5.nl/" "Mozilla/5.0 (Windows NT 10.0; Win64; x64) AppleWebKit/537.36 (KHTML, like Gecko) Chrome/79.0.3942.0 Safari/537.36 Edg/79.0.305.0"
24.132.117.134 - - [17/Oct/2019:00:03:43 +0200] "GET /lib/leaflet-0.7.7/leaflet.css HTTP/1.1" 200 2939 "https://www.map5.nl/kaarten.html" "Mozilla/5.0 (Windows NT 10.0; Win64; x64) AppleWebKit/537.36 (KHTML, like Gecko) Chrome/79.0.3942.0 Safari/537.36 Edg/79.0.305.0"
24.132.117.134 - - [17/Oct/2019:00:03:43 +0200] "GET /lib/leaflet-0.7.7/leaflet.js HTTP/1.1" 200 34162 "https://www.map5.nl/kaarten.html" "Mozilla/5.0 (Windows NT 10.0; Win64; x64) AppleWebKit/537.36 (KHTML, like Gecko) Chrome/79.0.3942.0 Safari/537.36 Edg/79.0.305.0"
24.132.117.134 - - [17/Oct/2019:00:03:43 +0200] "GET /media/brtbgt.jpg HTTP/1.1" 200 70160 "https://www.map5.nl/kaarten.html" "Mozilla/5.0 (Windows NT 10.0; Win64; x64) AppleWebKit/537.36 (KHTML, like Gecko) Chrome/79.0.3942.0 Safari/537.36 Edg/79.0.305.0"
94.130.57.149 - - [17/Oct/2019:00:16:32 +0200] "GET / HTTP/1.1" 200 7320 "-" "python-requests/2.22.0"
94.130.57.149 - - [17/Oct/2019:00:36:32 +0200] "GET / HTTP/1.1" 200 7320 "-" "python-requests/2.22.0"
23.100.232.233 - - [17/Oct/2019:00:46:04 +0200] "GET /toepassingen.html HTTP/1.1" 200 8311 "-" "Mozilla/5.0 (compatible; MSIE 9.0; Windows NT 6.1; Trident/5.0;  Trident/5.0)"
23.100.232.233 - - [17/Oct/2019:00:46:05 +0200] "GET /css/bootstrap.min.css HTTP/1.1" 200 19790 "https://www.map5.nl/toepassingen.html" "Mozilla/5.0 (compatible; MSIE 9.0; Windows NT 6.1; Trident/5.0;  Trident/5.0)"
23.100.232.233 - - [17/Oct/2019:00:46:05 +0200] "GET /css/modern-business.css HTTP/1.1" 200 1252 "https://www.map5.nl/toepassingen.html" "Mozilla/5.0 (compatible; MSIE 9.0; Windows NT 6.1; Trident/5.0;  Trident/5.0)"
23.100.232.233 - - [17/Oct/2019:00:46:05 +0200] "GET /font-awesome/css/font-awesome.min.css HTTP/1.1" 200 5540 "https://www.map5.nl/toepassingen.html" "Mozilla/5.0 (compatible; MSIE 9.0; Windows NT 6.1; Trident/5.0;  Trident/5.0)"
23.100.232.233 - - [17/Oct/2019:00:46:05 +0200] "GET /media/map5-logo.png HTTP/1.1" 200 3802 "https://www.map5.nl/toepassingen.html" "Mozilla/5.0 (compatible; MSIE 9.0; Windows NT 6.1; Trident/5.0;  Trident/5.0)"
23.100.232.233 - - [17/Oct/2019:00:46:05 +0200] "GET /media/kadviewer-s.png HTTP/1.1" 200 104872 "https://www.map5.nl/toepassingen.html" "Mozilla/5.0 (compatible; MSIE 9.0; Windows NT 6.1; Trident/5.0;  Trident/5.0)"
23.100.232.233 - - [17/Oct/2019:00:46:06 +0200] "GET /media/nltopo-chrome-galaxy-s2.png HTTP/1.1" 200 97715 "https://www.map5.nl/toepassingen.html" "Mozilla/5.0 (compatible; MSIE 9.0; Windows NT 6.1; Trident/5.0;  Trident/5.0)"
23.100.232.233 - - [17/Oct/2019:00:46:06 +0200] "GET /js/jquery.js HTTP/1.1" 200 33880 "https://www.map5.nl/toepassingen.html" "Mozilla/5.0 (compatible; MSIE 9.0; Windows NT 6.1; Trident/5.0;  Trident/5.0)"
23.100.232.233 - - [17/Oct/2019:00:46:06 +0200] "GET /js/bootstrap.min.js HTTP/1.1" 200 9961 "https://www.map5.nl/toepassingen.html" "Mozilla/5.0 (compatible; MSIE 9.0; Windows NT 6.1; Trident/5.0;  Trident/5.0)"
23.100.232.233 - - [17/Oct/2019:00:46:21 +0200] "GET /toepassingen.html HTTP/1.1" 200 8311 "-" "Mozilla/5.0 (compatible; MSIE 9.0; Windows NT 6.1; Trident/5.0;  Trident/5.0)"
23.100.232.233 - - [17/Oct/2019:00:46:22 +0200] "GET /css/bootstrap.min.css HTTP/1.1" 200 19790 "https://www.map5.nl/toepassingen.html" "Mozilla/5.0 (compatible; MSIE 9.0; Windows NT 6.1; Trident/5.0;  Trident/5.0)"
23.100.232.233 - - [17/Oct/2019:00:46:22 +0200] "GET /css/modern-business.css HTTP/1.1" 200 1252 "https://www.map5.nl/toepassingen.html" "Mozilla/5.0 (compatible; MSIE 9.0; Windows NT 6.1; Trident/5.0;  Trident/5.0)"
23.100.232.233 - - [17/Oct/2019:00:46:22 +0200] "GET /font-awesome/css/font-awesome.min.css HTTP/1.1" 200 5540 "https://www.map5.nl/toepassingen.html" "Mozilla/5.0 (compatible; MSIE 9.0; Windows NT 6.1; Trident/5.0;  Trident/5.0)"
23.100.232.233 - - [17/Oct/2019:00:46:22 +0200] "GET /media/map5-logo.png HTTP/1.1" 200 3802 "https://www.map5.nl/toepassingen.html" "Mozilla/5.0 (compatible; MSIE 9.0; Windows NT 6.1; Trident/5.0;  Trident/5.0)"
23.100.232.233 - - [17/Oct/2019:00:46:22 +0200] "GET /media/kadviewer-s.png HTTP/1.1" 200 104872 "https://www.map5.nl/toepassingen.html" "Mozilla/5.0 (compatible; MSIE 9.0; Windows NT 6.1; Trident/5.0;  Trident/5.0)"
23.100.232.233 - - [17/Oct/2019:00:46:22 +0200] "GET /media/nltopo-chrome-galaxy-s2.png HTTP/1.1" 200 97715 "https://www.map5.nl/toepassingen.html" "Mozilla/5.0 (compatible; MSIE 9.0; Windows NT 6.1; Trident/5.0;  Trident/5.0)"
23.100.232.233 - - [17/Oct/2019:00:46:22 +0200] "GET /js/jquery.js HTTP/1.1" 200 33880 "https://www.map5.nl/toepassingen.html" "Mozilla/5.0 (compatible; MSIE 9.0; Windows NT 6.1; Trident/5.0;  Trident/5.0)"
23.100.232.233 - - [17/Oct/2019:00:46:23 +0200] "GET /js/bootstrap.min.js HTTP/1.1" 200 9961 "https://www.map5.nl/toepassingen.html" "Mozilla/5.0 (compatible; MSIE 9.0; Windows NT 6.1; Trident/5.0;  Trident/5.0)"
54.36.148.155 - - [17/Oct/2019:00:52:17 +0200] "GET /robots.txt HTTP/1.1" 404 3646 "-" "Mozilla/5.0 (compatible; AhrefsBot/6.1; +http://ahrefs.com/robot/)"
103.131.71.149 - - [17/Oct/2019:00:55:05 +0200] "GET /robots.txt HTTP/1.1" 404 3660 "-" "Mozilla/5.0 (compatible; coccocbot-web/1.0; +http://help.coccoc.com/searchengine)"
94.130.57.149 - - [17/Oct/2019:00:56:32 +0200] "GET / HTTP/1.1" 200 7320 "-" "python-requests/2.22.0"
69.162.124.227 - - [17/Oct/2019:00:58:02 +0200] "HEAD / HTTP/1.1" 200 3294 "http://s.map5.nl" "Mozilla/5.0+(compatible; UptimeRobot/2.0; http://www.uptimerobot.com/)"
69.162.124.227 - - [17/Oct/2019:01:03:02 +0200] "HEAD / HTTP/1.1" 200 3294 "http://s.map5.nl" "Mozilla/5.0+(compatible; UptimeRobot/2.0; http://www.uptimerobot.com/)"
69.162.124.227 - - [17/Oct/2019:01:08:02 +0200] "HEAD / HTTP/1.1" 200 3294 "http://s.map5.nl" "Mozilla/5.0+(compatible; UptimeRobot/2.0; http://www.uptimerobot.com/)"
69.162.124.227 - - [17/Oct/2019:01:13:02 +0200] "HEAD / HTTP/1.1" 200 3294 "http://s.map5.nl" "Mozilla/5.0+(compatible; UptimeRobot/2.0; http://www.uptimerobot.com/)"
94.130.57.149 - - [17/Oct/2019:01:16:32 +0200] "GET / HTTP/1.1" 200 7320 "-" "python-requests/2.22.0"
69.162.124.227 - - [17/Oct/2019:01:18:02 +0200] "HEAD / HTTP/1.1" 200 3294 "http://s.map5.nl" "Mozilla/5.0+(compatible; UptimeRobot/2.0; http://www.uptimerobot.com/)"
69.162.124.227 - - [17/Oct/2019:01:23:05 +0200] "HEAD / HTTP/1.1" 200 3294 "http://s.map5.nl" "Mozilla/5.0+(compatible; UptimeRobot/2.0; http://www.uptimerobot.com/)"
69.162.124.227 - - [17/Oct/2019:01:28:02 +0200] "HEAD / HTTP/1.1" 200 3294 "http://s.map5.nl" "Mozilla/5.0+(compatible; UptimeRobot/2.0; http://www.uptimerobot.com/)"
69.162.124.227 - - [17/Oct/2019:01:33:02 +0200] "HEAD / HTTP/1.1" 200 3294 "http://s.map5.nl" "Mozilla/5.0+(compatible; UptimeRobot/2.0; http://www.uptimerobot.com/)"
94.130.57.149 - - [17/Oct/2019:01:36:32 +0200] "GET / HTTP/1.1" 200 7320 "-" "python-requests/2.22.0"
69.162.124.227 - - [17/Oct/2019:01:38:02 +0200] "HEAD / HTTP/1.1" 200 3294 "http://s.map5.nl" "Mozilla/5.0+(compatible; UptimeRobot/2.0; http://www.uptimerobot.com/)"
46.229.168.150 - - [17/Oct/2019:01:40:15 +0200] "GET /robots.txt HTTP/1.1" 404 3839 "-" "Mozilla/5.0 (compatible; SemrushBot/6~bl; +http://www.semrush.com/bot.html)"
46.229.168.150 - - [17/Oct/2019:01:40:15 +0200] "GET /koppelvlakken.html HTTP/1.1" 200 8131 "-" "Mozilla/5.0 (compatible; SemrushBot/6~bl; +http://www.semrush.com/bot.html)"
69.162.124.227 - - [17/Oct/2019:01:43:02 +0200] "HEAD / HTTP/1.1" 200 3294 "http://s.map5.nl" "Mozilla/5.0+(compatible; UptimeRobot/2.0; http://www.uptimerobot.com/)"
69.162.124.227 - - [17/Oct/2019:01:48:02 +0200] "HEAD / HTTP/1.1" 200 3294 "http://s.map5.nl" "Mozilla/5.0+(compatible; UptimeRobot/2.0; http://www.uptimerobot.com/)"
69.162.124.227 - - [17/Oct/2019:01:53:02 +0200] "HEAD / HTTP/1.1" 200 3294 "http://s.map5.nl" "Mozilla/5.0+(compatible; UptimeRobot/2.0; http://www.uptimerobot.com/)"
46.229.168.141 - - [17/Oct/2019:01:53:24 +0200] "GET /support.html HTTP/1.1" 200 6871 "-" "Mozilla/5.0 (compatible; SemrushBot/6~bl; +http://www.semrush.com/bot.html)"
94.130.57.149 - - [17/Oct/2019:01:56:32 +0200] "GET / HTTP/1.1" 200 7320 "-" "python-requests/2.22.0"
69.162.124.227 - - [17/Oct/2019:01:58:02 +0200] "HEAD / HTTP/1.1" 200 3294 "http://s.map5.nl" "Mozilla/5.0+(compatible; UptimeRobot/2.0; http://www.uptimerobot.com/)"
69.162.124.227 - - [17/Oct/2019:02:03:02 +0200] "HEAD / HTTP/1.1" 200 3294 "http://s.map5.nl" "Mozilla/5.0+(compatible; UptimeRobot/2.0; http://www.uptimerobot.com/)"
69.162.124.227 - - [17/Oct/2019:02:08:02 +0200] "HEAD / HTTP/1.1" 200 3294 "http://s.map5.nl" "Mozilla/5.0+(compatible; UptimeRobot/2.0; http://www.uptimerobot.com/)"
69.162.124.227 - - [17/Oct/2019:02:13:02 +0200] "HEAD / HTTP/1.1" 200 3294 "http://s.map5.nl" "Mozilla/5.0+(compatible; UptimeRobot/2.0; http://www.uptimerobot.com/)"
94.130.57.149 - - [17/Oct/2019:02:16:32 +0200] "GET / HTTP/1.1" 200 7320 "-" "python-requests/2.22.0"
69.162.124.227 - - [17/Oct/2019:02:18:02 +0200] "HEAD / HTTP/1.1" 200 3294 "http://s.map5.nl" "Mozilla/5.0+(compatible; UptimeRobot/2.0; http://www.uptimerobot.com/)"
69.162.124.227 - - [17/Oct/2019:02:23:02 +0200] "HEAD / HTTP/1.1" 200 3294 "http://s.map5.nl" "Mozilla/5.0+(compatible; UptimeRobot/2.0; http://www.uptimerobot.com/)"
69.162.124.227 - - [17/Oct/2019:02:28:02 +0200] "HEAD / HTTP/1.1" 200 3294 "http://s.map5.nl" "Mozilla/5.0+(compatible; UptimeRobot/2.0; http://www.uptimerobot.com/)"
38.145.98.151 - - [17/Oct/2019:02:29:09 +0200] "GET / HTTP/1.1" 200 7090 "-" "Mozilla/5.0 (Macintosh; Intel Mac OS X 10_12_5) AppleWebKit/537.36 (KHTML, like Gecko) Chrome/58.0.3029.110 Safari/537.36"
69.162.124.227 - - [17/Oct/2019:02:33:02 +0200] "HEAD / HTTP/1.1" 200 3294 "http://s.map5.nl" "Mozilla/5.0+(compatible; UptimeRobot/2.0; http://www.uptimerobot.com/)"
94.130.57.149 - - [17/Oct/2019:02:36:32 +0200] "GET / HTTP/1.1" 200 7320 "-" "python-requests/2.22.0"
123.125.71.49 - - [17/Oct/2019:02:36:47 +0200] "GET / HTTP/1.1" 200 21649 "-" "Mozilla/5.0 (compatible; Baiduspider/2.0; +http://www.baidu.com/search/spider.html)"
69.162.124.227 - - [17/Oct/2019:02:38:02 +0200] "HEAD / HTTP/1.1" 200 3294 "http://s.map5.nl" "Mozilla/5.0+(compatible; UptimeRobot/2.0; http://www.uptimerobot.com/)"
69.162.124.227 - - [17/Oct/2019:02:43:02 +0200] "HEAD / HTTP/1.1" 200 3294 "http://s.map5.nl" "Mozilla/5.0+(compatible; UptimeRobot/2.0; http://www.uptimerobot.com/)"
69.162.124.227 - - [17/Oct/2019:02:48:02 +0200] "HEAD / HTTP/1.1" 200 3294 "http://s.map5.nl" "Mozilla/5.0+(compatible; UptimeRobot/2.0; http://www.uptimerobot.com/)"
69.162.124.227 - - [17/Oct/2019:02:53:02 +0200] "HEAD / HTTP/1.1" 200 3294 "http://s.map5.nl" "Mozilla/5.0+(compatible; UptimeRobot/2.0; http://www.uptimerobot.com/)"
54.154.62.28 - - [17/Oct/2019:02:53:34 +0200] "GET / HTTP/1.1" 200 7320 "-" "Mozilla/5.0 (Macintosh; Intel Mac OS X 10_14_5) AppleWebKit/537.36 (KHTML, like Gecko) Chrome/75.0.3770.142 Safari/537.36"
94.130.57.149 - - [17/Oct/2019:02:56:32 +0200] "GET / HTTP/1.1" 200 7320 "-" "python-requests/2.22.0"
69.162.124.227 - - [17/Oct/2019:02:58:02 +0200] "HEAD / HTTP/1.1" 200 3294 "http://s.map5.nl" "Mozilla/5.0+(compatible; UptimeRobot/2.0; http://www.uptimerobot.com/)"
69.162.124.227 - - [17/Oct/2019:03:03:02 +0200] "HEAD / HTTP/1.1" 200 3294 "http://s.map5.nl" "Mozilla/5.0+(compatible; UptimeRobot/2.0; http://www.uptimerobot.com/)"
69.162.124.227 - - [17/Oct/2019:03:08:02 +0200] "HEAD / HTTP/1.1" 200 3294 "http://s.map5.nl" "Mozilla/5.0+(compatible; UptimeRobot/2.0; http://www.uptimerobot.com/)"
66.249.79.32 - - [17/Oct/2019:03:11:22 +0200] "GET /kaarten.html HTTP/1.1" 200 10840 "-" "Mozilla/5.0 (compatible; Googlebot/2.1; +http://www.google.com/bot.html)"
69.162.124.227 - - [17/Oct/2019:03:13:02 +0200] "HEAD / HTTP/1.1" 200 3294 "http://s.map5.nl" "Mozilla/5.0+(compatible; UptimeRobot/2.0; http://www.uptimerobot.com/)"
94.130.57.149 - - [17/Oct/2019:03:16:32 +0200] "GET / HTTP/1.1" 200 7320 "-" "python-requests/2.22.0"
69.162.124.227 - - [17/Oct/2019:03:18:01 +0200] "HEAD / HTTP/1.1" 200 3294 "http://s.map5.nl" "Mozilla/5.0+(compatible; UptimeRobot/2.0; http://www.uptimerobot.com/)"
83.233.207.74 - - [17/Oct/2019:03:19:14 +0200] "GET / HTTP/1.1" 200 22142 "-" "Mozilla/4.0 (CMS Crawler: http://www.cmscrawler.com)"
83.233.207.74 - - [17/Oct/2019:03:19:14 +0200] "GET / HTTP/1.1" 200 18334 "-" "Mozilla/4.0 (CMS Crawler: http://www.cmscrawler.com)"
69.162.124.227 - - [17/Oct/2019:03:23:01 +0200] "HEAD / HTTP/1.1" 200 3294 "http://s.map5.nl" "Mozilla/5.0+(compatible; UptimeRobot/2.0; http://www.uptimerobot.com/)"
69.162.124.227 - - [17/Oct/2019:03:28:01 +0200] "HEAD / HTTP/1.1" 200 3294 "http://s.map5.nl" "Mozilla/5.0+(compatible; UptimeRobot/2.0; http://www.uptimerobot.com/)"
69.162.124.227 - - [17/Oct/2019:03:33:01 +0200] "HEAD / HTTP/1.1" 200 3294 "http://s.map5.nl" "Mozilla/5.0+(compatible; UptimeRobot/2.0; http://www.uptimerobot.com/)"
94.130.57.149 - - [17/Oct/2019:03:36:32 +0200] "GET / HTTP/1.1" 200 7320 "-" "python-requests/2.22.0"
69.162.124.227 - - [17/Oct/2019:03:38:02 +0200] "HEAD / HTTP/1.1" 200 3294 "http://s.map5.nl" "Mozilla/5.0+(compatible; UptimeRobot/2.0; http://www.uptimerobot.com/)"
69.162.124.227 - - [17/Oct/2019:03:43:01 +0200] "HEAD / HTTP/1.1" 200 3294 "http://s.map5.nl" "Mozilla/5.0+(compatible; UptimeRobot/2.0; http://www.uptimerobot.com/)"
69.162.124.227 - - [17/Oct/2019:03:48:01 +0200] "HEAD / HTTP/1.1" 200 3294 "http://s.map5.nl" "Mozilla/5.0+(compatible; UptimeRobot/2.0; http://www.uptimerobot.com/)"
69.162.124.227 - - [17/Oct/2019:03:53:02 +0200] "HEAD / HTTP/1.1" 200 3294 "http://s.map5.nl" "Mozilla/5.0+(compatible; UptimeRobot/2.0; http://www.uptimerobot.com/)"
94.130.57.149 - - [17/Oct/2019:03:56:32 +0200] "GET / HTTP/1.1" 200 7320 "-" "python-requests/2.22.0"
69.162.124.227 - - [17/Oct/2019:03:58:01 +0200] "HEAD / HTTP/1.1" 200 3294 "http://s.map5.nl" "Mozilla/5.0+(compatible; UptimeRobot/2.0; http://www.uptimerobot.com/)"
69.162.124.227 - - [17/Oct/2019:04:03:01 +0200] "HEAD / HTTP/1.1" 200 3294 "http://s.map5.nl" "Mozilla/5.0+(compatible; UptimeRobot/2.0; http://www.uptimerobot.com/)"
69.162.124.227 - - [17/Oct/2019:04:08:01 +0200] "HEAD / HTTP/1.1" 200 3294 "http://s.map5.nl" "Mozilla/5.0+(compatible; UptimeRobot/2.0; http://www.uptimerobot.com/)"
69.162.124.227 - - [17/Oct/2019:04:13:01 +0200] "HEAD / HTTP/1.1" 200 3294 "http://s.map5.nl" "Mozilla/5.0+(compatible; UptimeRobot/2.0; http://www.uptimerobot.com/)"
94.130.57.149 - - [17/Oct/2019:04:16:32 +0200] "GET / HTTP/1.1" 200 7320 "-" "python-requests/2.22.0"
69.162.124.227 - - [17/Oct/2019:04:18:01 +0200] "HEAD / HTTP/1.1" 200 3294 "http://s.map5.nl" "Mozilla/5.0+(compatible; UptimeRobot/2.0; http://www.uptimerobot.com/)"
69.162.124.227 - - [17/Oct/2019:04:23:01 +0200] "HEAD / HTTP/1.1" 200 3294 "http://s.map5.nl" "Mozilla/5.0+(compatible; UptimeRobot/2.0; http://www.uptimerobot.com/)"
69.162.124.227 - - [17/Oct/2019:04:28:01 +0200] "HEAD / HTTP/1.1" 200 3294 "http://s.map5.nl" "Mozilla/5.0+(compatible; UptimeRobot/2.0; http://www.uptimerobot.com/)"
69.162.124.227 - - [17/Oct/2019:04:33:01 +0200] "HEAD / HTTP/1.1" 200 3294 "http://s.map5.nl" "Mozilla/5.0+(compatible; UptimeRobot/2.0; http://www.uptimerobot.com/)"
42.236.10.121 - - [17/Oct/2019:04:34:38 +0200] "GET / HTTP/1.1" 200 7146 "https://www.map5.nl/" "Mozilla/5.0 (Windows NT 6.1; WOW64) AppleWebKit/537.36 (KHTML, like Gecko) Chrome/50.0.2661.102 Safari/537.36; 360Spider"
94.130.57.149 - - [17/Oct/2019:04:36:32 +0200] "GET / HTTP/1.1" 200 7320 "-" "python-requests/2.22.0"
42.236.10.76 - - [17/Oct/2019:04:36:38 +0200] "GET / HTTP/1.1" 200 7146 "https://map5.nl/" "Mozilla/5.0 (Windows NT 6.1; WOW64) AppleWebKit/537.36 (KHTML, like Gecko) Chrome/50.0.2661.102 Safari/537.36; 360Spider"
69.162.124.227 - - [17/Oct/2019:04:38:01 +0200] "HEAD / HTTP/1.1" 200 3294 "http://s.map5.nl" "Mozilla/5.0+(compatible; UptimeRobot/2.0; http://www.uptimerobot.com/)"
