80.101.238.23 - - [16/Oct/2019:08:16:42 +0200] "GET /kaarten.html HTTP/1.1" 200 10824 "https://www.google.com/" "Mozilla/5.0 (Windows NT 6.1; Win64; x64) AppleWebKit/537.36 (KHTML, like Gecko) Chrome/77.0.3865.120 Safari/537.36"
80.101.238.23 - - [16/Oct/2019:08:16:42 +0200] "GET /css/bootstrap.min.css HTTP/1.1" 200 19766 "https://map5.nl/kaarten.html" "Mozilla/5.0 (Windows NT 6.1; Win64; x64) AppleWebKit/537.36 (KHTML, like Gecko) Chrome/77.0.3865.120 Safari/537.36"
80.101.238.23 - - [16/Oct/2019:08:16:42 +0200] "GET /css/modern-business.css HTTP/1.1" 200 1239 "https://map5.nl/kaarten.html" "Mozilla/5.0 (Windows NT 6.1; Win64; x64) AppleWebKit/537.36 (KHTML, like Gecko) Chrome/77.0.3865.120 Safari/537.36"
80.101.238.23 - - [16/Oct/2019:08:16:42 +0200] "GET /font-awesome/css/font-awesome.min.css HTTP/1.1" 200 5672 "https://map5.nl/kaarten.html" "Mozilla/5.0 (Windows NT 6.1; Win64; x64) AppleWebKit/537.36 (KHTML, like Gecko) Chrome/77.0.3865.120 Safari/537.36"
80.101.238.23 - - [16/Oct/2019:08:16:42 +0200] "GET /media/map5-logo.png HTTP/1.1" 200 3937 "https://map5.nl/kaarten.html" "Mozilla/5.0 (Windows NT 6.1; Win64; x64) AppleWebKit/537.36 (KHTML, like Gecko) Chrome/77.0.3865.120 Safari/537.36"
80.101.238.23 - - [16/Oct/2019:08:16:42 +0200] "GET /lib/leaflet-0.7.7/leaflet.css HTTP/1.1" 200 3081 "https://map5.nl/kaarten.html" "Mozilla/5.0 (Windows NT 6.1; Win64; x64) AppleWebKit/537.36 (KHTML, like Gecko) Chrome/77.0.3865.120 Safari/537.36"
80.101.238.23 - - [16/Oct/2019:08:16:42 +0200] "GET /js/jquery.js HTTP/1.1" 200 33986 "https://map5.nl/kaarten.html" "Mozilla/5.0 (Windows NT 6.1; Win64; x64) AppleWebKit/537.36 (KHTML, like Gecko) Chrome/77.0.3865.120 Safari/537.36"
80.101.238.23 - - [16/Oct/2019:08:16:42 +0200] "GET /js/bootstrap.min.js HTTP/1.1" 200 9938 "https://map5.nl/kaarten.html" "Mozilla/5.0 (Windows NT 6.1; Win64; x64) AppleWebKit/537.36 (KHTML, like Gecko) Chrome/77.0.3865.120 Safari/537.36"
80.101.238.23 - - [16/Oct/2019:08:16:42 +0200] "GET /lib/leaflet-0.7.7/leaflet.js HTTP/1.1" 200 34162 "https://map5.nl/kaarten.html" "Mozilla/5.0 (Windows NT 6.1; Win64; x64) AppleWebKit/537.36 (KHTML, like Gecko) Chrome/77.0.3865.120 Safari/537.36"
80.101.238.23 - - [16/Oct/2019:08:16:42 +0200] "GET /media/brtbgt.jpg HTTP/1.1" 200 70160 "https://map5.nl/kaarten.html" "Mozilla/5.0 (Windows NT 6.1; Win64; x64) AppleWebKit/537.36 (KHTML, like Gecko) Chrome/77.0.3865.120 Safari/537.36"
80.101.238.23 - - [16/Oct/2019:08:16:44 +0200] "GET /favicon.ico HTTP/1.1" 200 1543 "https://map5.nl/kaarten.html" "Mozilla/5.0 (Windows NT 6.1; Win64; x64) AppleWebKit/537.36 (KHTML, like Gecko) Chrome/77.0.3865.120 Safari/537.36"
66.249.79.42 - - [16/Oct/2019:08:52:23 +0200] "GET /robots.txt HTTP/1.1" 404 5434 "-" "Mozilla/5.0 (compatible; Googlebot/2.1; +http://www.google.com/bot.html)"
66.249.79.42 - - [16/Oct/2019:08:52:23 +0200] "GET / HTTP/1.1" 200 4025 "-" "Mozilla/5.0 (compatible; Googlebot/2.1; +http://www.google.com/bot.html)"
92.67.233.170 - - [16/Oct/2019:09:09:59 +0200] "GET / HTTP/1.1" 200 8858 "https://www.google.com/" "Mozilla/5.0 (Windows NT 6.1; Win64; x64) AppleWebKit/537.36 (KHTML, like Gecko) Chrome/75.0.3770.142 Safari/537.36"
92.67.233.170 - - [16/Oct/2019:09:09:59 +0200] "GET /css/modern-business.css HTTP/1.1" 200 5930 "https://map5.nl/" "Mozilla/5.0 (Windows NT 6.1; Win64; x64) AppleWebKit/537.36 (KHTML, like Gecko) Chrome/75.0.3770.142 Safari/537.36"
92.67.233.170 - - [16/Oct/2019:09:09:59 +0200] "GET /css/bootstrap.min.css HTTP/1.1" 200 19766 "https://map5.nl/" "Mozilla/5.0 (Windows NT 6.1; Win64; x64) AppleWebKit/537.36 (KHTML, like Gecko) Chrome/75.0.3770.142 Safari/537.36"
92.67.233.170 - - [16/Oct/2019:09:09:59 +0200] "GET /font-awesome/css/font-awesome.min.css HTTP/1.1" 200 5530 "https://map5.nl/" "Mozilla/5.0 (Windows NT 6.1; Win64; x64) AppleWebKit/537.36 (KHTML, like Gecko) Chrome/75.0.3770.142 Safari/537.36"
92.67.233.170 - - [16/Oct/2019:09:09:59 +0200] "GET /media/map5-logo.png HTTP/1.1" 200 8628 "https://map5.nl/" "Mozilla/5.0 (Windows NT 6.1; Win64; x64) AppleWebKit/537.36 (KHTML, like Gecko) Chrome/75.0.3770.142 Safari/537.36"
92.67.233.170 - - [16/Oct/2019:09:09:59 +0200] "GET /media/map5-slogan.png HTTP/1.1" 200 14366 "https://map5.nl/" "Mozilla/5.0 (Windows NT 6.1; Win64; x64) AppleWebKit/537.36 (KHTML, like Gecko) Chrome/75.0.3770.142 Safari/537.36"
92.67.233.170 - - [16/Oct/2019:09:09:59 +0200] "GET /media/nltopo-3phones-s.jpg HTTP/1.1" 200 9841 "https://map5.nl/" "Mozilla/5.0 (Windows NT 6.1; Win64; x64) AppleWebKit/537.36 (KHTML, like Gecko) Chrome/75.0.3770.142 Safari/537.36"
92.67.233.170 - - [16/Oct/2019:09:09:59 +0200] "GET /js/jquery.js HTTP/1.1" 200 38677 "https://map5.nl/" "Mozilla/5.0 (Windows NT 6.1; Win64; x64) AppleWebKit/537.36 (KHTML, like Gecko) Chrome/75.0.3770.142 Safari/537.36"
92.67.233.170 - - [16/Oct/2019:09:09:59 +0200] "GET /js/bootstrap.min.js HTTP/1.1" 200 9938 "https://map5.nl/" "Mozilla/5.0 (Windows NT 6.1; Win64; x64) AppleWebKit/537.36 (KHTML, like Gecko) Chrome/75.0.3770.142 Safari/537.36"
92.67.233.170 - - [16/Oct/2019:09:09:59 +0200] "GET /media/map5-samples.jpg HTTP/1.1" 200 169059 "https://map5.nl/" "Mozilla/5.0 (Windows NT 6.1; Win64; x64) AppleWebKit/537.36 (KHTML, like Gecko) Chrome/75.0.3770.142 Safari/537.36"
46.229.168.133 - - [16/Oct/2019:09:10:49 +0200] "GET /robots.txt HTTP/1.1" 404 3839 "-" "Mozilla/5.0 (compatible; SemrushBot/6~bl; +http://www.semrush.com/bot.html)"
92.67.233.170 - - [16/Oct/2019:09:10:52 +0200] "GET /favicon.ico HTTP/1.1" 200 6376 "https://map5.nl/" "Mozilla/5.0 (Windows NT 6.1; Win64; x64) AppleWebKit/537.36 (KHTML, like Gecko) Chrome/75.0.3770.142 Safari/537.36"
46.229.168.149 - - [16/Oct/2019:09:10:54 +0200] "GET / HTTP/1.1" 200 7283 "-" "Mozilla/5.0 (compatible; SemrushBot/6~bl; +http://www.semrush.com/bot.html)"
92.67.233.170 - - [16/Oct/2019:09:13:13 +0200] "GET /koppelvlakken.html HTTP/1.1" 200 9706 "https://www.google.com/" "Mozilla/5.0 (Windows NT 6.1; Win64; x64) AppleWebKit/537.36 (KHTML, like Gecko) Chrome/75.0.3770.142 Safari/537.36"
92.67.233.170 - - [16/Oct/2019:09:13:13 +0200] "GET /media/legenda/opentopo-s.png HTTP/1.1" 200 184380 "https://map5.nl/koppelvlakken.html" "Mozilla/5.0 (Windows NT 6.1; Win64; x64) AppleWebKit/537.36 (KHTML, like Gecko) Chrome/75.0.3770.142 Safari/537.36"
92.67.233.170 - - [16/Oct/2019:09:13:13 +0200] "GET /media/legenda/bonnekaart_1920-s.jpg HTTP/1.1" 200 33639 "https://map5.nl/koppelvlakken.html" "Mozilla/5.0 (Windows NT 6.1; Win64; x64) AppleWebKit/537.36 (KHTML, like Gecko) Chrome/75.0.3770.142 Safari/537.36"
992.67.233.170 - - [16/Oct/2019:09:14:30 +0200] "GET /kaarten.html HTTP/1.1" 200 10824 "https://map5.nl/koppelvlakken.html" "Mozilla/5.0 (Windows NT 6.1; Win64; x64) AppleWebKit/537.36 (KHTML, like Gecko) Chrome/75.0.3770.142 Safari/537.36"
92.67.233.170 - - [16/Oct/2019:09:14:30 +0200] "GET /lib/leaflet-0.7.7/leaflet.css HTTP/1.1" 200 2939 "https://map5.nl/kaarten.html" "Mozilla/5.0 (Windows NT 6.1; Win64; x64) AppleWebKit/537.36 (KHTML, like Gecko) Chrome/75.0.3770.142 Safari/537.36"
92.67.233.170 - - [16/Oct/2019:09:14:30 +0200] "GET /lib/leaflet-0.7.7/leaflet.js HTTP/1.1" 200 38995 "https://map5.nl/kaarten.html" "Mozilla/5.0 (Windows NT 6.1; Win64; x64) AppleWebKit/537.36 (KHTML, like Gecko) Chrome/75.0.3770.142 Safari/537.36"
92.67.233.170 - - [16/Oct/2019:09:14:30 +0200] "GET /media/brtbgt.jpg HTTP/1.1" 200 70160 "https://map5.nl/kaarten.html" "Mozilla/5.0 (Windows NT 6.1; Win64; x64) AppleWebKit/537.36 (KHTML, like Gecko) Chrome/75.0.3770.142 Safari/537.36"
178.154.171.13 - - [16/Oct/2019:09:15:57 +0200] "GET /robots.txt HTTP/1.1" 404 3901 "-" "Mozilla/5.0 (compatible; YandexBot/3.0; +http://yandex.com/bots)"
95.108.213.30 - - [16/Oct/2019:09:16:03 +0200] "GET /robots.txt HTTP/1.1" 404 3901 "-" "Mozilla/5.0 (compatible; YandexBot/3.0; +http://yandex.com/bots)"
37.9.113.163 - - [16/Oct/2019:09:16:06 +0200] "GET / HTTP/1.1" 200 7341 "-" "Mozilla/5.0 (compatible; YandexBot/3.0; +http://yandex.com/bots)"
94.130.57.149 - - [16/Oct/2019:09:16:32 +0200] "GET / HTTP/1.1" 200 7320 "-" "python-requests/2.22.0"
123.125.71.49 - - [16/Oct/2019:09:35:24 +0200] "GET / HTTP/1.1" 200 21649 "-" "Mozilla/5.0 (compatible; Baiduspider/2.0; +http://www.baidu.com/search/spider.html)"
94.130.57.149 - - [16/Oct/2019:09:36:32 +0200] "GET / HTTP/1.1" 200 7320 "-" "python-requests/2.22.0"
94.130.57.149 - - [16/Oct/2019:09:56:32 +0200] "GET / HTTP/1.1" 200 7320 "-" "python-requests/2.22.0"
77.173.249.99 - - [16/Oct/2019:10:13:12 +0200] "GET /media/legenda/bonnekaart_1920.jpg HTTP/1.1" 200 481593 "https://www.google.com/" "Mozilla/5.0 (Windows NT 10.0; Win64; x64) AppleWebKit/537.36 (KHTML, like Gecko) Chrome/77.0.3865.120 Safari/537.36"
77.173.249.99 - - [16/Oct/2019:10:13:14 +0200] "GET /koppelvlakken.html HTTP/1.1" 200 4873 "https://www.google.com/" "Mozilla/5.0 (Windows NT 10.0; Win64; x64) AppleWebKit/537.36 (KHTML, like Gecko) Chrome/77.0.3865.120 Safari/537.36"
77.173.249.99 - - [16/Oct/2019:10:13:14 +0200] "GET /css/bootstrap.min.css HTTP/1.1" 200 19766 "https://map5.nl/koppelvlakken.html" "Mozilla/5.0 (Windows NT 10.0; Win64; x64) AppleWebKit/537.36 (KHTML, like Gecko) Chrome/77.0.3865.120 Safari/537.36"
77.173.249.99 - - [16/Oct/2019:10:13:14 +0200] "GET /css/modern-business.css HTTP/1.1" 200 1239 "https://map5.nl/koppelvlakken.html" "Mozilla/5.0 (Windows NT 10.0; Win64; x64) AppleWebKit/537.36 (KHTML, like Gecko) Chrome/77.0.3865.120 Safari/537.36"
77.173.249.99 - - [16/Oct/2019:10:13:14 +0200] "GET /media/map5-logo.png HTTP/1.1" 200 3937 "https://map5.nl/koppelvlakken.html" "Mozilla/5.0 (Windows NT 10.0; Win64; x64) AppleWebKit/537.36 (KHTML, like Gecko) Chrome/77.0.3865.120 Safari/537.36"
77.173.249.99 - - [16/Oct/2019:10:13:14 +0200] "GET /font-awesome/css/font-awesome.min.css HTTP/1.1" 200 5672 "https://map5.nl/koppelvlakken.html" "Mozilla/5.0 (Windows NT 10.0; Win64; x64) AppleWebKit/537.36 (KHTML, like Gecko) Chrome/77.0.3865.120 Safari/537.36"
77.173.249.99 - - [16/Oct/2019:10:13:14 +0200] "GET /media/legenda/opentopo-s.png HTTP/1.1" 200 184522 "https://map5.nl/koppelvlakken.html" "Mozilla/5.0 (Windows NT 10.0; Win64; x64) AppleWebKit/537.36 (KHTML, like Gecko) Chrome/77.0.3865.120 Safari/537.36"
77.173.249.99 - - [16/Oct/2019:10:13:14 +0200] "GET /media/legenda/bonnekaart_1920-s.jpg HTTP/1.1" 200 28806 "https://map5.nl/koppelvlakken.html" "Mozilla/5.0 (Windows NT 10.0; Win64; x64) AppleWebKit/537.36 (KHTML, like Gecko) Chrome/77.0.3865.120 Safari/537.36"
77.173.249.99 - - [16/Oct/2019:10:13:14 +0200] "GET /js/bootstrap.min.js HTTP/1.1" 200 9938 "https://map5.nl/koppelvlakken.html" "Mozilla/5.0 (Windows NT 10.0; Win64; x64) AppleWebKit/537.36 (KHTML, like Gecko) Chrome/77.0.3865.120 Safari/537.36"
77.173.249.99 - - [16/Oct/2019:10:13:14 +0200] "GET /js/jquery.js HTTP/1.1" 200 33844 "https://map5.nl/koppelvlakken.html" "Mozilla/5.0 (Windows NT 10.0; Win64; x64) AppleWebKit/537.36 (KHTML, like Gecko) Chrome/77.0.3865.120 Safari/537.36"
77.173.249.99 - - [16/Oct/2019:10:13:15 +0200] "GET /favicon.ico HTTP/1.1" 200 1543 "https://map5.nl/koppelvlakken.html" "Mozilla/5.0 (Windows NT 10.0; Win64; x64) AppleWebKit/537.36 (KHTML, like Gecko) Chrome/77.0.3865.120 Safari/537.36"
91.218.224.5 - - [16/Oct/2019:10:14:15 +0200] "GET / HTTP/1.1" 200 21505 "-" "Apache-HttpClient/4.5.7 (Java/1.8.0_222)"
91.218.224.5 - - [16/Oct/2019:10:14:16 +0200] "GET / HTTP/1.1" 200 21505 "-" "Apache-HttpClient/4.5.7 (Java/1.8.0_222)"
94.130.57.149 - - [16/Oct/2019:10:16:32 +0200] "GET / HTTP/1.1" 200 7320 "-" "python-requests/2.22.0"
103.131.71.32 - - [16/Oct/2019:10:16:42 +0200] "GET /robots.txt HTTP/1.1" 404 3660 "-" "Mozilla/5.0 (compatible; coccocbot-image/1.0; +http://help.coccoc.com/searchengine)"
94.130.57.149 - - [16/Oct/2019:10:36:32 +0200] "GET / HTTP/1.1" 200 7320 "-" "python-requests/2.22.0"
91.218.226.5 - - [16/Oct/2019:10:49:14 +0200] "GET / HTTP/1.1" 200 8874 "-" "Mozilla/5.0 (Macintosh; Intel Mac OS X 10_14_6) AppleWebKit/537.36 (KHTML, like Gecko) Chrome/77.0.3865.120 Safari/537.36"
91.218.226.5 - - [16/Oct/2019:10:49:14 +0200] "GET /css/bootstrap.min.css HTTP/1.1" 200 19766 "https://www.map5.nl/" "Mozilla/5.0 (Macintosh; Intel Mac OS X 10_14_6) AppleWebKit/537.36 (KHTML, like Gecko) Chrome/77.0.3865.120 Safari/537.36"
91.218.226.5 - - [16/Oct/2019:10:49:14 +0200] "GET /css/modern-business.css HTTP/1.1" 200 1239 "https://www.map5.nl/" "Mozilla/5.0 (Macintosh; Intel Mac OS X 10_14_6) AppleWebKit/537.36 (KHTML, like Gecko) Chrome/77.0.3865.120 Safari/537.36"
91.218.226.5 - - [16/Oct/2019:10:49:14 +0200] "GET /font-awesome/css/font-awesome.min.css HTTP/1.1" 200 5672 "https://www.map5.nl/" "Mozilla/5.0 (Macintosh; Intel Mac OS X 10_14_6) AppleWebKit/537.36 (KHTML, like Gecko) Chrome/77.0.3865.120 Safari/537.36"
91.218.226.5 - - [16/Oct/2019:10:49:14 +0200] "GET /media/map5-logo.png HTTP/1.1" 200 3937 "https://www.map5.nl/" "Mozilla/5.0 (Macintosh; Intel Mac OS X 10_14_6) AppleWebKit/537.36 (KHTML, like Gecko) Chrome/77.0.3865.120 Safari/537.36"
91.218.226.5 - - [16/Oct/2019:10:49:14 +0200] "GET /media/map5-slogan.png HTTP/1.1" 200 9675 "https://www.map5.nl/" "Mozilla/5.0 (Macintosh; Intel Mac OS X 10_14_6) AppleWebKit/537.36 (KHTML, like Gecko) Chrome/77.0.3865.120 Safari/537.36"
91.218.226.5 - - [16/Oct/2019:10:49:14 +0200] "GET /js/jquery.js HTTP/1.1" 200 33844 "https://www.map5.nl/" "Mozilla/5.0 (Macintosh; Intel Mac OS X 10_14_6) AppleWebKit/537.36 (KHTML, like Gecko) Chrome/77.0.3865.120 Safari/537.36"
91.218.226.5 - - [16/Oct/2019:10:49:14 +0200] "GET /js/bootstrap.min.js HTTP/1.1" 200 9938 "https://www.map5.nl/" "Mozilla/5.0 (Macintosh; Intel Mac OS X 10_14_6) AppleWebKit/537.36 (KHTML, like Gecko) Chrome/77.0.3865.120 Safari/537.36"
91.218.226.5 - - [16/Oct/2019:10:49:14 +0200] "GET /media/nltopo-3phones-s.jpg HTTP/1.1" 200 9841 "https://www.map5.nl/" "Mozilla/5.0 (Macintosh; Intel Mac OS X 10_14_6) AppleWebKit/537.36 (KHTML, like Gecko) Chrome/77.0.3865.120 Safari/537.36"
91.218.226.5 - - [16/Oct/2019:10:49:14 +0200] "GET /media/map5-samples.jpg HTTP/1.1" 200 164226 "https://www.map5.nl/" "Mozilla/5.0 (Macintosh; Intel Mac OS X 10_14_6) AppleWebKit/537.36 (KHTML, like Gecko) Chrome/77.0.3865.120 Safari/537.36"
91.218.226.5 - - [16/Oct/2019:10:49:18 +0200] "GET /favicon.ico HTTP/1.1" 200 1543 "https://www.map5.nl/" "Mozilla/5.0 (Macintosh; Intel Mac OS X 10_14_6) AppleWebKit/537.36 (KHTML, like Gecko) Chrome/77.0.3865.120 Safari/537.36"
94.130.57.149 - - [16/Oct/2019:10:56:32 +0200] "GET / HTTP/1.1" 200 7320 "-" "python-requests/2.22.0"
94.130.57.149 - - [16/Oct/2019:11:16:32 +0200] "GET / HTTP/1.1" 200 7320 "-" "python-requests/2.22.0"
46.229.168.131 - - [16/Oct/2019:11:22:50 +0200] "GET /robots.txt HTTP/1.1" 404 3859 "-" "Mozilla/5.0 (compatible; SemrushBot/6~bl; +http://www.semrush.com/bot.html)"
46.229.168.137 - - [16/Oct/2019:11:22:51 +0200] "GET /aanvragen.html HTTP/1.1" 200 5140 "-" "Mozilla/5.0 (compatible; SemrushBot/6~bl; +http://www.semrush.com/bot.html)"
46.229.168.145 - - [16/Oct/2019:11:22:54 +0200] "GET /sitemap.xml HTTP/1.1" 404 3860 "-" "Mozilla/5.0 (compatible; SemrushBot/6~bl; +http://www.semrush.com/bot.html)"
86.95.87.198 - - [16/Oct/2019:11:23:11 +0200] "GET / HTTP/1.1" 200 8679 "-" "Mozilla/5.0 (Macintosh; Intel Mac OS X 10_15) AppleWebKit/605.1.15 (KHTML, like Gecko) Version/13.0.2 Safari/605.1.15"
86.95.87.198 - - [16/Oct/2019:11:23:11 +0200] "GET /css/bootstrap.min.css HTTP/1.1" 200 19766 "https://www.map5.nl/" "Mozilla/5.0 (Macintosh; Intel Mac OS X 10_15) AppleWebKit/605.1.15 (KHTML, like Gecko) Version/13.0.2 Safari/605.1.15"
86.95.87.198 - - [16/Oct/2019:11:23:11 +0200] "GET /css/modern-business.css HTTP/1.1" 200 1239 "https://www.map5.nl/" "Mozilla/5.0 (Macintosh; Intel Mac OS X 10_15) AppleWebKit/605.1.15 (KHTML, like Gecko) Version/13.0.2 Safari/605.1.15"
86.95.87.198 - - [16/Oct/2019:11:23:11 +0200] "GET /js/jquery.js HTTP/1.1" 200 33844 "https://www.map5.nl/" "Mozilla/5.0 (Macintosh; Intel Mac OS X 10_15) AppleWebKit/605.1.15 (KHTML, like Gecko) Version/13.0.2 Safari/605.1.15"
86.95.87.198 - - [16/Oct/2019:11:23:11 +0200] "GET /js/bootstrap.min.js HTTP/1.1" 200 9938 "https://www.map5.nl/" "Mozilla/5.0 (Macintosh; Intel Mac OS X 10_15) AppleWebKit/605.1.15 (KHTML, like Gecko) Version/13.0.2 Safari/605.1.15"
86.95.87.198 - - [16/Oct/2019:11:23:11 +0200] "GET /font-awesome/css/font-awesome.min.css HTTP/1.1" 200 10184 "https://www.map5.nl/" "Mozilla/5.0 (Macintosh; Intel Mac OS X 10_15) AppleWebKit/605.1.15 (KHTML, like Gecko) Version/13.0.2 Safari/605.1.15"
86.95.87.198 - - [16/Oct/2019:11:23:11 +0200] "GET /media/map5-logo.png HTTP/1.1" 200 8449 "https://www.map5.nl/" "Mozilla/5.0 (Macintosh; Intel Mac OS X 10_15) AppleWebKit/605.1.15 (KHTML, like Gecko) Version/13.0.2 Safari/605.1.15"
86.95.87.198 - - [16/Oct/2019:11:23:11 +0200] "GET /media/map5-slogan.png HTTP/1.1" 200 14187 "https://www.map5.nl/" "Mozilla/5.0 (Macintosh; Intel Mac OS X 10_15) AppleWebKit/605.1.15 (KHTML, like Gecko) Version/13.0.2 Safari/605.1.15"
86.95.87.198 - - [16/Oct/2019:11:23:11 +0200] "GET /media/nltopo-3phones-s.jpg HTTP/1.1" 200 14495 "https://www.map5.nl/" "Mozilla/5.0 (Macintosh; Intel Mac OS X 10_15) AppleWebKit/605.1.15 (KHTML, like Gecko) Version/13.0.2 Safari/605.1.15"
86.95.87.198 - - [16/Oct/2019:11:23:11 +0200] "GET /media/map5-samples.jpg HTTP/1.1" 200 164226 "https://www.map5.nl/" "Mozilla/5.0 (Macintosh; Intel Mac OS X 10_15) AppleWebKit/605.1.15 (KHTML, like Gecko) Version/13.0.2 Safari/605.1.15"
86.95.87.198 - - [16/Oct/2019:11:23:12 +0200] "GET /favicon.ico HTTP/1.1" 200 6197 "https://www.map5.nl/" "Mozilla/5.0 (Macintosh; Intel Mac OS X 10_15) AppleWebKit/605.1.15 (KHTML, like Gecko) Version/13.0.2 Safari/605.1.15"
86.95.87.198 - - [16/Oct/2019:11:23:30 +0200] "GET /kaarten.html HTTP/1.1" 200 6133 "https://www.map5.nl/" "Mozilla/5.0 (Macintosh; Intel Mac OS X 10_15) AppleWebKit/605.1.15 (KHTML, like Gecko) Version/13.0.2 Safari/605.1.15"
86.95.87.198 - - [16/Oct/2019:11:23:30 +0200] "GET /lib/leaflet-0.7.7/leaflet.css HTTP/1.1" 200 2939 "https://www.map5.nl/kaarten.html" "Mozilla/5.0 (Macintosh; Intel Mac OS X 10_15) AppleWebKit/605.1.15 (KHTML, like Gecko) Version/13.0.2 Safari/605.1.15"
86.95.87.198 - - [16/Oct/2019:11:23:30 +0200] "GET /media/brtbgt.jpg HTTP/1.1" 200 70160 "https://www.map5.nl/kaarten.html" "Mozilla/5.0 (Macintosh; Intel Mac OS X 10_15) AppleWebKit/605.1.15 (KHTML, like Gecko) Version/13.0.2 Safari/605.1.15"
86.95.87.198 - - [16/Oct/2019:11:23:30 +0200] "GET /lib/leaflet-0.7.7/leaflet.js HTTP/1.1" 200 38816 "https://www.map5.nl/kaarten.html" "Mozilla/5.0 (Macintosh; Intel Mac OS X 10_15) AppleWebKit/605.1.15 (KHTML, like Gecko) Version/13.0.2 Safari/605.1.15"
91.218.224.5 - - [16/Oct/2019:11:31:56 +0200] "GET / HTTP/1.1" 200 21505 "-" "Apache-HttpClient/4.5.7 (Java/1.8.0_222)"
91.218.224.5 - - [16/Oct/2019:11:31:57 +0200] "GET / HTTP/1.1" 200 21505 "-" "Apache-HttpClient/4.5.7 (Java/1.8.0_222)"
94.130.57.149 - - [16/Oct/2019:11:36:32 +0200] "GET / HTTP/1.1" 200 7320 "-" "python-requests/2.22.0"
34.252.82.108 - - [16/Oct/2019:11:42:12 +0200] "GET / HTTP/1.1" 200 7320 "-" "Mozilla/5.0 (Macintosh; Intel Mac OS X 10_14_5) AppleWebKit/537.36 (KHTML, like Gecko) Chrome/76.0.3809.100 Safari/537.36"
94.130.57.149 - - [16/Oct/2019:11:56:32 +0200] "GET / HTTP/1.1" 200 7320 "-" "python-requests/2.22.0"
94.130.57.149 - - [16/Oct/2019:12:16:32 +0200] "GET / HTTP/1.1" 200 7320 "-" "python-requests/2.22.0"
94.130.57.149 - - [16/Oct/2019:12:36:32 +0200] "GET / HTTP/1.1" 200 7320 "-" "python-requests/2.22.0"
94.130.57.149 - - [16/Oct/2019:12:56:32 +0200] "GET / HTTP/1.1" 200 7320 "-" "python-requests/2.22.0"
217.169.235.26 - - [16/Oct/2019:13:07:43 +0200] "GET /media/legenda/opentopo.png HTTP/1.1" 200 549882 "https://www.google.com/" "Mozilla/5.0 (Windows NT 10.0; Win64; x64) AppleWebKit/537.36 (KHTML, like Gecko) Chrome/76.0.3809.132 Safari/537.36"
217.169.235.26 - - [16/Oct/2019:13:07:56 +0200] "GET /media/legenda/bonnekaart_1920.jpg HTTP/1.1" 200 476902 "https://www.google.com/" "Mozilla/5.0 (Windows NT 10.0; Win64; x64) AppleWebKit/537.36 (KHTML, like Gecko) Chrome/76.0.3809.132 Safari/537.36"
195.225.103.41 - - [16/Oct/2019:13:12:42 +0200] "GET /kaarten.html HTTP/1.1" 200 10645 "-" "Mozilla/5.0 (Macintosh; Intel Mac OS X 10_14_6) AppleWebKit/605.1.15 (KHTML, like Gecko)"
195.225.103.41 - - [16/Oct/2019:13:12:42 +0200] "GET /apple-touch-icon-precomposed.png HTTP/1.1" 404 5261 "-" "Safari/14608.2.40.1.2 CFNetwork/978.0.7 Darwin/18.7.0 (x86_64)"
195.225.103.41 - - [16/Oct/2019:13:12:42 +0200] "GET /apple-touch-icon.png HTTP/1.1" 404 595 "-" "Safari/14608.2.40.1.2 CFNetwork/978.0.7 Darwin/18.7.0 (x86_64)"
195.225.103.41 - - [16/Oct/2019:13:12:42 +0200] "GET /favicon.ico HTTP/1.1" 200 1543 "-" "Safari/14608.2.40.1.2 CFNetwork/978.0.7 Darwin/18.7.0 (x86_64)"
195.225.103.41 - - [16/Oct/2019:13:12:42 +0200] "GET /kaarten.html HTTP/1.1" 200 5991 "-" "Mozilla/5.0 (iPhone; CPU iPhone OS 12_1_3 like Mac OS X) AppleWebKit/605.1.15 (KHTML, like Gecko) Version/12.0 Mobile/15E148 Safari/604.1"
195.225.103.41 - - [16/Oct/2019:13:12:42 +0200] "GET /apple-touch-icon-precomposed.png HTTP/1.1" 404 607 "-" "Safari/14608.2.40.1.2 CFNetwork/978.0.7 Darwin/18.7.0 (x86_64)"
195.225.103.41 - - [16/Oct/2019:13:12:42 +0200] "GET /apple-touch-icon.png HTTP/1.1" 404 595 "-" "Safari/14608.2.40.1.2 CFNetwork/978.0.7 Darwin/18.7.0 (x86_64)"
195.225.103.41 - - [16/Oct/2019:13:12:42 +0200] "GET /favicon.ico HTTP/1.1" 200 1543 "-" "Safari/14608.2.40.1.2 CFNetwork/978.0.7 Darwin/18.7.0 (x86_64)"
94.130.57.149 - - [16/Oct/2019:13:16:32 +0200] "GET / HTTP/1.1" 200 7320 "-" "python-requests/2.22.0"
66.249.79.42 - - [16/Oct/2019:13:18:49 +0200] "GET / HTTP/1.1" 200 8874 "-" "Mozilla/5.0 (Linux; Android 6.0.1; Nexus 5X Build/MMB29P) AppleWebKit/537.36 (KHTML, like Gecko) Chrome/41.0.2272.96 Mobile Safari/537.36 (compatible; Googlebot/2.1; +http://www.google.com/bot.html)"
103.131.71.153 - - [16/Oct/2019:13:18:58 +0200] "GET /robots.txt HTTP/1.1" 404 3660 "-" "Mozilla/5.0 (compatible; coccocbot-web/1.0; +http://help.coccoc.com/searchengine)"
148.251.232.83 - - [16/Oct/2019:13:20:51 +0200] "GET /media/verwerkersovereenkomst-1.1.pdf HTTP/1.1" 200 87572 "https://www.map5.nl/media/verwerkersovereenkomst-1.1.pdf" "Mozilla/5.0 (Windows NT 10.0; Win64; x64) AppleWebKit/537.36 (KHTML, like Gecko) Chrome/60.0.3112.113 Safari/537.36"
94.130.57.149 - - [16/Oct/2019:13:36:32 +0200] "GET / HTTP/1.1" 200 7320 "-" "python-requests/2.22.0"
66.249.79.110 - - [16/Oct/2019:13:41:01 +0200] "GET /robots.txt HTTP/1.1" 404 5414 "-" "Mozilla/5.0 (compatible; Googlebot/2.1; +http://www.google.com/bot.html)"
66.249.79.110 - - [16/Oct/2019:13:41:01 +0200] "GET / HTTP/1.1" 200 4025 "-" "Mozilla/5.0 (Linux; Android 6.0.1; Nexus 5X Build/MMB29P) AppleWebKit/537.36 (KHTML, like Gecko) Chrome/41.0.2272.96 Mobile Safari/537.36 (compatible; Googlebot/2.1; +http://www.google.com/bot.html)"
81.83.202.253 - - [16/Oct/2019:13:46:46 +0200] "GET /kaarten.html HTTP/1.1" 200 10824 "https://www.google.be/" "Mozilla/5.0 (Windows NT 10.0; Win64; x64; rv:69.0) Gecko/20100101 Firefox/69.0"
81.83.202.253 - - [16/Oct/2019:13:46:46 +0200] "GET /css/bootstrap.min.css HTTP/1.1" 200 19766 "https://map5.nl/kaarten.html" "Mozilla/5.0 (Windows NT 10.0; Win64; x64; rv:69.0) Gecko/20100101 Firefox/69.0"
81.83.202.253 - - [16/Oct/2019:13:46:46 +0200] "GET /css/modern-business.css HTTP/1.1" 200 1239 "https://map5.nl/kaarten.html" "Mozilla/5.0 (Windows NT 10.0; Win64; x64; rv:69.0) Gecko/20100101 Firefox/69.0"
81.83.202.253 - - [16/Oct/2019:13:46:46 +0200] "GET /font-awesome/css/font-awesome.min.css HTTP/1.1" 200 5672 "https://map5.nl/kaarten.html" "Mozilla/5.0 (Windows NT 10.0; Win64; x64; rv:69.0) Gecko/20100101 Firefox/69.0"
81.83.202.253 - - [16/Oct/2019:13:46:46 +0200] "GET /lib/leaflet-0.7.7/leaflet.js HTTP/1.1" 200 34162 "https://map5.nl/kaarten.html" "Mozilla/5.0 (Windows NT 10.0; Win64; x64; rv:69.0) Gecko/20100101 Firefox/69.0"
81.83.202.253 - - [16/Oct/2019:13:46:46 +0200] "GET /lib/leaflet-0.7.7/leaflet.css HTTP/1.1" 200 3081 "https://map5.nl/kaarten.html" "Mozilla/5.0 (Windows NT 10.0; Win64; x64; rv:69.0) Gecko/20100101 Firefox/69.0"
81.83.202.253 - - [16/Oct/2019:13:46:46 +0200] "GET /js/bootstrap.min.js HTTP/1.1" 200 10080 "https://map5.nl/kaarten.html" "Mozilla/5.0 (Windows NT 10.0; Win64; x64; rv:69.0) Gecko/20100101 Firefox/69.0"
81.83.202.253 - - [16/Oct/2019:13:46:46 +0200] "GET /js/jquery.js HTTP/1.1" 200 33986 "https://map5.nl/kaarten.html" "Mozilla/5.0 (Windows NT 10.0; Win64; x64; rv:69.0) Gecko/20100101 Firefox/69.0"
81.83.202.253 - - [16/Oct/2019:13:46:46 +0200] "GET /media/brtbgt.jpg HTTP/1.1" 200 70160 "https://map5.nl/kaarten.html" "Mozilla/5.0 (Windows NT 10.0; Win64; x64; rv:69.0) Gecko/20100101 Firefox/69.0"
81.83.202.253 - - [16/Oct/2019:13:46:46 +0200] "GET /media/map5-logo.png HTTP/1.1" 200 3795 "https://map5.nl/kaarten.html" "Mozilla/5.0 (Windows NT 10.0; Win64; x64; rv:69.0) Gecko/20100101 Firefox/69.0"
81.83.202.253 - - [16/Oct/2019:13:46:48 +0200] "GET /favicon.ico HTTP/1.1" 200 1543 "-" "Mozilla/5.0 (Windows NT 10.0; Win64; x64; rv:69.0) Gecko/20100101 Firefox/69.0"
94.130.57.149 - - [16/Oct/2019:13:56:32 +0200] "GET / HTTP/1.1" 200 7320 "-" "python-requests/2.22.0"
31.13.115.16 - - [16/Oct/2019:13:57:13 +0200] "GET / HTTP/1.1" 206 7132 "-" "facebookexternalhit/1.1 (+http://www.facebook.com/externalhit_uatext.php)"
31.13.115.6 - - [16/Oct/2019:13:57:14 +0200] "GET / HTTP/1.1" 206 7132 "-" "facebookexternalhit/1.1 (+http://www.facebook.com/externalhit_uatext.php)"
173.252.95.42 - - [16/Oct/2019:13:57:17 +0200] "GET /media/map5-logo.png HTTP/1.1" 200 6855 "-" "facebookexternalhit/1.1 (+http://www.facebook.com/externalhit_uatext.php)"
31.13.115.5 - - [16/Oct/2019:13:57:17 +0200] "GET /media/map5-slogan.png HTTP/1.1" 200 12593 "-" "facebookexternalhit/1.1 (+http://www.facebook.com/externalhit_uatext.php)"
173.252.127.23 - - [16/Oct/2019:13:57:17 +0200] "GET /media/map5-logo.png HTTP/1.1" 200 6855 "-" "facebookexternalhit/1.1 (+http://www.facebook.com/externalhit_uatext.php)"
31.13.115.18 - - [16/Oct/2019:13:57:17 +0200] "GET /media/nltopo-3phones-s.jpg HTTP/1.1" 200 12901 "-" "facebookexternalhit/1.1 (+http://www.facebook.com/externalhit_uatext.php)"
66.220.149.1 - - [16/Oct/2019:13:58:01 +0200] "GET /media/map5-logo.png HTTP/1.1" 200 6855 "-" "facebookexternalhit/1.1 (+http://www.facebook.com/externalhit_uatext.php)"
66.249.79.36 - - [16/Oct/2019:13:59:23 +0200] "GET /robots.txt HTTP/1.1" 404 5434 "-" "Mozilla/5.0 (compatible; Googlebot/2.1; +http://www.google.com/bot.html)"
66.249.79.36 - - [16/Oct/2019:13:59:27 +0200] "GET /font-awesome/css/font-awesome.min.css HTTP/1.1" 200 5530 "https://www.map5.nl/" "Mozilla/5.0 (Linux; Android 6.0.1; Nexus 5X Build/MMB29P) AppleWebKit/537.36 (KHTML, like Gecko) Chrome/41.0.2272.96 Mobile Safari/537.36 (compatible; Googlebot/2.1; +http://www.google.com/bot.html)"
66.249.79.36 - - [16/Oct/2019:13:59:28 +0200] "GET /css/modern-business.css HTTP/1.1" 200 1097 "https://www.map5.nl/" "Mozilla/5.0 (Linux; Android 6.0.1; Nexus 5X Build/MMB29P) AppleWebKit/537.36 (KHTML, like Gecko) Chrome/41.0.2272.96 Mobile Safari/537.36 (compatible; Googlebot/2.1; +http://www.google.com/bot.html)"
66.249.79.32 - - [16/Oct/2019:13:59:29 +0200] "GET /js/jquery.js HTTP/1.1" 200 38693 "https://www.map5.nl/" "Mozilla/5.0 (Linux; Android 6.0.1; Nexus 5X Build/MMB29P) AppleWebKit/537.36 (KHTML, like Gecko) Chrome/41.0.2272.96 Mobile Safari/537.36 (compatible; Googlebot/2.1; +http://www.google.com/bot.html)"
66.249.79.32 - - [16/Oct/2019:13:59:29 +0200] "GET /css/bootstrap.min.css HTTP/1.1" 200 19766 "https://www.map5.nl/" "Mozilla/5.0 (Linux; Android 6.0.1; Nexus 5X Build/MMB29P) AppleWebKit/537.36 (KHTML, like Gecko) Chrome/41.0.2272.96 Mobile Safari/537.36 (compatible; Googlebot/2.1; +http://www.google.com/bot.html)"
66.249.79.36 - - [16/Oct/2019:13:59:29 +0200] "GET /js/bootstrap.min.js HTTP/1.1" 200 9938 "https://www.map5.nl/" "Mozilla/5.0 (Linux; Android 6.0.1; Nexus 5X Build/MMB29P) AppleWebKit/537.36 (KHTML, like Gecko) Chrome/41.0.2272.96 Mobile Safari/537.36 (compatible; Googlebot/2.1; +http://www.google.com/bot.html)"
87.190.42.50 - - [16/Oct/2019:14:00:44 +0200] "GET / HTTP/1.1" 200 21505 "-" "Apache-HttpClient/4.5.7 (Java/1.8.0_222)"
87.190.42.50 - - [16/Oct/2019:14:00:45 +0200] "GET / HTTP/1.1" 200 21505 "-" "Apache-HttpClient/4.5.7 (Java/1.8.0_222)"
94.130.57.149 - - [16/Oct/2019:14:16:32 +0200] "GET / HTTP/1.1" 200 7320 "-" "python-requests/2.22.0"
141.8.142.40 - - [16/Oct/2019:14:17:31 +0200] "GET /robots.txt HTTP/1.1" 404 3881 "-" "Mozilla/5.0 (compatible; YandexBot/3.0; +http://yandex.com/bots)"
141.8.142.40 - - [16/Oct/2019:14:17:35 +0200] "GET /media/nltopo-3phones-s.jpg HTTP/1.1" 304 200 "-" "Mozilla/5.0 (compatible; YandexImages/3.0; +http://yandex.com/bots)"
46.229.168.147 - - [16/Oct/2019:14:26:36 +0200] "GET /robots.txt HTTP/1.1" 404 3859 "-" "Mozilla/5.0 (compatible; SemrushBot/6~bl; +http://www.semrush.com/bot.html)"
46.229.168.139 - - [16/Oct/2019:14:26:36 +0200] "GET /contact.html HTTP/1.1" 200 6573 "-" "Mozilla/5.0 (compatible; SemrushBot/6~bl; +http://www.semrush.com/bot.html)"
178.197.231.154 - - [16/Oct/2019:14:34:54 +0200] "GET / HTTP/1.1" 200 21505 "-" "Apache-HttpClient/4.5.7 (Java/1.8.0_222)"
178.197.231.154 - - [16/Oct/2019:14:34:55 +0200] "GET / HTTP/1.1" 200 21505 "-" "Apache-HttpClient/4.5.7 (Java/1.8.0_222)"
94.130.57.149 - - [16/Oct/2019:14:36:32 +0200] "GET / HTTP/1.1" 200 7320 "-" "python-requests/2.22.0"
94.130.57.149 - - [16/Oct/2019:14:56:32 +0200] "GET / HTTP/1.1" 200 7320 "-" "python-requests/2.22.0"
17.58.99.6 - - [16/Oct/2019:15:08:54 +0200] "GET /support.html HTTP/1.1" 200 8211 "-" "Mozilla/5.0 (Macintosh; Intel Mac OS X 10_10_1) AppleWebKit/600.2.5 (KHTML, like Gecko) Version/8.0.2 Safari/600.2.5 (Applebot/0.1; +http://www.apple.com/go/applebot)"
34.254.92.231 - - [16/Oct/2019:15:12:16 +0200] "GET / HTTP/1.1" 200 7320 "-" "Mozilla/5.0 (Macintosh; Intel Mac OS X 10_14_5) AppleWebKit/537.36 (KHTML, like Gecko) Chrome/76.0.3809.100 Safari/537.36"
94.130.57.149 - - [16/Oct/2019:15:16:32 +0200] "GET / HTTP/1.1" 200 7320 "-" "python-requests/2.22.0"
109.143.45.1 - - [16/Oct/2019:15:30:24 +0200] "GET / HTTP/1.1" 200 8874 "-" "Mozilla/5.0 (Linux; Android 9; JSN-L21) AppleWebKit/537.36 (KHTML, like Gecko) Chrome/77.0.3865.116 Mobile Safari/537.36"
109.143.45.1 - - [16/Oct/2019:15:30:24 +0200] "GET /css/bootstrap.min.css HTTP/1.1" 200 19766 "https://www.map5.nl/" "Mozilla/5.0 (Linux; Android 9; JSN-L21) AppleWebKit/537.36 (KHTML, like Gecko) Chrome/77.0.3865.116 Mobile Safari/537.36"
109.143.45.1 - - [16/Oct/2019:15:30:24 +0200] "GET /css/modern-business.css HTTP/1.1" 200 1239 "https://www.map5.nl/" "Mozilla/5.0 (Linux; Android 9; JSN-L21) AppleWebKit/537.36 (KHTML, like Gecko) Chrome/77.0.3865.116 Mobile Safari/537.36"
109.143.45.1 - - [16/Oct/2019:15:30:24 +0200] "GET /font-awesome/css/font-awesome.min.css HTTP/1.1" 200 5530 "https://www.map5.nl/" "Mozilla/5.0 (Linux; Android 9; JSN-L21) AppleWebKit/537.36 (KHTML, like Gecko) Chrome/77.0.3865.116 Mobile Safari/537.36"
109.143.45.1 - - [16/Oct/2019:15:30:24 +0200] "GET /js/bootstrap.min.js HTTP/1.1" 200 10080 "https://www.map5.nl/" "Mozilla/5.0 (Linux; Android 9; JSN-L21) AppleWebKit/537.36 (KHTML, like Gecko) Chrome/77.0.3865.116 Mobile Safari/537.36"
109.143.45.1 - - [16/Oct/2019:15:30:24 +0200] "GET /js/jquery.js HTTP/1.1" 200 33986 "https://www.map5.nl/" "Mozilla/5.0 (Linux; Android 9; JSN-L21) AppleWebKit/537.36 (KHTML, like Gecko) Chrome/77.0.3865.116 Mobile Safari/537.36"
109.143.45.1 - - [16/Oct/2019:15:30:24 +0200] "GET /media/map5-logo.png HTTP/1.1" 200 3937 "https://www.map5.nl/" "Mozilla/5.0 (Linux; Android 9; JSN-L21) AppleWebKit/537.36 (KHTML, like Gecko) Chrome/77.0.3865.116 Mobile Safari/537.36"
109.143.45.1 - - [16/Oct/2019:15:30:24 +0200] "GET /media/map5-slogan.png HTTP/1.1" 200 9675 "https://www.map5.nl/" "Mozilla/5.0 (Linux; Android 9; JSN-L21) AppleWebKit/537.36 (KHTML, like Gecko) Chrome/77.0.3865.116 Mobile Safari/537.36"
109.143.45.1 - - [16/Oct/2019:15:30:24 +0200] "GET /media/nltopo-3phones-s.jpg HTTP/1.1" 200 9841 "https://www.map5.nl/" "Mozilla/5.0 (Linux; Android 9; JSN-L21) AppleWebKit/537.36 (KHTML, like Gecko) Chrome/77.0.3865.116 Mobile Safari/537.36"
109.143.45.1 - - [16/Oct/2019:15:30:24 +0200] "GET /media/map5-samples.jpg HTTP/1.1" 200 164226 "https://www.map5.nl/" "Mozilla/5.0 (Linux; Android 9; JSN-L21) AppleWebKit/537.36 (KHTML, like Gecko) Chrome/77.0.3865.116 Mobile Safari/537.36"
109.143.45.1 - - [16/Oct/2019:15:30:25 +0200] "GET /favicon.ico HTTP/1.1" 200 1543 "https://www.map5.nl/" "Mozilla/5.0 (Linux; Android 9; JSN-L21) AppleWebKit/537.36 (KHTML, like Gecko) Chrome/77.0.3865.116 Mobile Safari/537.36"
109.143.45.1 - - [16/Oct/2019:15:30:49 +0200] "GET /kaarten.html HTTP/1.1" 200 6133 "https://www.map5.nl/" "Mozilla/5.0 (Linux; Android 9; JSN-L21) AppleWebKit/537.36 (KHTML, like Gecko) Chrome/77.0.3865.116 Mobile Safari/537.36"
109.143.45.1 - - [16/Oct/2019:15:30:49 +0200] "GET /lib/leaflet-0.7.7/leaflet.css HTTP/1.1" 200 2939 "https://www.map5.nl/kaarten.html" "Mozilla/5.0 (Linux; Android 9; JSN-L21) AppleWebKit/537.36 (KHTML, like Gecko) Chrome/77.0.3865.116 Mobile Safari/537.36"
109.143.45.1 - - [16/Oct/2019:15:30:49 +0200] "GET /lib/leaflet-0.7.7/leaflet.js HTTP/1.1" 200 34304 "https://www.map5.nl/kaarten.html" "Mozilla/5.0 (Linux; Android 9; JSN-L21) AppleWebKit/537.36 (KHTML, like Gecko) Chrome/77.0.3865.116 Mobile Safari/537.36"
109.143.45.1 - - [16/Oct/2019:15:30:49 +0200] "GET /media/brtbgt.jpg HTTP/1.1" 200 70160 "https://www.map5.nl/kaarten.html" "Mozilla/5.0 (Linux; Android 9; JSN-L21) AppleWebKit/537.36 (KHTML, like Gecko) Chrome/77.0.3865.116 Mobile Safari/537.36"
94.130.57.149 - - [16/Oct/2019:15:36:32 +0200] "GET / HTTP/1.1" 200 7320 "-" "python-requests/2.22.0"
207.46.13.12 - - [16/Oct/2019:15:44:45 +0200] "GET /koppelvlakken.html HTTP/1.1" 200 9722 "-" "Mozilla/5.0 (compatible; bingbot/2.0; +http://www.bing.com/bingbot.htm)"
40.77.190.133 - - [16/Oct/2019:15:44:46 +0200] "GET /js/jquery.js HTTP/1.1" 200 36909 "https://www.map5.nl/koppelvlakken.html" "Mozilla/5.0 (Windows NT 6.1; WOW64) AppleWebKit/534+ (KHTML, like Gecko) BingPreview/1.0b"
40.77.190.133 - - [16/Oct/2019:15:44:46 +0200] "GET /css/bootstrap.min.css HTTP/1.1" 200 22831 "https://www.map5.nl/koppelvlakken.html" "Mozilla/5.0 (Windows NT 6.1; WOW64) AppleWebKit/534+ (KHTML, like Gecko) BingPreview/1.0b"
40.77.190.133 - - [16/Oct/2019:15:44:46 +0200] "GET /css/modern-business.css HTTP/1.1" 200 4162 "https://www.map5.nl/koppelvlakken.html" "Mozilla/5.0 (Windows NT 6.1; WOW64) AppleWebKit/534+ (KHTML, like Gecko) BingPreview/1.0b"
40.77.190.133 - - [16/Oct/2019:15:44:46 +0200] "GET /js/bootstrap.min.js HTTP/1.1" 200 9883 "https://www.map5.nl/koppelvlakken.html" "Mozilla/5.0 (Windows NT 6.1; WOW64) AppleWebKit/534+ (KHTML, like Gecko) BingPreview/1.0b"
207.46.13.12 - - [16/Oct/2019:15:44:49 +0200] "GET /robots.txt HTTP/1.1" 404 5434 "-" "msnbot/2.0b (+http://search.msn.com/msnbot.htm)"
47.240.56.71 - - [16/Oct/2019:15:55:10 +0200] "GET / HTTP/1.1" 200 21715 "http://www.map5.nl" "Mozilla/5.0 (compatible; Baiduspider/2.0; +http://www.baidu.com/search/spider.html"
47.240.56.71 - - [16/Oct/2019:15:55:11 +0200] "GET /extend/Qcloud/Sms/Sms.php HTTP/1.1" 404 554 "http://www.map5.nl/extend/Qcloud/Sms/Sms.php" "Mozilla/5.0 (compatible; Baiduspider/2.0; +http://www.baidu.com/search/spider.html"
94.130.57.149 - - [16/Oct/2019:15:56:32 +0200] "GET / HTTP/1.1" 200 7320 "-" "python-requests/2.22.0"
54.162.102.36 - - [16/Oct/2019:16:03:19 +0200] "GET /robots.txt HTTP/1.1" 404 5239 "-" "MixnodeCache/1.8(+https://cache.mixnode.com/)"
45.131.201.71 - - [16/Oct/2019:16:14:25 +0200] "GET /toepassingen.html HTTP/1.1" 200 8306 "https://www.google.com/" "Mozilla/5.0 (Windows NT 10.0; Win64; x64; rv:69.0) Gecko/20100101 Firefox/69.0"
45.131.201.71 - - [16/Oct/2019:16:14:25 +0200] "GET /css/bootstrap.min.css HTTP/1.1" 200 19766 "https://map5.nl/toepassingen.html" "Mozilla/5.0 (Windows NT 10.0; Win64; x64; rv:69.0) Gecko/20100101 Firefox/69.0"
45.131.201.71 - - [16/Oct/2019:16:14:25 +0200] "GET /css/modern-business.css HTTP/1.1" 200 5751 "https://map5.nl/toepassingen.html" "Mozilla/5.0 (Windows NT 10.0; Win64; x64; rv:69.0) Gecko/20100101 Firefox/69.0"
45.131.201.71 - - [16/Oct/2019:16:14:25 +0200] "GET /font-awesome/css/font-awesome.min.css HTTP/1.1" 200 10184 "https://map5.nl/toepassingen.html" "Mozilla/5.0 (Windows NT 10.0; Win64; x64; rv:69.0) Gecko/20100101 Firefox/69.0"
45.131.201.71 - - [16/Oct/2019:16:14:25 +0200] "GET /js/bootstrap.min.js HTTP/1.1" 200 14592 "https://map5.nl/toepassingen.html" "Mozilla/5.0 (Windows NT 10.0; Win64; x64; rv:69.0) Gecko/20100101 Firefox/69.0"
45.131.201.71 - - [16/Oct/2019:16:14:25 +0200] "GET /js/jquery.js HTTP/1.1" 200 38498 "https://map5.nl/toepassingen.html" "Mozilla/5.0 (Windows NT 10.0; Win64; x64; rv:69.0) Gecko/20100101 Firefox/69.0"
45.131.201.71 - - [16/Oct/2019:16:14:26 +0200] "GET /media/map5-logo.png HTTP/1.1" 200 3795 "https://map5.nl/toepassingen.html" "Mozilla/5.0 (Windows NT 10.0; Win64; x64; rv:69.0) Gecko/20100101 Firefox/69.0"
45.131.201.71 - - [16/Oct/2019:16:14:26 +0200] "GET /media/kadviewer-s.png HTTP/1.1" 200 109470 "https://map5.nl/toepassingen.html" "Mozilla/5.0 (Windows NT 10.0; Win64; x64; rv:69.0) Gecko/20100101 Firefox/69.0"
45.131.201.71 - - [16/Oct/2019:16:14:26 +0200] "GET /media/nltopo-chrome-galaxy-s2.png HTTP/1.1" 200 97665 "https://map5.nl/toepassingen.html" "Mozilla/5.0 (Windows NT 10.0; Win64; x64; rv:69.0) Gecko/20100101 Firefox/69.0"
45.131.201.71 - - [16/Oct/2019:16:14:26 +0200] "GET /favicon.ico HTTP/1.1" 200 1543 "-" "Mozilla/5.0 (Windows NT 10.0; Win64; x64; rv:69.0) Gecko/20100101 Firefox/69.0"
207.46.13.7 - - [16/Oct/2019:16:15:26 +0200] "GET /toepassingen.html HTTP/1.1" 200 8501 "-" "Mozilla/5.0 (compatible; bingbot/2.0; +http://www.bing.com/bingbot.htm)"
94.130.57.149 - - [16/Oct/2019:16:16:32 +0200] "GET / HTTP/1.1" 200 7320 "-" "python-requests/2.22.0"
94.130.57.149 - - [16/Oct/2019:16:36:32 +0200] "GET / HTTP/1.1" 200 7320 "-" "python-requests/2.22.0"
213.160.121.250 - - [16/Oct/2019:16:46:17 +0200] "GET / HTTP/1.1" 200 21505 "-" "Apache-HttpClient/4.5.7 (Java/1.8.0_222)"
213.160.121.250 - - [16/Oct/2019:16:46:18 +0200] "GET / HTTP/1.1" 200 21505 "-" "Apache-HttpClient/4.5.7 (Java/1.8.0_222)"
123.125.71.48 - - [16/Oct/2019:16:46:52 +0200] "GET / HTTP/1.1" 200 21649 "-" "Mozilla/5.0 (compatible; Baiduspider/2.0; +http://www.baidu.com/search/spider.html)"
54.36.148.163 - - [16/Oct/2019:16:53:52 +0200] "GET /robots.txt HTTP/1.1" 404 3646 "-" "Mozilla/5.0 (compatible; AhrefsBot/6.1; +http://ahrefs.com/robot/)"
80.61.106.153 - - [16/Oct/2019:16:54:17 +0200] "GET / HTTP/1.1" 200 8679 "-" "Mozilla/5.0 (iPad; CPU OS 12_4_1 like Mac OS X) AppleWebKit/605.1.15 (KHTML, like Gecko) Version/12.1.2 Mobile/15E148 Safari/604.1"
80.61.106.153 - - [16/Oct/2019:16:54:17 +0200] "GET /css/bootstrap.min.css HTTP/1.1" 200 19766 "https://map5.nl/" "Mozilla/5.0 (iPad; CPU OS 12_4_1 like Mac OS X) AppleWebKit/605.1.15 (KHTML, like Gecko) Version/12.1.2 Mobile/15E148 Safari/604.1"
80.61.106.153 - - [16/Oct/2019:16:54:17 +0200] "GET /js/jquery.js HTTP/1.1" 200 33844 "https://map5.nl/" "Mozilla/5.0 (iPad; CPU OS 12_4_1 like Mac OS X) AppleWebKit/605.1.15 (KHTML, like Gecko) Version/12.1.2 Mobile/15E148 Safari/604.1"
80.61.106.153 - - [16/Oct/2019:16:54:17 +0200] "GET /css/modern-business.css HTTP/1.1" 200 1239 "https://map5.nl/" "Mozilla/5.0 (iPad; CPU OS 12_4_1 like Mac OS X) AppleWebKit/605.1.15 (KHTML, like Gecko) Version/12.1.2 Mobile/15E148 Safari/604.1"
80.61.106.153 - - [16/Oct/2019:16:54:17 +0200] "GET /font-awesome/css/font-awesome.min.css HTTP/1.1" 200 5672 "https://map5.nl/" "Mozilla/5.0 (iPad; CPU OS 12_4_1 like Mac OS X) AppleWebKit/605.1.15 (KHTML, like Gecko) Version/12.1.2 Mobile/15E148 Safari/604.1"
80.61.106.153 - - [16/Oct/2019:16:54:17 +0200] "GET /media/map5-logo.png HTTP/1.1" 200 3937 "https://map5.nl/" "Mozilla/5.0 (iPad; CPU OS 12_4_1 like Mac OS X) AppleWebKit/605.1.15 (KHTML, like Gecko) Version/12.1.2 Mobile/15E148 Safari/604.1"
80.61.106.153 - - [16/Oct/2019:16:54:17 +0200] "GET /js/bootstrap.min.js HTTP/1.1" 200 9938 "https://map5.nl/" "Mozilla/5.0 (iPad; CPU OS 12_4_1 like Mac OS X) AppleWebKit/605.1.15 (KHTML, like Gecko) Version/12.1.2 Mobile/15E148 Safari/604.1"
80.61.106.153 - - [16/Oct/2019:16:54:17 +0200] "GET /media/map5-slogan.png HTTP/1.1" 200 9533 "https://map5.nl/" "Mozilla/5.0 (iPad; CPU OS 12_4_1 like Mac OS X) AppleWebKit/605.1.15 (KHTML, like Gecko) Version/12.1.2 Mobile/15E148 Safari/604.1"
80.61.106.153 - - [16/Oct/2019:16:54:17 +0200] "GET /media/nltopo-3phones-s.jpg HTTP/1.1" 200 9841 "https://map5.nl/" "Mozilla/5.0 (iPad; CPU OS 12_4_1 like Mac OS X) AppleWebKit/605.1.15 (KHTML, like Gecko) Version/12.1.2 Mobile/15E148 Safari/604.1"
80.61.106.153 - - [16/Oct/2019:16:54:17 +0200] "GET /media/map5-samples.jpg HTTP/1.1" 200 164226 "https://map5.nl/" "Mozilla/5.0 (iPad; CPU OS 12_4_1 like Mac OS X) AppleWebKit/605.1.15 (KHTML, like Gecko) Version/12.1.2 Mobile/15E148 Safari/604.1"
94.130.57.149 - - [16/Oct/2019:16:56:32 +0200] "GET / HTTP/1.1" 200 7320 "-" "python-requests/2.22.0"
157.55.39.192 - - [16/Oct/2019:17:00:20 +0200] "GET /toepassingen.html HTTP/1.1" 200 8501 "-" "Mozilla/5.0 (compatible; bingbot/2.0; +http://www.bing.com/bingbot.htm)"
45.131.201.71 - - [16/Oct/2019:17:01:57 +0200] "GET /favicon.ico HTTP/1.1" 200 6197 "-" "Mozilla/5.0 (Windows NT 10.0; Win64; x64; rv:69.0) Gecko/20100101 Firefox/69.0"
182.75.68.146 - - [16/Oct/2019:17:05:45 +0200] "GET / HTTP/1.1" 200 21505 "-" "Apache-HttpClient/4.5.7 (Java/1.8.0_222)"
182.75.68.146 - - [16/Oct/2019:17:05:47 +0200] "GET / HTTP/1.1" 200 21505 "-" "Apache-HttpClient/4.5.7 (Java/1.8.0_222)"
94.130.57.149 - - [16/Oct/2019:17:16:32 +0200] "GET / HTTP/1.1" 200 7320 "-" "python-requests/2.22.0"
94.130.57.149 - - [16/Oct/2019:17:36:32 +0200] "GET / HTTP/1.1" 200 7320 "-" "python-requests/2.22.0"
17.58.99.6 - - [16/Oct/2019:17:36:40 +0200] "GET /contact.html HTTP/1.1" 200 7897 "-" "Mozilla/5.0 (Macintosh; Intel Mac OS X 10_10_1) AppleWebKit/600.2.5 (KHTML, like Gecko) Version/8.0.2 Safari/600.2.5 (Applebot/0.1; +http://www.apple.com/go/applebot)"
23.100.232.233 - - [16/Oct/2019:17:56:17 +0200] "GET /toepassingen.html HTTP/1.1" 200 8311 "-" "Mozilla/5.0 (compatible; MSIE 9.0; Windows NT 6.1; Trident/5.0;  Trident/5.0)"
23.100.232.233 - - [16/Oct/2019:17:56:19 +0200] "GET /css/bootstrap.min.css HTTP/1.1" 200 19790 "https://www.map5.nl/toepassingen.html" "Mozilla/5.0 (compatible; MSIE 9.0; Windows NT 6.1; Trident/5.0;  Trident/5.0)"
23.100.232.233 - - [16/Oct/2019:17:56:19 +0200] "GET /font-awesome/css/font-awesome.min.css HTTP/1.1" 200 5540 "https://www.map5.nl/toepassingen.html" "Mozilla/5.0 (compatible; MSIE 9.0; Windows NT 6.1; Trident/5.0;  Trident/5.0)"
23.100.232.233 - - [16/Oct/2019:17:56:20 +0200] "GET /css/modern-business.css HTTP/1.1" 200 1252 "https://www.map5.nl/toepassingen.html" "Mozilla/5.0 (compatible; MSIE 9.0; Windows NT 6.1; Trident/5.0;  Trident/5.0)"
23.100.232.233 - - [16/Oct/2019:17:56:20 +0200] "GET /media/kadviewer-s.png HTTP/1.1" 200 104872 "https://www.map5.nl/toepassingen.html" "Mozilla/5.0 (compatible; MSIE 9.0; Windows NT 6.1; Trident/5.0;  Trident/5.0)"
23.100.232.233 - - [16/Oct/2019:17:56:20 +0200] "GET /media/map5-logo.png HTTP/1.1" 200 3802 "https://www.map5.nl/toepassingen.html" "Mozilla/5.0 (compatible; MSIE 9.0; Windows NT 6.1; Trident/5.0;  Trident/5.0)"
23.100.232.233 - - [16/Oct/2019:17:56:21 +0200] "GET /media/nltopo-chrome-galaxy-s2.png HTTP/1.1" 200 97715 "https://www.map5.nl/toepassingen.html" "Mozilla/5.0 (compatible; MSIE 9.0; Windows NT 6.1; Trident/5.0;  Trident/5.0)"
23.100.232.233 - - [16/Oct/2019:17:56:21 +0200] "GET /js/jquery.js HTTP/1.1" 200 33880 "https://www.map5.nl/toepassingen.html" "Mozilla/5.0 (compatible; MSIE 9.0; Windows NT 6.1; Trident/5.0;  Trident/5.0)"
23.100.232.233 - - [16/Oct/2019:17:56:21 +0200] "GET /js/bootstrap.min.js HTTP/1.1" 200 9961 "https://www.map5.nl/toepassingen.html" "Mozilla/5.0 (compatible; MSIE 9.0; Windows NT 6.1; Trident/5.0;  Trident/5.0)"
94.130.57.149 - - [16/Oct/2019:17:56:32 +0200] "GET / HTTP/1.1" 200 7320 "-" "python-requests/2.22.0"
23.100.232.233 - - [16/Oct/2019:17:56:41 +0200] "GET /toepassingen.html HTTP/1.1" 200 8311 "-" "Mozilla/5.0 (compatible; MSIE 9.0; Windows NT 6.1; Trident/5.0;  Trident/5.0)"
23.100.232.233 - - [16/Oct/2019:17:56:42 +0200] "GET /css/bootstrap.min.css HTTP/1.1" 200 19790 "https://www.map5.nl/toepassingen.html" "Mozilla/5.0 (compatible; MSIE 9.0; Windows NT 6.1; Trident/5.0;  Trident/5.0)"
23.100.232.233 - - [16/Oct/2019:17:56:42 +0200] "GET /font-awesome/css/font-awesome.min.css HTTP/1.1" 200 5540 "https://www.map5.nl/toepassingen.html" "Mozilla/5.0 (compatible; MSIE 9.0; Windows NT 6.1; Trident/5.0;  Trident/5.0)"
23.100.232.233 - - [16/Oct/2019:17:56:42 +0200] "GET /css/modern-business.css HTTP/1.1" 200 1252 "https://www.map5.nl/toepassingen.html" "Mozilla/5.0 (compatible; MSIE 9.0; Windows NT 6.1; Trident/5.0;  Trident/5.0)"
23.100.232.233 - - [16/Oct/2019:17:56:42 +0200] "GET /media/kadviewer-s.png HTTP/1.1" 200 104872 "https://www.map5.nl/toepassingen.html" "Mozilla/5.0 (compatible; MSIE 9.0; Windows NT 6.1; Trident/5.0;  Trident/5.0)"
23.100.232.233 - - [16/Oct/2019:17:56:42 +0200] "GET /media/map5-logo.png HTTP/1.1" 200 3802 "https://www.map5.nl/toepassingen.html" "Mozilla/5.0 (compatible; MSIE 9.0; Windows NT 6.1; Trident/5.0;  Trident/5.0)"
23.100.232.233 - - [16/Oct/2019:17:56:43 +0200] "GET /media/nltopo-chrome-galaxy-s2.png HTTP/1.1" 200 97715 "https://www.map5.nl/toepassingen.html" "Mozilla/5.0 (compatible; MSIE 9.0; Windows NT 6.1; Trident/5.0;  Trident/5.0)"
23.100.232.233 - - [16/Oct/2019:17:56:43 +0200] "GET /js/jquery.js HTTP/1.1" 200 33880 "https://www.map5.nl/toepassingen.html" "Mozilla/5.0 (compatible; MSIE 9.0; Windows NT 6.1; Trident/5.0;  Trident/5.0)"
23.100.232.233 - - [16/Oct/2019:17:56:43 +0200] "GET /js/bootstrap.min.js HTTP/1.1" 200 9961 "https://www.map5.nl/toepassingen.html" "Mozilla/5.0 (compatible; MSIE 9.0; Windows NT 6.1; Trident/5.0;  Trident/5.0)"
94.130.57.149 - - [16/Oct/2019:18:16:32 +0200] "GET / HTTP/1.1" 200 7320 "-" "python-requests/2.22.0"
51.158.100.53 - - [16/Oct/2019:18:31:54 +0200] "GET / HTTP/1.1" 200 8858 "-" "Mozilla/5.0 (Linux; Android 6.0.1; Nexus 5 Build/MRA58N) AppleWebKit/537.36 (KHTML, like Gecko) Chrome/74.0.3694.0 Mobile Safari/537.36 Chrome-Lighthouse"
51.158.100.53 - - [16/Oct/2019:18:31:54 +0200] "GET /css/bootstrap.min.css HTTP/1.1" 200 19766 "https://map5.nl/" "Mozilla/5.0 (Linux; Android 6.0.1; Nexus 5 Build/MRA58N) AppleWebKit/537.36 (KHTML, like Gecko) Chrome/74.0.3694.0 Mobile Safari/537.36 Chrome-Lighthouse"
51.158.100.53 - - [16/Oct/2019:18:31:54 +0200] "GET /css/modern-business.css HTTP/1.1" 200 1239 "https://map5.nl/" "Mozilla/5.0 (Linux; Android 6.0.1; Nexus 5 Build/MRA58N) AppleWebKit/537.36 (KHTML, like Gecko) Chrome/74.0.3694.0 Mobile Safari/537.36 Chrome-Lighthouse"
51.158.100.53 - - [16/Oct/2019:18:31:54 +0200] "GET /font-awesome/css/font-awesome.min.css HTTP/1.1" 200 5530 "https://map5.nl/" "Mozilla/5.0 (Linux; Android 6.0.1; Nexus 5 Build/MRA58N) AppleWebKit/537.36 (KHTML, like Gecko) Chrome/74.0.3694.0 Mobile Safari/537.36 Chrome-Lighthouse"
51.158.100.53 - - [16/Oct/2019:18:31:54 +0200] "GET /media/map5-logo.png HTTP/1.1" 200 3937 "https://map5.nl/" "Mozilla/5.0 (Linux; Android 6.0.1; Nexus 5 Build/MRA58N) AppleWebKit/537.36 (KHTML, like Gecko) Chrome/74.0.3694.0 Mobile Safari/537.36 Chrome-Lighthouse"
51.158.100.53 - - [16/Oct/2019:18:31:54 +0200] "GET /js/bootstrap.min.js HTTP/1.1" 200 10080 "https://map5.nl/" "Mozilla/5.0 (Linux; Android 6.0.1; Nexus 5 Build/MRA58N) AppleWebKit/537.36 (KHTML, like Gecko) Chrome/74.0.3694.0 Mobile Safari/537.36 Chrome-Lighthouse"
51.158.100.53 - - [16/Oct/2019:18:31:54 +0200] "GET /media/map5-slogan.png HTTP/1.1" 200 9675 "https://map5.nl/" "Mozilla/5.0 (Linux; Android 6.0.1; Nexus 5 Build/MRA58N) AppleWebKit/537.36 (KHTML, like Gecko) Chrome/74.0.3694.0 Mobile Safari/537.36 Chrome-Lighthouse"
51.158.100.53 - - [16/Oct/2019:18:31:54 +0200] "GET /js/jquery.js HTTP/1.1" 200 33986 "https://map5.nl/" "Mozilla/5.0 (Linux; Android 6.0.1; Nexus 5 Build/MRA58N) AppleWebKit/537.36 (KHTML, like Gecko) Chrome/74.0.3694.0 Mobile Safari/537.36 Chrome-Lighthouse"
51.158.100.53 - - [16/Oct/2019:18:31:54 +0200] "GET /media/nltopo-3phones-s.jpg HTTP/1.1" 200 9841 "https://map5.nl/" "Mozilla/5.0 (Linux; Android 6.0.1; Nexus 5 Build/MRA58N) AppleWebKit/537.36 (KHTML, like Gecko) Chrome/74.0.3694.0 Mobile Safari/537.36 Chrome-Lighthouse"
51.158.100.53 - - [16/Oct/2019:18:31:54 +0200] "GET /media/map5-samples.jpg HTTP/1.1" 200 164226 "https://map5.nl/" "Mozilla/5.0 (Linux; Android 6.0.1; Nexus 5 Build/MRA58N) AppleWebKit/537.36 (KHTML, like Gecko) Chrome/74.0.3694.0 Mobile Safari/537.36 Chrome-Lighthouse"
51.158.100.53 - - [16/Oct/2019:18:31:57 +0200] "GET /robots.txt HTTP/1.1" 404 581 "https://map5.nl/" "Mozilla/5.0 (Linux; Android 6.0.1; Nexus 5 Build/MRA58N) AppleWebKit/537.36 (KHTML, like Gecko) Chrome/74.0.3694.0 Mobile Safari/537.36 Chrome-Lighthouse"
94.130.57.149 - - [16/Oct/2019:18:36:32 +0200] "GET / HTTP/1.1" 200 7320 "-" "python-requests/2.22.0"
94.130.57.149 - - [16/Oct/2019:18:56:32 +0200] "GET / HTTP/1.1" 200 7320 "-" "python-requests/2.22.0"
94.130.57.149 - - [16/Oct/2019:19:16:32 +0200] "GET / HTTP/1.1" 200 7320 "-" "python-requests/2.22.0"
23.100.232.233 - - [16/Oct/2019:19:21:28 +0200] "GET /toepassingen.html HTTP/1.1" 200 8311 "-" "Mozilla/5.0 (compatible; MSIE 9.0; Windows NT 6.1; Trident/5.0;  Trident/5.0)"
23.100.232.233 - - [16/Oct/2019:19:21:28 +0200] "GET /css/bootstrap.min.css HTTP/1.1" 200 19790 "https://www.map5.nl/toepassingen.html" "Mozilla/5.0 (compatible; MSIE 9.0; Windows NT 6.1; Trident/5.0;  Trident/5.0)"
