66.249.65.222 - - [15/Oct/2019:15:42:07 +0000] "GET /master/collections/ogr_gpkg_poi/items/512516163 HTTP/1.1" 200 6983 "-" "Mozilla/5.0 (Linux; Android 6.0.1; Nexus 5X Build/MMB29P) AppleWebKit/537.36 (KHTML, like Gecko) Chrome/41.0.2272.96 Mobile Safari/537.36 (compatible; Googlebot/2.1; +http://www.google.com/bot.html)" 356209 "Host-demo-pygeoapi-io-localhost-PathPrefix-master-2" "http://172.20.0.3:80" 40ms
66.249.65.221 - - [15/Oct/2019:15:42:11 +0000] "GET /master/collections/ogr_gpkg_poi/items/512536316 HTTP/1.1" 200 6972 "-" "Mozilla/5.0 (Linux; Android 6.0.1; Nexus 5X Build/MMB29P) AppleWebKit/537.36 (KHTML, like Gecko) Chrome/41.0.2272.96 Mobile Safari/537.36 (compatible; Googlebot/2.1; +http://www.google.com/bot.html)" 356210 "Host-demo-pygeoapi-io-localhost-PathPrefix-master-2" "http://172.20.0.3:80" 40ms
66.249.65.221 - - [15/Oct/2019:15:42:14 +0000] "GET /master/collections/ogr_gpkg_poi/items/510805147 HTTP/1.1" 200 6938 "-" "Mozilla/5.0 (Linux; Android 6.0.1; Nexus 5X Build/MMB29P) AppleWebKit/537.36 (KHTML, like Gecko) Chrome/41.0.2272.96 Mobile Safari/537.36 (compatible; Googlebot/2.1; +http://www.google.com/bot.html)" 356211 "Host-demo-pygeoapi-io-localhost-PathPrefix-master-2" "http://172.20.0.3:80" 40ms
66.249.65.221 - - [15/Oct/2019:15:42:17 +0000] "GET /master/collections/ogr_gpkg_poi/items/512516403 HTTP/1.1" 200 6972 "-" "Mozilla/5.0 (Linux; Android 6.0.1; Nexus 5X Build/MMB29P) AppleWebKit/537.36 (KHTML, like Gecko) Chrome/41.0.2272.96 Mobile Safari/537.36 (compatible; Googlebot/2.1; +http://www.google.com/bot.html)" 356212 "Host-demo-pygeoapi-io-localhost-PathPrefix-master-2" "http://172.20.0.3:80" 35ms
66.249.65.221 - - [15/Oct/2019:15:42:24 +0000] "GET /master/collections/ogr_gpkg_poi/items/510805149 HTTP/1.1" 200 6923 "-" "Mozilla/5.0 (Linux; Android 6.0.1; Nexus 5X Build/MMB29P) AppleWebKit/537.36 (KHTML, like Gecko) Chrome/41.0.2272.96 Mobile Safari/537.36 (compatible; Googlebot/2.1; +http://www.google.com/bot.html)" 356213 "Host-demo-pygeoapi-io-localhost-PathPrefix-master-2" "http://172.20.0.3:80" 43ms
66.249.65.221 - - [15/Oct/2019:15:42:31 +0000] "GET /master/collections/ogr_gpkg_poi/items/512536315 HTTP/1.1" 200 6940 "-" "Mozilla/5.0 (Linux; Android 6.0.1; Nexus 5X Build/MMB29P) AppleWebKit/537.36 (KHTML, like Gecko) Chrome/41.0.2272.96 Mobile Safari/537.36 (compatible; Googlebot/2.1; +http://www.google.com/bot.html)" 356214 "Host-demo-pygeoapi-io-localhost-PathPrefix-master-2" "http://172.20.0.3:80" 46ms
66.249.65.221 - - [15/Oct/2019:15:42:38 +0000] "GET /master/collections/ogr_gpkg_poi/items/512536433 HTTP/1.1" 200 6938 "-" "Mozilla/5.0 (Linux; Android 6.0.1; Nexus 5X Build/MMB29P) AppleWebKit/537.36 (KHTML, like Gecko) Chrome/41.0.2272.96 Mobile Safari/537.36 (compatible; Googlebot/2.1; +http://www.google.com/bot.html)" 356215 "Host-demo-pygeoapi-io-localhost-PathPrefix-master-2" "http://172.20.0.3:80" 39ms
66.249.65.221 - - [15/Oct/2019:15:42:47 +0000] "GET /master/collections/ogr_gpkg_poi/items/511991916 HTTP/1.1" 200 6994 "-" "Mozilla/5.0 (Linux; Android 6.0.1; Nexus 5X Build/MMB29P) AppleWebKit/537.36 (KHTML, like Gecko) Chrome/41.0.2272.96 Mobile Safari/537.36 (compatible; Googlebot/2.1; +http://www.google.com/bot.html)" 356216 "Host-demo-pygeoapi-io-localhost-PathPrefix-master-2" "http://172.20.0.3:80" 31ms
66.249.65.222 - - [15/Oct/2019:15:43:30 +0000] "GET /master/collections/ogr_gpkg_poi/items?startindex=990 HTTP/1.1" 200 13097 "-" "Mozilla/5.0 (Linux; Android 6.0.1; Nexus 5X Build/MMB29P) AppleWebKit/537.36 (KHTML, like Gecko) Chrome/41.0.2272.96 Mobile Safari/537.36 (compatible; Googlebot/2.1; +http://www.google.com/bot.html)" 356217 "Host-demo-pygeoapi-io-localhost-PathPrefix-master-2" "http://172.20.0.3:80" 46ms
66.249.65.221 - - [15/Oct/2019:15:49:50 +0000] "GET /master/collections/ogr_addresses_sqlite/items/inspireadressen.1747965 HTTP/1.1" 200 7974 "-" "Mozilla/5.0 (Linux; Android 6.0.1; Nexus 5X Build/MMB29P) AppleWebKit/537.36 (KHTML, like Gecko) Chrome/41.0.2272.96 Mobile Safari/537.36 (compatible; Googlebot/2.1; +http://www.google.com/bot.html)" 356221 "Host-demo-pygeoapi-io-localhost-PathPrefix-master-2" "http://172.20.0.3:80" 35ms
66.249.65.221 - - [15/Oct/2019:15:59:55 +0000] "GET /master/collections/ogr_addresses_sqlite/items/inspireadressen.1747965 HTTP/1.1" 200 7974 "-" "Mozilla/5.0 (Linux; Android 6.0.1; Nexus 5X Build/MMB29P) AppleWebKit/537.36 (KHTML, like Gecko) Chrome/41.0.2272.96 Mobile Safari/537.36 (compatible; Googlebot/2.1; +http://www.google.com/bot.html)" 356225 "Host-demo-pygeoapi-io-localhost-PathPrefix-master-2" "http://172.20.0.3:80" 45ms
193.165.97.44 - - [15/Oct/2019:16:08:38 +0000] "GET /master HTTP/2.0" 200 7281 "-" "Mozilla/5.0 (Android 5.1.1; Tablet; rv:68.0) Gecko/68.0 Firefox/68.0" 356228 "Host-demo-pygeoapi-io-localhost-PathPrefix-master-2" "http://172.20.0.3:80" 56ms
193.165.97.44 - - [15/Oct/2019:16:08:38 +0000] "GET /master/static/css/default.css HTTP/2.0" 200 704 "https://demo.pygeoapi.io/master" "Mozilla/5.0 (Android 5.1.1; Tablet; rv:68.0) Gecko/68.0 Firefox/68.0" 356229 "Host-demo-pygeoapi-io-localhost-PathPrefix-master-2" "http://172.20.0.3:80" 2ms
193.165.97.44 - - [15/Oct/2019:16:08:38 +0000] "GET /master/static/img/logo.png HTTP/2.0" 200 21458 "https://demo.pygeoapi.io/master" "Mozilla/5.0 (Android 5.1.1; Tablet; rv:68.0) Gecko/68.0 Firefox/68.0" 356230 "Host-demo-pygeoapi-io-localhost-PathPrefix-master-2" "http://172.20.0.3:80" 2ms
193.165.97.44 - - [15/Oct/2019:16:08:38 +0000] "GET /master/static/img/pygeoapi.png HTTP/2.0" 200 21458 "https://demo.pygeoapi.io/master" "Mozilla/5.0 (Android 5.1.1; Tablet; rv:68.0) Gecko/68.0 Firefox/68.0" 356231 "Host-demo-pygeoapi-io-localhost-PathPrefix-master-2" "http://172.20.0.3:80" 2ms
193.165.97.44 - - [15/Oct/2019:16:08:39 +0000] "GET /master/static/img/favicon.ico HTTP/1.1" 200 1150 "-" "Mozilla/5.0 (Android 5.1.1; Tablet; rv:68.0) Gecko/68.0 Firefox/68.0" 356232 "Host-demo-pygeoapi-io-localhost-PathPrefix-master-2" "http://172.20.0.3:80" 2ms
193.165.97.44 - - [15/Oct/2019:16:08:59 +0000] "GET /master/processes?f=html HTTP/2.0" 200 3378 "https://demo.pygeoapi.io/master" "Mozilla/5.0 (Android 5.1.1; Tablet; rv:68.0) Gecko/68.0 Firefox/68.0" 356233 "Host-demo-pygeoapi-io-localhost-PathPrefix-master-2" "http://172.20.0.3:80" 27ms
193.165.97.44 - - [15/Oct/2019:16:09:06 +0000] "GET /master/processes/hello-world HTTP/2.0" 200 3814 "https://demo.pygeoapi.io/master/processes?f=html" "Mozilla/5.0 (Android 5.1.1; Tablet; rv:68.0) Gecko/68.0 Firefox/68.0" 356235 "Host-demo-pygeoapi-io-localhost-PathPrefix-master-2" "http://172.20.0.3:80" 22ms
193.165.97.44 - - [15/Oct/2019:16:09:39 +0000] "GET /master HTTP/2.0" 200 7281 "https://demo.pygeoapi.io/master/processes/hello-world" "Mozilla/5.0 (Android 5.1.1; Tablet; rv:68.0) Gecko/68.0 Firefox/68.0" 356236 "Host-demo-pygeoapi-io-localhost-PathPrefix-master-2" "http://172.20.0.3:80" 40ms
193.165.97.44 - - [15/Oct/2019:16:09:44 +0000] "GET /master/api?f=html HTTP/2.0" 200 1743 "https://demo.pygeoapi.io/master" "Mozilla/5.0 (Android 5.1.1; Tablet; rv:68.0) Gecko/68.0 Firefox/68.0" 356237 "Host-demo-pygeoapi-io-localhost-PathPrefix-master-2" "http://172.20.0.3:80" 239ms
193.165.97.44 - - [15/Oct/2019:16:09:46 +0000] "GET /master/api HTTP/2.0" 200 56404 "https://demo.pygeoapi.io/master/api?f=html" "Mozilla/5.0 (Android 5.1.1; Tablet; rv:68.0) Gecko/68.0 Firefox/68.0" 356238 "Host-demo-pygeoapi-io-localhost-PathPrefix-master-2" "http://172.20.0.3:80" 196ms
23.22.16.221 - - [15/Oct/2019:16:09:47 +0000] "GET /master/api HTTP/1.1" 200 56404 "-" "Apache-HttpClient/4.5.1 (Java/1.8.0_181)" 356239 "Host-demo-pygeoapi-io-localhost-PathPrefix-master-2" "http://172.20.0.3:80" 297ms
66.249.65.221 - - [15/Oct/2019:16:09:51 +0000] "GET /master/collections/ogr_addresses_sqlite/items/inspireadressen.1747965 HTTP/1.1" 200 7974 "-" "Mozilla/5.0 (Linux; Android 6.0.1; Nexus 5X Build/MMB29P) AppleWebKit/537.36 (KHTML, like Gecko) Chrome/41.0.2272.96 Mobile Safari/537.36 (compatible; Googlebot/2.1; +http://www.google.com/bot.html)" 356240 "Host-demo-pygeoapi-io-localhost-PathPrefix-master-2" "http://172.20.0.3:80" 51ms
193.165.97.44 - - [15/Oct/2019:16:10:52 +0000] "GET /master/collections/lakes?f=json HTTP/2.0" 200 1031 "https://demo.pygeoapi.io/master/api?f=html" "Mozilla/5.0 (Android 5.1.1; Tablet; rv:68.0) Gecko/68.0 Firefox/68.0" 356241 "Host-demo-pygeoapi-io-localhost-PathPrefix-master-2" "http://172.20.0.3:80" 3ms
193.165.97.44 - - [15/Oct/2019:16:11:53 +0000] "GET /master/collections?f=html HTTP/2.0" 200 13187 "https://demo.pygeoapi.io/master" "Mozilla/5.0 (Android 5.1.1; Tablet; rv:68.0) Gecko/68.0 Firefox/68.0" 356242 "Host-demo-pygeoapi-io-localhost-PathPrefix-master-2" "http://172.20.0.3:80" 26ms
193.165.97.44 - - [15/Oct/2019:16:12:11 +0000] "GET /master/collections/dutch_windmills HTTP/2.0" 200 7090 "https://demo.pygeoapi.io/master/collections?f=html" "Mozilla/5.0 (Android 5.1.1; Tablet; rv:68.0) Gecko/68.0 Firefox/68.0" 356243 "Host-demo-pygeoapi-io-localhost-PathPrefix-master-2" "http://172.20.0.3:80" 36ms
193.165.97.44 - - [15/Oct/2019:16:12:15 +0000] "GET /master/collections/dutch_windmills/items HTTP/2.0" 200 23912 "https://demo.pygeoapi.io/master/collections/dutch_windmills" "Mozilla/5.0 (Android 5.1.1; Tablet; rv:68.0) Gecko/68.0 Firefox/68.0" 356244 "Host-demo-pygeoapi-io-localhost-PathPrefix-master-2" "http://172.20.0.3:80" 413ms
193.165.97.44 - - [15/Oct/2019:16:12:33 +0000] "GET /master/collections/dutch_windmills/items?f=json HTTP/2.0" 200 7863 "https://demo.pygeoapi.io/master/collections/dutch_windmills/items" "Mozilla/5.0 (Android 5.1.1; Tablet; rv:68.0) Gecko/68.0 Firefox/68.0" 356245 "Host-demo-pygeoapi-io-localhost-PathPrefix-master-2" "http://172.20.0.3:80" 359ms
193.165.97.44 - - [15/Oct/2019:16:12:33 +0000] "GET /favicon.ico HTTP/1.1" 200 1150 "-" "Mozilla/5.0 (Android 5.1.1; Tablet; rv:68.0) Gecko/68.0 Firefox/68.0" 356246 "Host-demo-pygeoapi-io-PathPrefixStrip-1" "http://172.20.0.5:80" 2ms
50.232.230.90 - - [15/Oct/2019:16:13:25 +0000] "GET / HTTP/2.0" 200 3165 "https://github.com/" "Mozilla/5.0 (Windows NT 10.0; Win64; x64) AppleWebKit/537.36 (KHTML, like Gecko) Chrome/77.0.3865.120 Safari/537.36" 356247 "Host-demo-pygeoapi-io-PathPrefixStrip-1" "http://172.20.0.5:80" 4ms
50.232.230.90 - - [15/Oct/2019:16:13:25 +0000] "GET /static/lib/bootstrap/3.3.7/js/bootstrap.min.js HTTP/2.0" 200 37045 "https://demo.pygeoapi.io/" "Mozilla/5.0 (Windows NT 10.0; Win64; x64) AppleWebKit/537.36 (KHTML, like Gecko) Chrome/77.0.3865.120 Safari/537.36" 356250 "Host-demo-pygeoapi-io-PathPrefixStrip-1" "http://172.20.0.5:80" 4ms
50.232.230.90 - - [15/Oct/2019:16:13:25 +0000] "GET /static/lib/jquery/1.11.3/jquery.min.js HTTP/2.0" 200 95992 "https://demo.pygeoapi.io/" "Mozilla/5.0 (Windows NT 10.0; Win64; x64) AppleWebKit/537.36 (KHTML, like Gecko) Chrome/77.0.3865.120 Safari/537.36" 356249 "Host-demo-pygeoapi-io-PathPrefixStrip-1" "http://172.20.0.5:80" 5ms
50.232.230.90 - - [15/Oct/2019:16:13:25 +0000] "GET /static/lib/bootstrap/3.3.7/css/bootstrap-united.min.css HTTP/2.0" 200 122851 "https://demo.pygeoapi.io/" "Mozilla/5.0 (Windows NT 10.0; Win64; x64) AppleWebKit/537.36 (KHTML, like Gecko) Chrome/77.0.3865.120 Safari/537.36" 356248 "Host-demo-pygeoapi-io-PathPrefixStrip-1" "http://172.20.0.5:80" 1629ms
50.232.230.90 - - [15/Oct/2019:16:13:28 +0000] "GET /favicon.ico HTTP/2.0" 200 1150 "https://demo.pygeoapi.io/" "Mozilla/5.0 (Windows NT 10.0; Win64; x64) AppleWebKit/537.36 (KHTML, like Gecko) Chrome/77.0.3865.120 Safari/537.36" 356251 "Host-demo-pygeoapi-io-PathPrefixStrip-1" "http://172.20.0.5:80" 3ms
193.165.97.44 - - [15/Oct/2019:16:15:00 +0000] "GET /master/collections HTTP/2.0" 200 13187 "https://demo.pygeoapi.io/master/collections/dutch_windmills/items" "Mozilla/5.0 (Android 5.1.1; Tablet; rv:68.0) Gecko/68.0 Firefox/68.0" 356252 "Host-demo-pygeoapi-io-localhost-PathPrefix-master-2" "http://172.20.0.3:80" 26ms
193.165.97.44 - - [15/Oct/2019:16:15:03 +0000] "GET /master/collections/lakes HTTP/2.0" 200 6352 "https://demo.pygeoapi.io/master/collections" "Mozilla/5.0 (Android 5.1.1; Tablet; rv:68.0) Gecko/68.0 Firefox/68.0" 356253 "Host-demo-pygeoapi-io-localhost-PathPrefix-master-2" "http://172.20.0.3:80" 25ms
193.165.97.44 - - [15/Oct/2019:16:15:05 +0000] "GET /master/collections/lakes/items HTTP/2.0" 200 25001 "https://demo.pygeoapi.io/master/collections/lakes" "Mozilla/5.0 (Android 5.1.1; Tablet; rv:68.0) Gecko/68.0 Firefox/68.0" 356254 "Host-demo-pygeoapi-io-localhost-PathPrefix-master-2" "http://172.20.0.3:80" 34ms
193.165.97.44 - - [15/Oct/2019:16:15:21 +0000] "GET /master/collections HTTP/2.0" 200 13187 "https://demo.pygeoapi.io/master/collections/lakes/items" "Mozilla/5.0 (Android 5.1.1; Tablet; rv:68.0) Gecko/68.0 Firefox/68.0" 356255 "Host-demo-pygeoapi-io-localhost-PathPrefix-master-2" "http://172.20.0.3:80" 29ms
193.165.97.44 - - [15/Oct/2019:16:15:25 +0000] "GET /master/collections/dutch_castles HTTP/2.0" 200 7056 "https://demo.pygeoapi.io/master/collections" "Mozilla/5.0 (Android 5.1.1; Tablet; rv:68.0) Gecko/68.0 Firefox/68.0" 356256 "Host-demo-pygeoapi-io-localhost-PathPrefix-master-2" "http://172.20.0.3:80" 37ms
193.165.97.44 - - [15/Oct/2019:16:15:34 +0000] "GET /master/collections/dutch_castles/items HTTP/2.0" 200 22795 "https://demo.pygeoapi.io/master/collections/dutch_castles" "Mozilla/5.0 (Android 5.1.1; Tablet; rv:68.0) Gecko/68.0 Firefox/68.0" 356257 "Host-demo-pygeoapi-io-localhost-PathPrefix-master-2" "http://172.20.0.3:80" 358ms
193.165.97.44 - - [15/Oct/2019:16:15:43 +0000] "GET /master/collections HTTP/2.0" 200 13187 "https://demo.pygeoapi.io/master/collections/dutch_castles/items" "Mozilla/5.0 (Android 5.1.1; Tablet; rv:68.0) Gecko/68.0 Firefox/68.0" 356259 "Host-demo-pygeoapi-io-localhost-PathPrefix-master-2" "http://172.20.0.3:80" 31ms
193.165.97.44 - - [15/Oct/2019:16:15:57 +0000] "GET /master/collections/unesco_pois_italy HTTP/2.0" 200 6775 "https://demo.pygeoapi.io/master/collections" "Mozilla/5.0 (Android 5.1.1; Tablet; rv:68.0) Gecko/68.0 Firefox/68.0" 356260 "Host-demo-pygeoapi-io-localhost-PathPrefix-master-2" "http://172.20.0.3:80" 29ms
193.165.97.44 - - [15/Oct/2019:16:15:59 +0000] "GET /master/collections/unesco_pois_italy/items HTTP/2.0" 200 18204 "https://demo.pygeoapi.io/master/collections/unesco_pois_italy" "Mozilla/5.0 (Android 5.1.1; Tablet; rv:68.0) Gecko/68.0 Firefox/68.0" 356261 "Host-demo-pygeoapi-io-localhost-PathPrefix-master-2" "http://172.20.0.3:80" 509ms
193.165.97.44 - - [15/Oct/2019:16:17:41 +0000] "GET /master/collections/unesco_pois_italy/items?f=json HTTP/2.0" 200 4787 "https://demo.pygeoapi.io/master/collections/unesco_pois_italy" "Mozilla/5.0 (Android 5.1.1; Tablet; rv:68.0) Gecko/68.0 Firefox/68.0" 356263 "Host-demo-pygeoapi-io-localhost-PathPrefix-master-2" "http://172.20.0.3:80" 471ms
193.165.97.44 - - [15/Oct/2019:16:17:48 +0000] "GET /master/collections/unesco_pois_italy/items?f=html HTTP/2.0" 200 18204 "https://demo.pygeoapi.io/master/collections/unesco_pois_italy" "Mozilla/5.0 (Android 5.1.1; Tablet; rv:68.0) Gecko/68.0 Firefox/68.0" 356264 "Host-demo-pygeoapi-io-localhost-PathPrefix-master-2" "http://172.20.0.3:80" 502ms
46.229.168.150 - - [15/Oct/2019:16:19:07 +0000] "GET /robots.txt HTTP/1.1" 200 149 "-" "Mozilla/5.0 (compatible; SemrushBot/6~bl; +http://www.semrush.com/bot.html)" 356266 "Host-demo-pygeoapi-io-PathPrefixStrip-1" "http://172.20.0.5:80" 2ms
66.249.65.221 - - [15/Oct/2019:16:19:47 +0000] "GET /master/collections/ogr_gpkg_poi/items/196052488 HTTP/1.1" 200 6954 "-" "Mozilla/5.0 (Linux; Android 6.0.1; Nexus 5X Build/MMB29P) AppleWebKit/537.36 (KHTML, like Gecko) Chrome/41.0.2272.96 Mobile Safari/537.36 (compatible; Googlebot/2.1; +http://www.google.com/bot.html)" 356267 "Host-demo-pygeoapi-io-localhost-PathPrefix-master-2" "http://172.20.0.3:80" 42ms
66.249.65.221 - - [15/Oct/2019:16:19:48 +0000] "GET /master/collections/ogr_addresses_sqlite/items/inspireadressen.1747965 HTTP/1.1" 200 7974 "-" "Mozilla/5.0 (Linux; Android 6.0.1; Nexus 5X Build/MMB29P) AppleWebKit/537.36 (KHTML, like Gecko) Chrome/41.0.2272.96 Mobile Safari/537.36 (compatible; Googlebot/2.1; +http://www.google.com/bot.html)" 356268 "Host-demo-pygeoapi-io-localhost-PathPrefix-master-2" "http://172.20.0.3:80" 60ms
159.69.218.208 - - [15/Oct/2019:16:21:05 +0000] "GET /master/api HTTP/1.1" 200 56404 "-" "python-requests/2.22.0" 356271 "Host-demo-pygeoapi-io-localhost-PathPrefix-master-2" "http://172.20.0.3:80" 211ms
66.249.65.221 - - [15/Oct/2019:16:30:24 +0000] "GET /master/collections/ogr_addresses_sqlite/items/inspireadressen.1747965 HTTP/1.1" 200 7974 "-" "Mozilla/5.0 (Linux; Android 6.0.1; Nexus 5X Build/MMB29P) AppleWebKit/537.36 (KHTML, like Gecko) Chrome/41.0.2272.96 Mobile Safari/537.36 (compatible; Googlebot/2.1; +http://www.google.com/bot.html)" 356315 "Host-demo-pygeoapi-io-localhost-PathPrefix-master-2" "http://172.20.0.3:80" 36ms
66.249.65.221 - - [15/Oct/2019:16:45:24 +0000] "GET /robots.txt HTTP/1.1" 200 149 "-" "Mozilla/5.0 (compatible; Googlebot/2.1; +http://www.google.com/bot.html)" 356319 "Host-demo-pygeoapi-io-PathPrefixStrip-1" "http://172.20.0.5:80" 4ms
66.249.65.221 - - [15/Oct/2019:16:45:24 +0000] "GET /master/collections/ogr_addresses_sqlite/items/inspireadressen.1747965 HTTP/1.1" 200 7974 "-" "Mozilla/5.0 (Linux; Android 6.0.1; Nexus 5X Build/MMB29P) AppleWebKit/537.36 (KHTML, like Gecko) Chrome/41.0.2272.96 Mobile Safari/537.36 (compatible; Googlebot/2.1; +http://www.google.com/bot.html)" 356320 "Host-demo-pygeoapi-io-localhost-PathPrefix-master-2" "http://172.20.0.3:80" 40ms
66.249.65.221 - - [15/Oct/2019:16:59:10 +0000] "GET /master/collections/ogr_gpkg_poi/items/25619066 HTTP/1.1" 200 6936 "-" "Mozilla/5.0 (Linux; Android 6.0.1; Nexus 5X Build/MMB29P) AppleWebKit/537.36 (KHTML, like Gecko) Chrome/41.0.2272.96 Mobile Safari/537.36 (compatible; Googlebot/2.1; +http://www.google.com/bot.html)" 356327 "Host-demo-pygeoapi-io-localhost-PathPrefix-master-2" "http://172.20.0.3:80" 41ms
66.249.65.221 - - [15/Oct/2019:16:59:10 +0000] "GET /master/collections/ogr_addresses_sqlite/items/inspireadressen.1747965 HTTP/1.1" 200 7974 "-" "Mozilla/5.0 (Linux; Android 6.0.1; Nexus 5X Build/MMB29P) AppleWebKit/537.36 (KHTML, like Gecko) Chrome/41.0.2272.96 Mobile Safari/537.36 (compatible; Googlebot/2.1; +http://www.google.com/bot.html)" 356328 "Host-demo-pygeoapi-io-localhost-PathPrefix-master-2" "http://172.20.0.3:80" 54ms
66.249.65.221 - - [15/Oct/2019:17:09:14 +0000] "GET /master/collections/ogr_addresses_sqlite/items/inspireadressen.1747965 HTTP/1.1" 200 7974 "-" "Mozilla/5.0 (Linux; Android 6.0.1; Nexus 5X Build/MMB29P) AppleWebKit/537.36 (KHTML, like Gecko) Chrome/41.0.2272.96 Mobile Safari/537.36 (compatible; Googlebot/2.1; +http://www.google.com/bot.html)" 356332 "Host-demo-pygeoapi-io-localhost-PathPrefix-master-2" "http://172.20.0.3:80" 41ms
66.249.65.221 - - [15/Oct/2019:17:19:18 +0000] "GET /master/collections/ogr_addresses_sqlite/items/inspireadressen.1747965 HTTP/1.1" 200 7974 "-" "Mozilla/5.0 (Linux; Android 6.0.1; Nexus 5X Build/MMB29P) AppleWebKit/537.36 (KHTML, like Gecko) Chrome/41.0.2272.96 Mobile Safari/537.36 (compatible; Googlebot/2.1; +http://www.google.com/bot.html)" 356336 "Host-demo-pygeoapi-io-localhost-PathPrefix-master-2" "http://172.20.0.3:80" 40ms
159.69.218.208 - - [15/Oct/2019:17:21:05 +0000] "GET /master/api HTTP/1.1" 200 56404 "-" "python-requests/2.22.0" 356339 "Host-demo-pygeoapi-io-localhost-PathPrefix-master-2" "http://172.20.0.3:80" 180ms
66.249.65.221 - - [15/Oct/2019:17:29:14 +0000] "GET /master/collections/ogr_addresses_sqlite/items/inspireadressen.1747965 HTTP/1.1" 200 7974 "-" "Mozilla/5.0 (Linux; Android 6.0.1; Nexus 5X Build/MMB29P) AppleWebKit/537.36 (KHTML, like Gecko) Chrome/41.0.2272.96 Mobile Safari/537.36 (compatible; Googlebot/2.1; +http://www.google.com/bot.html)" 356383 "Host-demo-pygeoapi-io-localhost-PathPrefix-master-2" "http://172.20.0.3:80" 39ms
66.249.65.221 - - [15/Oct/2019:17:39:20 +0000] "GET /master/collections/ogr_addresses_sqlite/items/inspireadressen.1747965 HTTP/1.1" 200 7974 "-" "Mozilla/5.0 (Linux; Android 6.0.1; Nexus 5X Build/MMB29P) AppleWebKit/537.36 (KHTML, like Gecko) Chrome/41.0.2272.96 Mobile Safari/537.36 (compatible; Googlebot/2.1; +http://www.google.com/bot.html)" 356387 "Host-demo-pygeoapi-io-localhost-PathPrefix-master-2" "http://172.20.0.3:80" 39ms
198.108.66.64 - - [15/Oct/2019:17:46:49 +0000] "GET / HTTP/1.1" 302 5 "-" "Mozilla/5.0 zgrab/0.x" 356390 "entrypoint redirect for http" "/" 0ms
198.108.66.64 - - [15/Oct/2019:17:46:50 +0000] "GET / HTTP/1.1" 404 19 "http://94.130.176.245:80/" "Mozilla/5.0 zgrab/0.x" 356391 "backend not found" "/" 0ms
66.249.65.221 - - [15/Oct/2019:17:49:21 +0000] "GET /robots.txt HTTP/1.1" 200 149 "-" "Mozilla/5.0 (compatible; Googlebot/2.1; +http://www.google.com/bot.html)" 356393 "Host-demo-pygeoapi-io-PathPrefixStrip-1" "http://172.20.0.5:80" 3ms
66.249.65.221 - - [15/Oct/2019:17:49:21 +0000] "GET /master/collections/ogr_addresses_sqlite/items/inspireadressen.1747965 HTTP/1.1" 200 7974 "-" "Mozilla/5.0 (Linux; Android 6.0.1; Nexus 5X Build/MMB29P) AppleWebKit/537.36 (KHTML, like Gecko) Chrome/41.0.2272.96 Mobile Safari/537.36 (compatible; Googlebot/2.1; +http://www.google.com/bot.html)" 356394 "Host-demo-pygeoapi-io-localhost-PathPrefix-master-2" "http://172.20.0.3:80" 47ms
66.249.65.221 - - [15/Oct/2019:17:59:19 +0000] "GET /master/collections/ogr_addresses_sqlite/items/inspireadressen.1747965 HTTP/1.1" 200 7974 "-" "Mozilla/5.0 (Linux; Android 6.0.1; Nexus 5X Build/MMB29P) AppleWebKit/537.36 (KHTML, like Gecko) Chrome/41.0.2272.96 Mobile Safari/537.36 (compatible; Googlebot/2.1; +http://www.google.com/bot.html)" 356398 "Host-demo-pygeoapi-io-localhost-PathPrefix-master-1" "http://172.20.0.3:80" 80ms
198.161.238.19 - - [15/Oct/2019:18:04:51 +0000] "GET / HTTP/2.0" 200 3165 "https://geopython.github.io/pygeoapi/" "Mozilla/5.0 (Linux; Android 10; Pixel 2 XL) AppleWebKit/537.36 (KHTML, like Gecko) Chrome/77.0.3865.116 Mobile Safari/537.36" 356399 "Host-demo-pygeoapi-io-PathPrefixStrip-1" "http://172.20.0.5:80" 3ms
198.161.238.19 - - [15/Oct/2019:18:04:51 +0000] "GET /static/lib/bootstrap/3.3.7/js/bootstrap.min.js HTTP/2.0" 200 37045 "https://demo.pygeoapi.io/" "Mozilla/5.0 (Linux; Android 10; Pixel 2 XL) AppleWebKit/537.36 (KHTML, like Gecko) Chrome/77.0.3865.116 Mobile Safari/537.36" 356402 "Host-demo-pygeoapi-io-PathPrefixStrip-1" "http://172.20.0.5:80" 3ms
198.161.238.19 - - [15/Oct/2019:18:04:51 +0000] "GET /static/lib/bootstrap/3.3.7/css/bootstrap-united.min.css HTTP/2.0" 200 122851 "https://demo.pygeoapi.io/" "Mozilla/5.0 (Linux; Android 10; Pixel 2 XL) AppleWebKit/537.36 (KHTML, like Gecko) Chrome/77.0.3865.116 Mobile Safari/537.36" 356400 "Host-demo-pygeoapi-io-PathPrefixStrip-1" "http://172.20.0.5:80" 271ms
198.161.238.19 - - [15/Oct/2019:18:04:51 +0000] "GET /static/lib/jquery/1.11.3/jquery.min.js HTTP/2.0" 200 95992 "https://demo.pygeoapi.io/" "Mozilla/5.0 (Linux; Android 10; Pixel 2 XL) AppleWebKit/537.36 (KHTML, like Gecko) Chrome/77.0.3865.116 Mobile Safari/537.36" 356401 "Host-demo-pygeoapi-io-PathPrefixStrip-1" "http://172.20.0.5:80" 271ms
198.161.238.19 - - [15/Oct/2019:18:04:53 +0000] "GET /favicon.ico HTTP/2.0" 200 1150 "https://demo.pygeoapi.io/" "Mozilla/5.0 (Linux; Android 10; Pixel 2 XL) AppleWebKit/537.36 (KHTML, like Gecko) Chrome/77.0.3865.116 Mobile Safari/537.36" 356403 "Host-demo-pygeoapi-io-PathPrefixStrip-1" "http://172.20.0.5:80" 3ms
66.249.65.221 - - [15/Oct/2019:18:09:21 +0000] "GET /master/collections/ogr_addresses_sqlite/items/inspireadressen.1747965 HTTP/1.1" 200 7974 "-" "Mozilla/5.0 (Linux; Android 6.0.1; Nexus 5X Build/MMB29P) AppleWebKit/537.36 (KHTML, like Gecko) Chrome/41.0.2272.96 Mobile Safari/537.36 (compatible; Googlebot/2.1; +http://www.google.com/bot.html)" 356407 "Host-demo-pygeoapi-io-localhost-PathPrefix-master-1" "http://172.20.0.3:80" 42ms
66.249.65.222 - - [15/Oct/2019:18:12:26 +0000] "GET /master/collections/ogr_addresses_gpkg/items/inspireadressen.1744963?f=html HTTP/1.1" 200 7957 "-" "Mozilla/5.0 (compatible; Googlebot/2.1; +http://www.google.com/bot.html)" 356408 "Host-demo-pygeoapi-io-localhost-PathPrefix-master-1" "http://172.20.0.3:80" 40ms
66.249.65.221 - - [15/Oct/2019:18:19:28 +0000] "GET /master/collections/ogr_addresses_sqlite/items/inspireadressen.1747965 HTTP/1.1" 200 7974 "-" "Mozilla/5.0 (Linux; Android 6.0.1; Nexus 5X Build/MMB29P) AppleWebKit/537.36 (KHTML, like Gecko) Chrome/41.0.2272.96 Mobile Safari/537.36 (compatible; Googlebot/2.1; +http://www.google.com/bot.html)" 356412 "Host-demo-pygeoapi-io-localhost-PathPrefix-master-1" "http://172.20.0.3:80" 42ms
159.69.218.208 - - [15/Oct/2019:18:21:05 +0000] "GET /master/api HTTP/1.1" 200 56404 "-" "python-requests/2.22.0" 356415 "Host-demo-pygeoapi-io-localhost-PathPrefix-master-1" "http://172.20.0.3:80" 240ms
66.249.65.221 - - [15/Oct/2019:18:29:29 +0000] "GET /master/collections/ogr_addresses_sqlite/items/inspireadressen.1747965 HTTP/1.1" 200 7974 "-" "Mozilla/5.0 (Linux; Android 6.0.1; Nexus 5X Build/MMB29P) AppleWebKit/537.36 (KHTML, like Gecko) Chrome/41.0.2272.96 Mobile Safari/537.36 (compatible; Googlebot/2.1; +http://www.google.com/bot.html)" 356459 "Host-demo-pygeoapi-io-localhost-PathPrefix-master-1" "http://172.20.0.3:80" 38ms
65.154.226.220 - - [15/Oct/2019:18:36:17 +0000] "GET / HTTP/1.1" 302 5 "-" "Mozilla/5.0 (X11; Linux x86_64) AppleWebKit/537.36 (KHTML, like Gecko) HeadlessChrome/74.0.3729.157 Safari/537.36" 356461 "entrypoint redirect for http" "/" 0ms
65.154.226.220 - - [15/Oct/2019:18:36:18 +0000] "GET / HTTP/2.0" 404 19 "-" "Mozilla/5.0 (X11; Linux x86_64) AppleWebKit/537.36 (KHTML, like Gecko) HeadlessChrome/74.0.3729.157 Safari/537.36" 356462 "backend not found" "/" 0ms
66.249.65.221 - - [15/Oct/2019:18:39:25 +0000] "GET /master/collections/ogr_addresses_sqlite/items/inspireadressen.1747965 HTTP/1.1" 200 7974 "-" "Mozilla/5.0 (Linux; Android 6.0.1; Nexus 5X Build/MMB29P) AppleWebKit/537.36 (KHTML, like Gecko) Chrome/41.0.2272.96 Mobile Safari/537.36 (compatible; Googlebot/2.1; +http://www.google.com/bot.html)" 356465 "Host-demo-pygeoapi-io-localhost-PathPrefix-master-1" "http://172.20.0.3:80" 45ms
66.249.65.221 - - [15/Oct/2019:18:49:28 +0000] "GET /robots.txt HTTP/1.1" 200 149 "-" "Mozilla/5.0 (compatible; Googlebot/2.1; +http://www.google.com/bot.html)" 356469 "Host-demo-pygeoapi-io-PathPrefixStrip-1" "http://172.20.0.5:80" 2ms
66.249.65.221 - - [15/Oct/2019:18:49:28 +0000] "GET /master/collections/ogr_addresses_sqlite/items/inspireadressen.1747965 HTTP/1.1" 200 7974 "-" "Mozilla/5.0 (Linux; Android 6.0.1; Nexus 5X Build/MMB29P) AppleWebKit/537.36 (KHTML, like Gecko) Chrome/41.0.2272.96 Mobile Safari/537.36 (compatible; Googlebot/2.1; +http://www.google.com/bot.html)" 356470 "Host-demo-pygeoapi-io-localhost-PathPrefix-master-1" "http://172.20.0.3:80" 39ms
66.249.65.221 - - [15/Oct/2019:18:59:23 +0000] "GET /master/collections/ogr_addresses_sqlite/items/inspireadressen.1747965 HTTP/1.1" 200 7974 "-" "Mozilla/5.0 (Linux; Android 6.0.1; Nexus 5X Build/MMB29P) AppleWebKit/537.36 (KHTML, like Gecko) Chrome/41.0.2272.96 Mobile Safari/537.36 (compatible; Googlebot/2.1; +http://www.google.com/bot.html)" 356474 "Host-demo-pygeoapi-io-localhost-PathPrefix-master-1" "http://172.20.0.3:80" 38ms
66.249.65.221 - - [15/Oct/2019:19:14:35 +0000] "GET /master/collections/ogr_addresses_sqlite/items/inspireadressen.1747965 HTTP/1.1" 200 7974 "-" "Mozilla/5.0 (Linux; Android 6.0.1; Nexus 5X Build/MMB29P) AppleWebKit/537.36 (KHTML, like Gecko) Chrome/41.0.2272.96 Mobile Safari/537.36 (compatible; Googlebot/2.1; +http://www.google.com/bot.html)" 356478 "Host-demo-pygeoapi-io-localhost-PathPrefix-master-1" "http://172.20.0.3:80" 41ms
66.249.65.221 - - [15/Oct/2019:19:20:40 +0000] "GET /master/collections/ogr_gpkg_wales_railway_lines HTTP/1.1" 200 6979 "-" "Mozilla/5.0 (Linux; Android 6.0.1; Nexus 5X Build/MMB29P) AppleWebKit/537.36 (KHTML, like Gecko) Chrome/41.0.2272.96 Mobile Safari/537.36 (compatible; Googlebot/2.1; +http://www.google.com/bot.html)" 356482 "Host-demo-pygeoapi-io-localhost-PathPrefix-master-1" "http://172.20.0.3:80" 27ms
159.69.218.208 - - [15/Oct/2019:19:21:05 +0000] "GET /master/api HTTP/1.1" 200 56404 "-" "python-requests/2.22.0" 356485 "Host-demo-pygeoapi-io-localhost-PathPrefix-master-1" "http://172.20.0.3:80" 245ms
66.249.65.221 - - [15/Oct/2019:19:24:38 +0000] "GET /master/collections/ogr_addresses_sqlite/items/inspireadressen.1747965 HTTP/1.1" 200 7974 "-" "Mozilla/5.0 (Linux; Android 6.0.1; Nexus 5X Build/MMB29P) AppleWebKit/537.36 (KHTML, like Gecko) Chrome/41.0.2272.96 Mobile Safari/537.36 (compatible; Googlebot/2.1; +http://www.google.com/bot.html)" 356526 "Host-demo-pygeoapi-io-localhost-PathPrefix-master-1" "http://172.20.0.3:80" 35ms
66.249.65.221 - - [15/Oct/2019:19:50:10 +0000] "GET /robots.txt HTTP/1.1" 200 149 "-" "Mozilla/5.0 (compatible; Googlebot/2.1; +http://www.google.com/bot.html)" 356538 "Host-demo-pygeoapi-io-PathPrefixStrip-1" "http://172.20.0.5:80" 2ms
66.249.65.221 - - [15/Oct/2019:19:50:10 +0000] "GET /master/collections/ogr_addresses_sqlite/items/inspireadressen.1747965 HTTP/1.1" 200 7974 "-" "Mozilla/5.0 (Linux; Android 6.0.1; Nexus 5X Build/MMB29P) AppleWebKit/537.36 (KHTML, like Gecko) Chrome/41.0.2272.96 Mobile Safari/537.36 (compatible; Googlebot/2.1; +http://www.google.com/bot.html)" 356537 "Host-demo-pygeoapi-io-localhost-PathPrefix-master-1" "http://172.20.0.3:80" 36ms
66.249.65.221 - - [15/Oct/2019:20:00:10 +0000] "GET /master/collections/ogr_addresses_sqlite/items/inspireadressen.1747965 HTTP/1.1" 200 7974 "-" "Mozilla/5.0 (Linux; Android 6.0.1; Nexus 5X Build/MMB29P) AppleWebKit/537.36 (KHTML, like Gecko) Chrome/41.0.2272.96 Mobile Safari/537.36 (compatible; Googlebot/2.1; +http://www.google.com/bot.html)" 356543 "Host-demo-pygeoapi-io-localhost-PathPrefix-master-0" "http://172.20.0.3:80" 36ms
173.205.33.21 - - [15/Oct/2019:20:01:05 +0000] "GET /master HTTP/1.1" 200 7281 "-" "Mozilla/5.0 (Windows NT 6.1; WOW64; Trident/7.0; rv:11.0) like Gecko" 356544 "Host-demo-pygeoapi-io-localhost-PathPrefix-master-0" "http://172.20.0.3:80" 43ms
64.15.115.19 - - [15/Oct/2019:20:04:28 +0000] "GET /master HTTP/1.1" 200 7281 "-" "Mozilla/5.0 (Windows NT 6.1; Win64; x64) AppleWebKit/537.36 (KHTML, like Gecko) Chrome/77.0.3865.90 Safari/537.36" 356546 "Host-demo-pygeoapi-io-localhost-PathPrefix-master-0" "http://172.20.0.3:80" 40ms
64.15.115.19 - - [15/Oct/2019:20:04:28 +0000] "GET /master/static/css/default.css HTTP/1.1" 200 704 "https://demo.pygeoapi.io/master" "Mozilla/5.0 (Windows NT 6.1; Win64; x64) AppleWebKit/537.36 (KHTML, like Gecko) Chrome/77.0.3865.90 Safari/537.36" 356547 "Host-demo-pygeoapi-io-localhost-PathPrefix-master-0" "http://172.20.0.3:80" 2ms
64.15.115.19 - - [15/Oct/2019:20:04:29 +0000] "GET /master/static/img/logo.png HTTP/1.1" 200 21458 "https://demo.pygeoapi.io/master" "Mozilla/5.0 (Windows NT 6.1; Win64; x64) AppleWebKit/537.36 (KHTML, like Gecko) Chrome/77.0.3865.90 Safari/537.36" 356548 "Host-demo-pygeoapi-io-localhost-PathPrefix-master-0" "http://172.20.0.3:80" 2ms
64.15.115.19 - - [15/Oct/2019:20:04:29 +0000] "GET /master/static/img/pygeoapi.png HTTP/1.1" 200 21458 "https://demo.pygeoapi.io/master" "Mozilla/5.0 (Windows NT 6.1; Win64; x64) AppleWebKit/537.36 (KHTML, like Gecko) Chrome/77.0.3865.90 Safari/537.36" 356549 "Host-demo-pygeoapi-io-localhost-PathPrefix-master-0" "http://172.20.0.3:80" 3ms
83.163.98.176 - - [15/Oct/2019:20:11:46 +0000] "GET /master HTTP/2.0" 200 7281 "https://github.com/qgis/QGIS/pull/32262" "Mozilla/5.0 (Macintosh; Intel Mac OS X 10_15_1) AppleWebKit/605.1.15 (KHTML, like Gecko) Version/13.0.3 Safari/605.1.15" 356553 "Host-demo-pygeoapi-io-localhost-PathPrefix-master-0" "http://172.20.0.3:80" 51ms
83.163.98.176 - - [15/Oct/2019:20:11:46 +0000] "GET /master/static/img/logo.png HTTP/2.0" 200 21458 "https://demo.pygeoapi.io/master" "Mozilla/5.0 (Macintosh; Intel Mac OS X 10_15_1) AppleWebKit/605.1.15 (KHTML, like Gecko) Version/13.0.3 Safari/605.1.15" 356554 "Host-demo-pygeoapi-io-localhost-PathPrefix-master-0" "http://172.20.0.3:80" 3ms
83.163.98.176 - - [15/Oct/2019:20:11:46 +0000] "GET /master/static/css/default.css HTTP/2.0" 200 704 "https://demo.pygeoapi.io/master" "Mozilla/5.0 (Macintosh; Intel Mac OS X 10_15_1) AppleWebKit/605.1.15 (KHTML, like Gecko) Version/13.0.3 Safari/605.1.15" 356555 "Host-demo-pygeoapi-io-localhost-PathPrefix-master-0" "http://172.20.0.3:80" 5ms
83.163.98.176 - - [15/Oct/2019:20:11:46 +0000] "GET /master/static/img/pygeoapi.png HTTP/2.0" 200 21458 "https://demo.pygeoapi.io/master" "Mozilla/5.0 (Macintosh; Intel Mac OS X 10_15_1) AppleWebKit/605.1.15 (KHTML, like Gecko) Version/13.0.3 Safari/605.1.15" 356556 "Host-demo-pygeoapi-io-localhost-PathPrefix-master-0" "http://172.20.0.3:80" 5ms
83.163.98.176 - - [15/Oct/2019:20:11:46 +0000] "GET /master/static/img/favicon.ico HTTP/2.0" 200 1150 "https://demo.pygeoapi.io/master" "Mozilla/5.0 (Macintosh; Intel Mac OS X 10_15_1) AppleWebKit/605.1.15 (KHTML, like Gecko) Version/13.0.3 Safari/605.1.15" 356557 "Host-demo-pygeoapi-io-localhost-PathPrefix-master-0" "http://172.20.0.3:80" 3ms
83.163.98.176 - - [15/Oct/2019:20:12:02 +0000] "GET /master/collections?f=html HTTP/2.0" 200 13187 "https://demo.pygeoapi.io/master" "Mozilla/5.0 (Macintosh; Intel Mac OS X 10_15_1) AppleWebKit/605.1.15 (KHTML, like Gecko) Version/13.0.3 Safari/605.1.15" 356558 "Host-demo-pygeoapi-io-localhost-PathPrefix-master-0" "http://172.20.0.3:80" 27ms
83.163.98.176 - - [15/Oct/2019:20:12:04 +0000] "GET /master/collections/dutch_windmills HTTP/2.0" 200 7090 "https://demo.pygeoapi.io/master/collections?f=html" "Mozilla/5.0 (Macintosh; Intel Mac OS X 10_15_1) AppleWebKit/605.1.15 (KHTML, like Gecko) Version/13.0.3 Safari/605.1.15" 356559 "Host-demo-pygeoapi-io-localhost-PathPrefix-master-0" "http://172.20.0.3:80" 30ms
83.163.98.176 - - [15/Oct/2019:20:12:09 +0000] "GET /master/collections/dutch_windmills/items?f=json HTTP/2.0" 200 7863 "https://demo.pygeoapi.io/master/collections/dutch_windmills" "Mozilla/5.0 (Macintosh; Intel Mac OS X 10_15_1) AppleWebKit/605.1.15 (KHTML, like Gecko) Version/13.0.3 Safari/605.1.15" 356560 "Host-demo-pygeoapi-io-localhost-PathPrefix-master-0" "http://172.20.0.3:80" 439ms
83.163.98.176 - - [15/Oct/2019:20:12:10 +0000] "GET /favicon.ico HTTP/2.0" 200 1150 "https://demo.pygeoapi.io/master/collections/dutch_windmills/items?f=json" "Mozilla/5.0 (Macintosh; Intel Mac OS X 10_15_1) AppleWebKit/605.1.15 (KHTML, like Gecko) Version/13.0.3 Safari/605.1.15" 356561 "Host-demo-pygeoapi-io-PathPrefixStrip-0" "http://172.20.0.5:80" 2ms
66.249.65.221 - - [15/Oct/2019:20:12:40 +0000] "GET /master/collections/ogr_addresses_sqlite/items/inspireadressen.1747965 HTTP/1.1" 200 7974 "-" "Mozilla/5.0 (Linux; Android 6.0.1; Nexus 5X Build/MMB29P) AppleWebKit/537.36 (KHTML, like Gecko) Chrome/41.0.2272.96 Mobile Safari/537.36 (compatible; Googlebot/2.1; +http://www.google.com/bot.html)" 356562 "Host-demo-pygeoapi-io-localhost-PathPrefix-master-0" "http://172.20.0.3:80" 36ms
83.163.98.176 - - [15/Oct/2019:20:13:27 +0000] "GET /master/collections/dutch_windmills/items?startindex=10 HTTP/2.0" 200 24310 "-" "Mozilla/5.0 (Macintosh; Intel Mac OS X 10_15_1) AppleWebKit/605.1.15 (KHTML, like Gecko) Version/13.0.3 Safari/605.1.15" 356563 "Host-demo-pygeoapi-io-localhost-PathPrefix-master-0" "http://172.20.0.3:80" 357ms
83.163.98.176 - - [15/Oct/2019:20:13:37 +0000] "GET /master/collections/dutch_windmills/items?f=json HTTP/2.0" 200 7863 "https://demo.pygeoapi.io/master/collections/dutch_windmills/items?startindex=10" "Mozilla/5.0 (Macintosh; Intel Mac OS X 10_15_1) AppleWebKit/605.1.15 (KHTML, like Gecko) Version/13.0.3 Safari/605.1.15" 356564 "Host-demo-pygeoapi-io-localhost-PathPrefix-master-0" "http://172.20.0.3:80" 306ms
83.163.98.176 - - [15/Oct/2019:20:14:26 +0000] "GET /master/collections/dutch_windmills/items?startindex=10 HTTP/2.0" 200 24310 "-" "Mozilla/5.0 (Macintosh; Intel Mac OS X 10_15_1) AppleWebKit/605.1.15 (KHTML, like Gecko) Version/13.0.3 Safari/605.1.15" 356565 "Host-demo-pygeoapi-io-localhost-PathPrefix-master-0" "http://172.20.0.3:80" 352ms
83.163.98.176 - - [15/Oct/2019:20:14:27 +0000] "GET /master/collections/dutch_windmills/items?startindex=10 HTTP/2.0" 200 24310 "-" "Mozilla/5.0 (Macintosh; Intel Mac OS X 10_15_1) AppleWebKit/605.1.15 (KHTML, like Gecko) Version/13.0.3 Safari/605.1.15" 356566 "Host-demo-pygeoapi-io-localhost-PathPrefix-master-0" "http://172.20.0.3:80" 382ms
83.163.98.176 - - [15/Oct/2019:20:14:30 +0000] "GET /master/collections/dutch_windmills/items?f=json HTTP/2.0" 200 7863 "https://demo.pygeoapi.io/master/collections/dutch_windmills/items?startindex=10" "Mozilla/5.0 (Macintosh; Intel Mac OS X 10_15_1) AppleWebKit/605.1.15 (KHTML, like Gecko) Version/13.0.3 Safari/605.1.15" 356567 "Host-demo-pygeoapi-io-localhost-PathPrefix-master-0" "http://172.20.0.3:80" 345ms
83.163.98.176 - - [15/Oct/2019:20:14:43 +0000] "GET /master/collections/dutch_windmills/items?startindex=10 HTTP/2.0" 200 8055 "-" "curl/7.64.1" 356568 "Host-demo-pygeoapi-io-localhost-PathPrefix-master-0" "http://172.20.0.3:80" 316ms
159.69.218.208 - - [15/Oct/2019:20:21:05 +0000] "GET /master/api HTTP/1.1" 200 56404 "-" "python-requests/2.22.0" 356573 "Host-demo-pygeoapi-io-localhost-PathPrefix-master-0" "http://172.20.0.3:80" 252ms
66.249.65.221 - - [15/Oct/2019:20:22:52 +0000] "GET /master/collections/ogr_addresses_sqlite/items/inspireadressen.1747965 HTTP/1.1" 200 7974 "-" "Mozilla/5.0 (Linux; Android 6.0.1; Nexus 5X Build/MMB29P) AppleWebKit/537.36 (KHTML, like Gecko) Chrome/41.0.2272.96 Mobile Safari/537.36 (compatible; Googlebot/2.1; +http://www.google.com/bot.html)" 356615 "Host-demo-pygeoapi-io-localhost-PathPrefix-master-0" "http://172.20.0.3:80" 36ms
83.163.98.176 - - [15/Oct/2019:20:27:57 +0000] "GET /master HTTP/2.0" 200 7281 "https://github.com/qgis/QGIS/pull/32262" "Mozilla/5.0 (Macintosh; Intel Mac OS X 10_15_1) AppleWebKit/605.1.15 (KHTML, like Gecko) Version/13.0.3 Safari/605.1.15" 356616 "Host-demo-pygeoapi-io-localhost-PathPrefix-master-0" "http://172.20.0.3:80" 42ms
83.163.98.176 - - [15/Oct/2019:20:28:04 +0000] "GET /master?f=json HTTP/2.0" 200 994 "https://demo.pygeoapi.io/master" "Mozilla/5.0 (Macintosh; Intel Mac OS X 10_15_1) AppleWebKit/605.1.15 (KHTML, like Gecko) Version/13.0.3 Safari/605.1.15" 356617 "Host-demo-pygeoapi-io-localhost-PathPrefix-master-0" "http://172.20.0.3:80" 4ms
83.163.98.176 - - [15/Oct/2019:20:32:07 +0000] "GET /master HTTP/2.0" 200 7281 "https://github.com/geopython/pygeoapi" "Mozilla/5.0 (Macintosh; Intel Mac OS X 10_15_1) AppleWebKit/537.36 (KHTML, like Gecko) Chrome/77.0.3865.90 Safari/537.36" 356621 "Host-demo-pygeoapi-io-localhost-PathPrefix-master-0" "http://172.20.0.3:80" 43ms
83.163.98.176 - - [15/Oct/2019:20:32:07 +0000] "GET /master/static/css/default.css HTTP/2.0" 200 704 "https://demo.pygeoapi.io/master" "Mozilla/5.0 (Macintosh; Intel Mac OS X 10_15_1) AppleWebKit/537.36 (KHTML, like Gecko) Chrome/77.0.3865.90 Safari/537.36" 356622 "Host-demo-pygeoapi-io-localhost-PathPrefix-master-0" "http://172.20.0.3:80" 2ms
83.163.98.176 - - [15/Oct/2019:20:32:07 +0000] "GET /master/static/img/logo.png HTTP/2.0" 200 21458 "https://demo.pygeoapi.io/master" "Mozilla/5.0 (Macintosh; Intel Mac OS X 10_15_1) AppleWebKit/537.36 (KHTML, like Gecko) Chrome/77.0.3865.90 Safari/537.36" 356623 "Host-demo-pygeoapi-io-localhost-PathPrefix-master-0" "http://172.20.0.3:80" 3ms
83.163.98.176 - - [15/Oct/2019:20:32:07 +0000] "GET /master/static/img/pygeoapi.png HTTP/2.0" 200 21458 "https://demo.pygeoapi.io/master" "Mozilla/5.0 (Macintosh; Intel Mac OS X 10_15_1) AppleWebKit/537.36 (KHTML, like Gecko) Chrome/77.0.3865.90 Safari/537.36" 356624 "Host-demo-pygeoapi-io-localhost-PathPrefix-master-0" "http://172.20.0.3:80" 2ms
83.163.98.176 - - [15/Oct/2019:20:32:07 +0000] "GET /master/static/img/favicon.ico HTTP/2.0" 200 1150 "https://demo.pygeoapi.io/master" "Mozilla/5.0 (Macintosh; Intel Mac OS X 10_15_1) AppleWebKit/537.36 (KHTML, like Gecko) Chrome/77.0.3865.90 Safari/537.36" 356625 "Host-demo-pygeoapi-io-localhost-PathPrefix-master-0" "http://172.20.0.3:80" 2ms
83.163.98.176 - - [15/Oct/2019:20:32:10 +0000] "GET /master/collections?f=html HTTP/2.0" 200 13187 "https://demo.pygeoapi.io/master" "Mozilla/5.0 (Macintosh; Intel Mac OS X 10_15_1) AppleWebKit/537.36 (KHTML, like Gecko) Chrome/77.0.3865.90 Safari/537.36" 356626 "Host-demo-pygeoapi-io-localhost-PathPrefix-master-0" "http://172.20.0.3:80" 24ms
82.240.16.225 - - [15/Oct/2019:20:32:13 +0000] "GET /master HTTP/2.0" 200 7281 "https://github.com/qgis/QGIS/pull/32262" "Mozilla/5.0 (X11; Ubuntu; Linux x86_64; rv:69.0) Gecko/20100101 Firefox/69.0" 356627 "Host-demo-pygeoapi-io-localhost-PathPrefix-master-0" "http://172.20.0.3:80" 37ms
82.240.16.225 - - [15/Oct/2019:20:32:13 +0000] "GET /master/static/css/default.css HTTP/2.0" 200 704 "https://demo.pygeoapi.io/master" "Mozilla/5.0 (X11; Ubuntu; Linux x86_64; rv:69.0) Gecko/20100101 Firefox/69.0" 356628 "Host-demo-pygeoapi-io-localhost-PathPrefix-master-0" "http://172.20.0.3:80" 4ms
82.240.16.225 - - [15/Oct/2019:20:32:13 +0000] "GET /master/static/img/logo.png HTTP/2.0" 200 21458 "https://demo.pygeoapi.io/master" "Mozilla/5.0 (X11; Ubuntu; Linux x86_64; rv:69.0) Gecko/20100101 Firefox/69.0" 356629 "Host-demo-pygeoapi-io-localhost-PathPrefix-master-0" "http://172.20.0.3:80" 4ms
82.240.16.225 - - [15/Oct/2019:20:32:13 +0000] "GET /master/static/img/pygeoapi.png HTTP/2.0" 200 21458 "https://demo.pygeoapi.io/master" "Mozilla/5.0 (X11; Ubuntu; Linux x86_64; rv:69.0) Gecko/20100101 Firefox/69.0" 356630 "Host-demo-pygeoapi-io-localhost-PathPrefix-master-0" "http://172.20.0.3:80" 4ms
82.240.16.225 - - [15/Oct/2019:20:32:13 +0000] "GET /master/static/img/favicon.ico HTTP/2.0" 200 1150 "-" "Mozilla/5.0 (X11; Ubuntu; Linux x86_64; rv:69.0) Gecko/20100101 Firefox/69.0" 356631 "Host-demo-pygeoapi-io-localhost-PathPrefix-master-0" "http://172.20.0.3:80" 3ms
83.163.98.176 - - [15/Oct/2019:20:32:27 +0000] "GET /master/collections/ogr_geojson_lakes HTTP/2.0" 200 6548 "https://demo.pygeoapi.io/master/collections?f=html" "Mozilla/5.0 (Macintosh; Intel Mac OS X 10_15_1) AppleWebKit/537.36 (KHTML, like Gecko) Chrome/77.0.3865.90 Safari/537.36" 356632 "Host-demo-pygeoapi-io-localhost-PathPrefix-master-0" "http://172.20.0.3:80" 28ms
83.163.98.176 - - [15/Oct/2019:20:32:33 +0000] "GET /master/collections/ogr_geojson_lakes/items?f=json HTTP/2.0" 200 12345 "https://demo.pygeoapi.io/master/collections/ogr_geojson_lakes" "Mozilla/5.0 (Macintosh; Intel Mac OS X 10_15_1) AppleWebKit/537.36 (KHTML, like Gecko) Chrome/77.0.3865.90 Safari/537.36" 356633 "Host-demo-pygeoapi-io-localhost-PathPrefix-master-0" "http://172.20.0.3:80" 11ms
83.163.98.176 - - [15/Oct/2019:20:32:33 +0000] "GET /favicon.ico HTTP/2.0" 200 1150 "https://demo.pygeoapi.io/master/collections/ogr_geojson_lakes/items?f=json" "Mozilla/5.0 (Macintosh; Intel Mac OS X 10_15_1) AppleWebKit/537.36 (KHTML, like Gecko) Chrome/77.0.3865.90 Safari/537.36" 356634 "Host-demo-pygeoapi-io-PathPrefixStrip-0" "http://172.20.0.5:80" 2ms
66.249.65.221 - - [15/Oct/2019:20:37:42 +0000] "GET /master/collections/ogr_addresses_sqlite/items/inspireadressen.1747965 HTTP/1.1" 200 7974 "-" "Mozilla/5.0 (Linux; Android 6.0.1; Nexus 5X Build/MMB29P) AppleWebKit/537.36 (KHTML, like Gecko) Chrome/41.0.2272.96 Mobile Safari/537.36 (compatible; Googlebot/2.1; +http://www.google.com/bot.html)" 356635 "Host-demo-pygeoapi-io-localhost-PathPrefix-master-0" "http://172.20.0.3:80" 42ms
66.249.65.221 - - [15/Oct/2019:20:48:02 +0000] "GET /master/collections/ogr_addresses_sqlite/items/inspireadressen.1747965 HTTP/1.1" 200 7974 "-" "Mozilla/5.0 (Linux; Android 6.0.1; Nexus 5X Build/MMB29P) AppleWebKit/537.36 (KHTML, like Gecko) Chrome/41.0.2272.96 Mobile Safari/537.36 (compatible; Googlebot/2.1; +http://www.google.com/bot.html)" 356639 "Host-demo-pygeoapi-io-localhost-PathPrefix-master-0" "http://172.20.0.3:80" 40ms
66.249.65.221 - - [15/Oct/2019:20:58:15 +0000] "GET /robots.txt HTTP/1.1" 200 149 "-" "Mozilla/5.0 (compatible; Googlebot/2.1; +http://www.google.com/bot.html)" 356643 "Host-demo-pygeoapi-io-PathPrefixStrip-0" "http://172.20.0.5:80" 2ms
66.249.65.221 - - [15/Oct/2019:20:58:15 +0000] "GET /master/collections/ogr_addresses_sqlite/items/inspireadressen.1747965 HTTP/1.1" 200 7974 "-" "Mozilla/5.0 (Linux; Android 6.0.1; Nexus 5X Build/MMB29P) AppleWebKit/537.36 (KHTML, like Gecko) Chrome/41.0.2272.96 Mobile Safari/537.36 (compatible; Googlebot/2.1; +http://www.google.com/bot.html)" 356644 "Host-demo-pygeoapi-io-localhost-PathPrefix-master-0" "http://172.20.0.3:80" 39ms
66.249.65.221 - - [15/Oct/2019:21:09:18 +0000] "GET /master/collections/ogr_addresses_sqlite/items/inspireadressen.1747965 HTTP/1.1" 200 7974 "-" "Mozilla/5.0 (Linux; Android 6.0.1; Nexus 5X Build/MMB29P) AppleWebKit/537.36 (KHTML, like Gecko) Chrome/41.0.2272.96 Mobile Safari/537.36 (compatible; Googlebot/2.1; +http://www.google.com/bot.html)" 356651 "Host-demo-pygeoapi-io-localhost-PathPrefix-master-0" "http://172.20.0.3:80" 40ms
2.82.198.35 - - [15/Oct/2019:21:16:16 +0000] "GET /master HTTP/2.0" 200 7281 "android-app://com.google.android.gm" "Mozilla/5.0 (Linux; Android 8.0.0; SM-G930F) AppleWebKit/537.36 (KHTML, like Gecko) Chrome/77.0.3865.116 Mobile Safari/537.36" 356655 "Host-demo-pygeoapi-io-localhost-PathPrefix-master-0" "http://172.20.0.3:80" 40ms
2.82.198.35 - - [15/Oct/2019:21:16:16 +0000] "GET /master/static/css/default.css HTTP/2.0" 200 704 "https://demo.pygeoapi.io/master" "Mozilla/5.0 (Linux; Android 8.0.0; SM-G930F) AppleWebKit/537.36 (KHTML, like Gecko) Chrome/77.0.3865.116 Mobile Safari/537.36" 356656 "Host-demo-pygeoapi-io-localhost-PathPrefix-master-0" "http://172.20.0.3:80" 4ms
2.82.198.35 - - [15/Oct/2019:21:16:16 +0000] "GET /master/static/img/pygeoapi.png HTTP/2.0" 200 21458 "https://demo.pygeoapi.io/master" "Mozilla/5.0 (Linux; Android 8.0.0; SM-G930F) AppleWebKit/537.36 (KHTML, like Gecko) Chrome/77.0.3865.116 Mobile Safari/537.36" 356658 "Host-demo-pygeoapi-io-localhost-PathPrefix-master-0" "http://172.20.0.3:80" 4ms
2.82.198.35 - - [15/Oct/2019:21:16:16 +0000] "GET /master/static/img/logo.png HTTP/2.0" 200 21458 "https://demo.pygeoapi.io/master" "Mozilla/5.0 (Linux; Android 8.0.0; SM-G930F) AppleWebKit/537.36 (KHTML, like Gecko) Chrome/77.0.3865.116 Mobile Safari/537.36" 356657 "Host-demo-pygeoapi-io-localhost-PathPrefix-master-0" "http://172.20.0.3:80" 6ms
2.82.198.35 - - [15/Oct/2019:21:16:16 +0000] "GET /master/static/img/favicon.ico HTTP/2.0" 200 1150 "https://demo.pygeoapi.io/master" "Mozilla/5.0 (Linux; Android 8.0.0; SM-G930F) AppleWebKit/537.36 (KHTML, like Gecko) Chrome/77.0.3865.116 Mobile Safari/537.36" 356659 "Host-demo-pygeoapi-io-localhost-PathPrefix-master-0" "http://172.20.0.3:80" 2ms
2.82.198.35 - - [15/Oct/2019:21:16:18 +0000] "GET /master HTTP/2.0" 200 7281 "android-app://com.google.android.gm" "Mozilla/5.0 (Linux; Android 8.0.0; SM-G930F) AppleWebKit/537.36 (KHTML, like Gecko) Chrome/77.0.3865.116 Mobile Safari/537.36" 356660 "Host-demo-pygeoapi-io-localhost-PathPrefix-master-0" "http://172.20.0.3:80" 47ms
66.102.8.69 - - [15/Oct/2019:21:16:21 +0000] "GET /master HTTP/1.1" 200 7281 "-" "Mozilla/5.0 (Windows NT 6.3; WOW64) AppleWebKit/537.11 (KHTML, like Gecko) Chrome/23.0.1271.64 Safari/537.11" 356661 "Host-demo-pygeoapi-io-localhost-PathPrefix-master-0" "http://172.20.0.3:80" 38ms
66.102.8.65 - - [15/Oct/2019:21:16:21 +0000] "GET /master/static/img/logo.png HTTP/1.1" 200 21458 "https://demo.pygeoapi.io/master" "Mozilla/5.0 (Windows NT 6.3; WOW64) AppleWebKit/537.11 (KHTML, like Gecko) Chrome/23.0.1271.64 Safari/537.11" 356662 "Host-demo-pygeoapi-io-localhost-PathPrefix-master-0" "http://172.20.0.3:80" 4ms
66.102.8.67 - - [15/Oct/2019:21:16:21 +0000] "GET /master/static/css/default.css HTTP/1.1" 200 704 "https://demo.pygeoapi.io/master" "Mozilla/5.0 (Windows NT 6.3; WOW64) AppleWebKit/537.11 (KHTML, like Gecko) Chrome/23.0.1271.64 Safari/537.11" 356663 "Host-demo-pygeoapi-io-localhost-PathPrefix-master-0" "http://172.20.0.3:80" 3ms
66.102.8.65 - - [15/Oct/2019:21:16:21 +0000] "GET /master/static/img/pygeoapi.png HTTP/1.1" 200 21458 "https://demo.pygeoapi.io/master" "Mozilla/5.0 (Windows NT 6.3; WOW64) AppleWebKit/537.11 (KHTML, like Gecko) Chrome/23.0.1271.64 Safari/537.11" 356664 "Host-demo-pygeoapi-io-localhost-PathPrefix-master-0" "http://172.20.0.3:80" 2ms
2.82.198.35 - - [15/Oct/2019:21:16:24 +0000] "GET /master/collections?f=html HTTP/2.0" 200 13187 "https://demo.pygeoapi.io/master" "Mozilla/5.0 (Linux; Android 8.0.0; SM-G930F) AppleWebKit/537.36 (KHTML, like Gecko) Chrome/77.0.3865.116 Mobile Safari/537.36" 356665 "Host-demo-pygeoapi-io-localhost-PathPrefix-master-0" "http://172.20.0.3:80" 25ms
2.82.198.35 - - [15/Oct/2019:21:16:30 +0000] "GET /master/collections/dutch_georef_stations HTTP/2.0" 200 7090 "https://demo.pygeoapi.io/master/collections?f=html" "Mozilla/5.0 (Linux; Android 8.0.0; SM-G930F) AppleWebKit/537.36 (KHTML, like Gecko) Chrome/77.0.3865.116 Mobile Safari/537.36" 356666 "Host-demo-pygeoapi-io-localhost-PathPrefix-master-0" "http://172.20.0.3:80" 29ms
2.82.198.35 - - [15/Oct/2019:21:16:33 +0000] "GET /master/collections/dutch_georef_stations/items?f=json HTTP/2.0" 200 6761 "https://demo.pygeoapi.io/master/collections/dutch_georef_stations" "Mozilla/5.0 (Linux; Android 8.0.0; SM-G930F) AppleWebKit/537.36 (KHTML, like Gecko) Chrome/77.0.3865.116 Mobile Safari/537.36" 356667 "Host-demo-pygeoapi-io-localhost-PathPrefix-master-0" "http://172.20.0.3:80" 182ms
2.82.198.35 - - [15/Oct/2019:21:16:34 +0000] "GET /favicon.ico HTTP/2.0" 200 1150 "https://demo.pygeoapi.io/master/collections/dutch_georef_stations/items?f=json" "Mozilla/5.0 (Linux; Android 8.0.0; SM-G930F) AppleWebKit/537.36 (KHTML, like Gecko) Chrome/77.0.3865.116 Mobile Safari/537.36" 356668 "Host-demo-pygeoapi-io-PathPrefixStrip-0" "http://172.20.0.5:80" 3ms
