66.249.79.141 - - [13/Oct/2019:23:59:26 +0000] "GET /master/collections/ogr_addresses_sqlite/items/inspireadressen.1748028?f=html HTTP/1.1" 200 7960 "-" "Mozilla/5.0 (Linux; Android 6.0.1; Nexus 5X Build/MMB29P) AppleWebKit/537.36 (KHTML, like Gecko) Chrome/41.0.2272.96 Mobile Safari/537.36 (compatible; Googlebot/2.1; +http://www.google.com/bot.html)" 351302 "Host-demo-pygeoapi-io-localhost-PathPrefix-master-0" "http://172.20.0.3:80" 41ms
66.249.79.139 - - [14/Oct/2019:00:00:32 +0000] "GET /master/collections/ogr_addresses_sqlite/items?startindex=1400 HTTP/1.1" 200 17232 "-" "Mozilla/5.0 (Linux; Android 6.0.1; Nexus 5X Build/MMB29P) AppleWebKit/537.36 (KHTML, like Gecko) Chrome/41.0.2272.96 Mobile Safari/537.36 (compatible; Googlebot/2.1; +http://www.google.com/bot.html)" 351303 "Host-demo-pygeoapi-io-localhost-PathPrefix-master-0" "http://172.20.0.3:80" 39ms
66.249.79.139 - - [14/Oct/2019:00:00:49 +0000] "GET /master/collections/ogr_addresses_sqlite/items/inspireadressen.1748022?f=html HTTP/1.1" 200 7969 "-" "Mozilla/5.0 (Linux; Android 6.0.1; Nexus 5X Build/MMB29P) AppleWebKit/537.36 (KHTML, like Gecko) Chrome/41.0.2272.96 Mobile Safari/537.36 (compatible; Googlebot/2.1; +http://www.google.com/bot.html)" 351304 "Host-demo-pygeoapi-io-localhost-PathPrefix-master-0" "http://172.20.0.3:80" 36ms
66.249.79.139 - - [14/Oct/2019:00:01:33 +0000] "GET /master/collections/ogr_addresses_sqlite/items/inspireadressen.1748017?f=html HTTP/1.1" 200 7970 "-" "Mozilla/5.0 (Linux; Android 6.0.1; Nexus 5X Build/MMB29P) AppleWebKit/537.36 (KHTML, like Gecko) Chrome/41.0.2272.96 Mobile Safari/537.36 (compatible; Googlebot/2.1; +http://www.google.com/bot.html)" 351305 "Host-demo-pygeoapi-io-localhost-PathPrefix-master-0" "http://172.20.0.3:80" 33ms
66.249.79.141 - - [14/Oct/2019:00:02:22 +0000] "GET /master/collections/ogr_gpkg_poi/items/196052488 HTTP/1.1" 200 6954 "-" "Mozilla/5.0 (Linux; Android 6.0.1; Nexus 5X Build/MMB29P) AppleWebKit/537.36 (KHTML, like Gecko) Chrome/41.0.2272.96 Mobile Safari/537.36 (compatible; Googlebot/2.1; +http://www.google.com/bot.html)" 351306 "Host-demo-pygeoapi-io-localhost-PathPrefix-master-0" "http://172.20.0.3:80" 39ms
66.249.79.143 - - [14/Oct/2019:00:02:23 +0000] "GET /master/collections/ogr_gpkg_poi/items/25619066 HTTP/1.1" 200 6936 "-" "Mozilla/5.0 (Linux; Android 6.0.1; Nexus 5X Build/MMB29P) AppleWebKit/537.36 (KHTML, like Gecko) Chrome/41.0.2272.96 Mobile Safari/537.36 (compatible; Googlebot/2.1; +http://www.google.com/bot.html)" 351307 "Host-demo-pygeoapi-io-localhost-PathPrefix-master-0" "http://172.20.0.3:80" 41ms
66.249.79.143 - - [14/Oct/2019:00:02:23 +0000] "GET /master/collections/ogr_addresses_sqlite/items/inspireadressen.1747965 HTTP/1.1" 200 7974 "-" "Mozilla/5.0 (Linux; Android 6.0.1; Nexus 5X Build/MMB29P) AppleWebKit/537.36 (KHTML, like Gecko) Chrome/41.0.2272.96 Mobile Safari/537.36 (compatible; Googlebot/2.1; +http://www.google.com/bot.html)" 351308 "Host-demo-pygeoapi-io-localhost-PathPrefix-master-0" "http://172.20.0.3:80" 40ms
159.69.218.208 - - [14/Oct/2019:00:03:06 +0000] "GET /master/api HTTP/1.1" 200 56404 "-" "python-requests/2.22.0" 351311 "Host-demo-pygeoapi-io-localhost-PathPrefix-master-0" "http://172.20.0.3:80" 173ms
66.249.79.141 - - [14/Oct/2019:00:10:09 +0000] "GET /master/collections/ogr_addresses_sqlite/items?startindex=200 HTTP/1.1" 200 17219 "-" "Mozilla/5.0 (Linux; Android 6.0.1; Nexus 5X Build/MMB29P) AppleWebKit/537.36 (KHTML, like Gecko) Chrome/41.0.2272.96 Mobile Safari/537.36 (compatible; Googlebot/2.1; +http://www.google.com/bot.html)" 351355 "Host-demo-pygeoapi-io-localhost-PathPrefix-master-0" "http://172.20.0.3:80" 40ms
66.249.79.141 - - [14/Oct/2019:00:12:17 +0000] "GET /master/collections/ogr_gpkg_poi/items/196052488 HTTP/1.1" 200 6954 "-" "Mozilla/5.0 (Linux; Android 6.0.1; Nexus 5X Build/MMB29P) AppleWebKit/537.36 (KHTML, like Gecko) Chrome/41.0.2272.96 Mobile Safari/537.36 (compatible; Googlebot/2.1; +http://www.google.com/bot.html)" 351356 "Host-demo-pygeoapi-io-localhost-PathPrefix-master-0" "http://172.20.0.3:80" 38ms
66.249.79.143 - - [14/Oct/2019:00:12:18 +0000] "GET /master/collections/ogr_gpkg_poi/items/25619066 HTTP/1.1" 200 6936 "-" "Mozilla/5.0 (Linux; Android 6.0.1; Nexus 5X Build/MMB29P) AppleWebKit/537.36 (KHTML, like Gecko) Chrome/41.0.2272.96 Mobile Safari/537.36 (compatible; Googlebot/2.1; +http://www.google.com/bot.html)" 351357 "Host-demo-pygeoapi-io-localhost-PathPrefix-master-0" "http://172.20.0.3:80" 38ms
66.249.79.139 - - [14/Oct/2019:00:12:19 +0000] "GET /master/collections/ogr_addresses_sqlite/items/inspireadressen.1747965 HTTP/1.1" 200 7974 "-" "Mozilla/5.0 (Linux; Android 6.0.1; Nexus 5X Build/MMB29P) AppleWebKit/537.36 (KHTML, like Gecko) Chrome/41.0.2272.96 Mobile Safari/537.36 (compatible; Googlebot/2.1; +http://www.google.com/bot.html)" 351358 "Host-demo-pygeoapi-io-localhost-PathPrefix-master-0" "http://172.20.0.3:80" 35ms
66.249.79.139 - - [14/Oct/2019:00:15:22 +0000] "GET /master/collections/ogr_addresses_sqlite/items/inspireadressen.1748021?f=html HTTP/1.1" 200 7969 "-" "Mozilla/5.0 (Linux; Android 6.0.1; Nexus 5X Build/MMB29P) AppleWebKit/537.36 (KHTML, like Gecko) Chrome/41.0.2272.96 Mobile Safari/537.36 (compatible; Googlebot/2.1; +http://www.google.com/bot.html)" 351359 "Host-demo-pygeoapi-io-localhost-PathPrefix-master-0" "http://172.20.0.3:80" 44ms
66.249.79.141 - - [14/Oct/2019:00:19:02 +0000] "GET /master/collections/ogr_addresses_sqlite/items/inspireadressen.1748037 HTTP/1.1" 200 7981 "-" "Mozilla/5.0 (Linux; Android 6.0.1; Nexus 5X Build/MMB29P) AppleWebKit/537.36 (KHTML, like Gecko) Chrome/41.0.2272.96 Mobile Safari/537.36 (compatible; Googlebot/2.1; +http://www.google.com/bot.html)" 351361 "Host-demo-pygeoapi-io-localhost-PathPrefix-master-0" "http://172.20.0.3:80" 36ms
66.249.79.139 - - [14/Oct/2019:00:19:30 +0000] "GET /master/collections/ogr_addresses_sqlite/items/inspireadressen.1748035 HTTP/1.1" 200 7987 "-" "Mozilla/5.0 (Linux; Android 6.0.1; Nexus 5X Build/MMB29P) AppleWebKit/537.36 (KHTML, like Gecko) Chrome/41.0.2272.96 Mobile Safari/537.36 (compatible; Googlebot/2.1; +http://www.google.com/bot.html)" 351364 "Host-demo-pygeoapi-io-localhost-PathPrefix-master-0" "http://172.20.0.3:80" 40ms
66.249.79.141 - - [14/Oct/2019:00:20:00 +0000] "GET /master/collections/ogr_addresses_sqlite/items/inspireadressen.1748031 HTTP/1.1" 200 7964 "-" "Mozilla/5.0 (Linux; Android 6.0.1; Nexus 5X Build/MMB29P) AppleWebKit/537.36 (KHTML, like Gecko) Chrome/41.0.2272.96 Mobile Safari/537.36 (compatible; Googlebot/2.1; +http://www.google.com/bot.html)" 351365 "Host-demo-pygeoapi-io-localhost-PathPrefix-master-0" "http://172.20.0.3:80" 43ms
66.249.79.139 - - [14/Oct/2019:00:20:32 +0000] "GET /master/collections/ogr_addresses_sqlite/items/inspireadressen.1748029 HTTP/1.1" 200 7959 "-" "Mozilla/5.0 (Linux; Android 6.0.1; Nexus 5X Build/MMB29P) AppleWebKit/537.36 (KHTML, like Gecko) Chrome/41.0.2272.96 Mobile Safari/537.36 (compatible; Googlebot/2.1; +http://www.google.com/bot.html)" 351366 "Host-demo-pygeoapi-io-localhost-PathPrefix-master-0" "http://172.20.0.3:80" 37ms
66.249.79.143 - - [14/Oct/2019:00:21:06 +0000] "GET /master/collections/ogr_addresses_sqlite/items/inspireadressen.1748030 HTTP/1.1" 200 7965 "-" "Mozilla/5.0 (Linux; Android 6.0.1; Nexus 5X Build/MMB29P) AppleWebKit/537.36 (KHTML, like Gecko) Chrome/41.0.2272.96 Mobile Safari/537.36 (compatible; Googlebot/2.1; +http://www.google.com/bot.html)" 351367 "Host-demo-pygeoapi-io-localhost-PathPrefix-master-0" "http://172.20.0.3:80" 38ms
66.249.79.139 - - [14/Oct/2019:00:21:57 +0000] "GET /master/collections/ogr_addresses_sqlite/items/inspireadressen.1748038 HTTP/1.1" 200 7977 "-" "Mozilla/5.0 (Linux; Android 6.0.1; Nexus 5X Build/MMB29P) AppleWebKit/537.36 (KHTML, like Gecko) Chrome/41.0.2272.96 Mobile Safari/537.36 (compatible; Googlebot/2.1; +http://www.google.com/bot.html)" 351368 "Host-demo-pygeoapi-io-localhost-PathPrefix-master-0" "http://172.20.0.3:80" 37ms
66.249.79.139 - - [14/Oct/2019:00:22:25 +0000] "GET /master/collections/ogr_gpkg_poi/items/25619066 HTTP/1.1" 200 6936 "-" "Mozilla/5.0 (Linux; Android 6.0.1; Nexus 5X Build/MMB29P) AppleWebKit/537.36 (KHTML, like Gecko) Chrome/41.0.2272.96 Mobile Safari/537.36 (compatible; Googlebot/2.1; +http://www.google.com/bot.html)" 351369 "Host-demo-pygeoapi-io-localhost-PathPrefix-master-0" "http://172.20.0.3:80" 45ms
66.249.79.139 - - [14/Oct/2019:00:22:26 +0000] "GET /robots.txt HTTP/1.1" 200 149 "-" "Mozilla/5.0 (compatible; Googlebot/2.1; +http://www.google.com/bot.html)" 351371 "Host-demo-pygeoapi-io-PathPrefixStrip-1" "http://172.20.0.5:80" 2ms
66.249.79.139 - - [14/Oct/2019:00:22:26 +0000] "GET /master/collections/ogr_addresses_sqlite/items/inspireadressen.1747965 HTTP/1.1" 200 7974 "-" "Mozilla/5.0 (Linux; Android 6.0.1; Nexus 5X Build/MMB29P) AppleWebKit/537.36 (KHTML, like Gecko) Chrome/41.0.2272.96 Mobile Safari/537.36 (compatible; Googlebot/2.1; +http://www.google.com/bot.html)" 351370 "Host-demo-pygeoapi-io-localhost-PathPrefix-master-0" "http://172.20.0.3:80" 39ms
66.249.79.139 - - [14/Oct/2019:00:22:26 +0000] "GET /master/collections/ogr_gpkg_poi/items/196052488 HTTP/1.1" 200 6954 "-" "Mozilla/5.0 (Linux; Android 6.0.1; Nexus 5X Build/MMB29P) AppleWebKit/537.36 (KHTML, like Gecko) Chrome/41.0.2272.96 Mobile Safari/537.36 (compatible; Googlebot/2.1; +http://www.google.com/bot.html)" 351372 "Host-demo-pygeoapi-io-localhost-PathPrefix-master-0" "http://172.20.0.3:80" 36ms
46.229.168.146 - - [14/Oct/2019:00:22:48 +0000] "GET /robots.txt HTTP/1.1" 200 149 "-" "Mozilla/5.0 (compatible; SemrushBot/6~bl; +http://www.semrush.com/bot.html)" 351373 "Host-demo-pygeoapi-io-PathPrefixStrip-1" "http://172.20.0.5:80" 2ms
46.229.168.153 - - [14/Oct/2019:00:22:48 +0000] "GET /master/collections/utah_city_locations/items HTTP/1.1" 200 16847 "-" "Mozilla/5.0 (compatible; SemrushBot/6~bl; +http://www.semrush.com/bot.html)" 351374 "Host-demo-pygeoapi-io-localhost-PathPrefix-master-0" "http://172.20.0.3:80" 124ms
66.249.79.141 - - [14/Oct/2019:00:23:07 +0000] "GET /master/collections/ogr_addresses_sqlite/items/inspireadressen.1748036 HTTP/1.1" 200 7986 "-" "Mozilla/5.0 (Linux; Android 6.0.1; Nexus 5X Build/MMB29P) AppleWebKit/537.36 (KHTML, like Gecko) Chrome/41.0.2272.96 Mobile Safari/537.36 (compatible; Googlebot/2.1; +http://www.google.com/bot.html)" 351375 "Host-demo-pygeoapi-io-localhost-PathPrefix-master-0" "http://172.20.0.3:80" 38ms
8.19.63.178 - - [14/Oct/2019:12:47:27 +0000] "GET / HTTP/1.1" 302 5 "-" "Mozilla/5.0 (X11; Linux x86_64) AppleWebKit/537.36 (KHTML, like Gecko) Chrome/49.0.2623.75 Safari/537.36 Google Favicon" 352687 "entrypoint redirect for http" "/" 0ms
8.19.63.178 - - [14/Oct/2019:12:47:28 +0000] "GET / HTTP/1.1" 200 3165 "-" "Mozilla/5.0 (X11; Linux x86_64) AppleWebKit/537.36 (KHTML, like Gecko) Chrome/49.0.2623.75 Safari/537.36 Google Favicon" 352688 "Host-demo-pygeoapi-io-PathPrefixStrip-1" "http://172.20.0.5:80" 3ms
8.19.63.178 - - [14/Oct/2019:12:47:28 +0000] "GET /favicon.ico HTTP/1.1" 200 1150 "-" "Mozilla/5.0 (X11; Linux x86_64) AppleWebKit/537.36 (KHTML, like Gecko) Chrome/49.0.2623.75 Safari/537.36 Google Favicon" 352689 "Host-demo-pygeoapi-io-PathPrefixStrip-1" "http://172.20.0.5:80" 4ms
35.192.187.174 - - [14/Oct/2019:12:48:53 +0000] "GET /master HTTP/1.1" 200 994 "-" "python-requests/2.22.0" 352690 "Host-demo-pygeoapi-io-localhost-PathPrefix-master-0" "http://172.20.0.3:80" 3ms
49.234.33.171 - - [14/Oct/2019:14:16:15 +0000] "POST /conflg.php HTTP/1.1" 307 18 "-" "Mozilla/5.0 (Windows NT 10.0; Win64; x64; rv:61.0) Gecko/20100101 Firefox/61.0" 353073 "entrypoint redirect for http" "/conflg.php" 0ms
49.234.33.171 - - [14/Oct/2019:14:16:15 +0000] "POST /conflg.php HTTP/1.1" 307 18 "-" "Mozilla/5.0 (Windows NT 10.0; Win64; x64; rv:61.0) Gecko/20100101 Firefox/61.0" 353074 "entrypoint redirect for http" "/conflg.php" 0ms
49.234.33.171 - - [14/Oct/2019:14:16:15 +0000] "POST /lindex.php HTTP/1.1" 307 18 "-" "Mozilla/5.0 (Windows NT 10.0; Win64; x64; rv:61.0) Gecko/20100101 Firefox/61.0" 353075 "entrypoint redirect for http" "/lindex.php" 0ms
49.234.33.171 - - [14/Oct/2019:14:16:16 +0000] "POST /phpstudy.php HTTP/1.1" 307 18 "-" "Mozilla/5.0 (Windows NT 10.0; Win64; x64; rv:61.0) Gecko/20100101 Firefox/61.0" 353076 "entrypoint redirect for http" "/phpstudy.php" 0ms
49.234.33.171 - - [14/Oct/2019:14:16:16 +0000] "POST /phpStudy.php HTTP/1.1" 307 18 "-" "Mozilla/5.0 (Windows NT 10.0; Win64; x64; rv:61.0) Gecko/20100101 Firefox/61.0" 353077 "entrypoint redirect for http" "/phpStudy.php" 0ms
49.234.33.171 - - [14/Oct/2019:14:16:17 +0000] "POST /weixiao.php HTTP/1.1" 307 18 "-" "Mozilla/5.0 (Windows NT 10.0; Win64; x64; rv:61.0) Gecko/20100101 Firefox/61.0" 353078 "entrypoint redirect for http" "/weixiao.php" 0ms
49.234.33.171 - - [14/Oct/2019:14:16:17 +0000] "POST /feixiang.php HTTP/1.1" 307 18 "-" "Mozilla/5.0 (Windows NT 10.0; Win64; x64; rv:61.0) Gecko/20100101 Firefox/61.0" 353079 "entrypoint redirect for http" "/feixiang.php" 0ms
49.234.33.171 - - [14/Oct/2019:14:16:19 +0000] "POST /ak47.php HTTP/1.1" 307 18 "-" "Mozilla/5.0 (Windows NT 10.0; Win64; x64; rv:61.0) Gecko/20100101 Firefox/61.0" 353080 "entrypoint redirect for http" "/ak47.php" 0ms
49.234.33.171 - - [14/Oct/2019:14:16:19 +0000] "POST /ak48.php HTTP/1.1" 307 18 "-" "Mozilla/5.0 (Windows NT 10.0; Win64; x64; rv:61.0) Gecko/20100101 Firefox/61.0" 353081 "entrypoint redirect for http" "/ak48.php" 0ms
49.234.33.171 - - [14/Oct/2019:14:16:20 +0000] "POST /xiao.php HTTP/1.1" 307 18 "-" "Mozilla/5.0 (Windows NT 10.0; Win64; x64; rv:61.0) Gecko/20100101 Firefox/61.0" 353082 "entrypoint redirect for http" "/xiao.php" 0ms
49.234.33.171 - - [14/Oct/2019:14:16:20 +0000] "POST /yao.php HTTP/1.1" 307 18 "-" "Mozilla/5.0 (Windows NT 10.0; Win64; x64; rv:61.0) Gecko/20100101 Firefox/61.0" 353083 "entrypoint redirect for http" "/yao.php" 0ms
49.234.33.171 - - [14/Oct/2019:14:16:21 +0000] "POST /defect.php HTTP/1.1" 307 18 "-" "Mozilla/5.0 (Windows NT 10.0; Win64; x64; rv:61.0) Gecko/20100101 Firefox/61.0" 353084 "entrypoint redirect for http" "/defect.php" 0ms
49.234.33.171 - - [14/Oct/2019:14:16:23 +0000] "POST /webslee.php HTTP/1.1" 307 18 "-" "Mozilla/5.0 (Windows NT 10.0; Win64; x64; rv:61.0) Gecko/20100101 Firefox/61.0" 353085 "entrypoint redirect for http" "/webslee.php" 0ms
49.234.33.171 - - [14/Oct/2019:14:16:23 +0000] "POST /q.php HTTP/1.1" 307 18 "-" "Mozilla/5.0 (Windows NT 10.0; Win64; x64; rv:61.0) Gecko/20100101 Firefox/61.0" 353086 "entrypoint redirect for http" "/q.php" 0ms
49.234.33.171 - - [14/Oct/2019:14:16:55 +0000] "POST /default.php HTTP/1.1" 307 18 "-" "Mozilla/5.0 (Windows NT 10.0; Win64; x64; rv:61.0) Gecko/20100101 Firefox/61.0" 353129 "entrypoint redirect for http" "/default.php" 0ms
49.234.33.171 - - [14/Oct/2019:14:16:55 +0000] "POST /sean.php HTTP/1.1" 307 18 "-" "Mozilla/5.0 (Windows NT 10.0; Win64; x64; rv:61.0) Gecko/20100101 Firefox/61.0" 353130 "entrypoint redirect for http" "/sean.php" 0ms
49.234.33.171 - - [14/Oct/2019:14:16:59 +0000] "POST /app.php HTTP/1.1" 307 18 "-" "Mozilla/5.0 (Windows NT 10.0; Win64; x64; rv:61.0) Gecko/20100101 Firefox/61.0" 353131 "entrypoint redirect for http" "/app.php" 0ms
109.173.252.208 - - [14/Oct/2019:14:18:15 +0000] "GET / HTTP/1.1" 302 5 "-" "Mozilla/5.0 (Windows NT 10.0; WOW64) AppleWebKit/537.36 (KHTML, like Gecko) Chrome/51.0.2704.103 Safari/537.36" 353178 "entrypoint redirect for http" "/" 0ms
88.149.195.243 - - [15/Oct/2019:00:25:35 +0000] "GET / HTTP/1.0" 302 5 "-" "-" 354732 "entrypoint redirect for http" "/" 0ms
66.249.65.221 - - [15/Oct/2019:00:30:54 +0000] "GET /master/collections/ogr_gpkg_poi/items/25619066 HTTP/1.1" 200 6936 "-" "Mozilla/5.0 (Linux; Android 6.0.1; Nexus 5X Build/MMB29P) AppleWebKit/537.36 (KHTML, like Gecko) Chrome/41.0.2272.96 Mobile Safari/537.36 (compatible; Googlebot/2.1; +http://www.google.com/bot.html)" 354733 "Host-demo-pygeoapi-io-localhost-PathPrefix-master-0" "http://172.20.0.3:80" 41ms
66.249.65.221 - - [15/Oct/2019:00:30:54 +0000] "GET /master/collections/ogr_addresses_sqlite/items/inspireadressen.1747965 HTTP/1.1" 200 7974 "-" "Mozilla/5.0 (Linux; Android 6.0.1; Nexus 5X Build/MMB29P) AppleWebKit/537.36 (KHTML, like Gecko) Chrome/41.0.2272.96 Mobile Safari/537.36 (compatible; Googlebot/2.1; +http://www.google.com/bot.html)" 354734 "Host-demo-pygeoapi-io-localhost-PathPrefix-master-0" "http://172.20.0.3:80" 33ms
66.249.65.221 - - [15/Oct/2019:00:30:55 +0000] "GET /master/collections/ogr_gpkg_poi/items/196052488 HTTP/1.1" 200 6954 "-" "Mozilla/5.0 (Linux; Android 6.0.1; Nexus 5X Build/MMB29P) AppleWebKit/537.36 (KHTML, like Gecko) Chrome/41.0.2272.96 Mobile Safari/537.36 (compatible; Googlebot/2.1; +http://www.google.com/bot.html)" 354735 "Host-demo-pygeoapi-io-localhost-PathPrefix-master-0" "http://172.20.0.3:80" 35ms
66.249.65.221 - - [15/Oct/2019:00:41:03 +0000] "GET /master/collections/ogr_addresses_sqlite/items/inspireadressen.1747965 HTTP/1.1" 200 7974 "-" "Mozilla/5.0 (Linux; Android 6.0.1; Nexus 5X Build/MMB29P) AppleWebKit/537.36 (KHTML, like Gecko) Chrome/41.0.2272.96 Mobile Safari/537.36 (compatible; Googlebot/2.1; +http://www.google.com/bot.html)" 354742 "Host-demo-pygeoapi-io-localhost-PathPrefix-master-0" "http://172.20.0.3:80" 40ms
66.249.65.221 - - [15/Oct/2019:00:41:04 +0000] "GET /master/collections/ogr_gpkg_poi/items/196052488 HTTP/1.1" 200 6954 "-" "Mozilla/5.0 (Linux; Android 6.0.1; Nexus 5X Build/MMB29P) AppleWebKit/537.36 (KHTML, like Gecko) Chrome/41.0.2272.96 Mobile Safari/537.36 (compatible; Googlebot/2.1; +http://www.google.com/bot.html)" 354743 "Host-demo-pygeoapi-io-localhost-PathPrefix-master-0" "http://172.20.0.3:80" 40ms
66.249.65.221 - - [15/Oct/2019:00:41:05 +0000] "GET /master/collections/ogr_gpkg_poi/items/25619066 HTTP/1.1" 200 6936 "-" "Mozilla/5.0 (Linux; Android 6.0.1; Nexus 5X Build/MMB29P) AppleWebKit/537.36 (KHTML, like Gecko) Chrome/41.0.2272.96 Mobile Safari/537.36 (compatible; Googlebot/2.1; +http://www.google.com/bot.html)" 354744 "Host-demo-pygeoapi-io-localhost-PathPrefix-master-0" "http://172.20.0.3:80" 37ms
46.229.168.132 - - [15/Oct/2019:00:46:41 +0000] "GET /robots.txt HTTP/1.1" 200 149 "-" "Mozilla/5.0 (compatible; SemrushBot/6~bl; +http://www.semrush.com/bot.html)" 354745 "Host-demo-pygeoapi-io-PathPrefixStrip-1" "http://172.20.0.5:80" 2ms
66.249.65.222 - - [15/Oct/2019:00:49:26 +0000] "GET /robots.txt HTTP/1.1" 200 149 "-" "Mozilla/5.0 (compatible; Googlebot/2.1; +http://www.google.com/bot.html)" 354747 "Host-demo-pygeoapi-io-PathPrefixStrip-1" "http://172.20.0.5:80" 2ms
66.249.65.223 - - [15/Oct/2019:00:49:26 +0000] "GET /master/collections/ogr_gpkg_poi/items/512536488?f=html HTTP/1.1" 200 6996 "-" "Mozilla/5.0 (Linux; Android 6.0.1; Nexus 5X Build/MMB29P) AppleWebKit/537.36 (KHTML, like Gecko) Chrome/41.0.2272.96 Mobile Safari/537.36 (compatible; Googlebot/2.1; +http://www.google.com/bot.html)" 354746 "Host-demo-pygeoapi-io-localhost-PathPrefix-master-0" "http://172.20.0.3:80" 40ms
66.249.65.223 - - [15/Oct/2019:00:51:02 +0000] "GET /master/collections/ogr_gpkg_poi/items/196052488 HTTP/1.1" 200 6954 "-" "Mozilla/5.0 (Linux; Android 6.0.1; Nexus 5X Build/MMB29P) AppleWebKit/537.36 (KHTML, like Gecko) Chrome/41.0.2272.96 Mobile Safari/537.36 (compatible; Googlebot/2.1; +http://www.google.com/bot.html)" 354751 "Host-demo-pygeoapi-io-localhost-PathPrefix-master-0" "http://172.20.0.3:80" 42ms
66.249.65.223 - - [15/Oct/2019:00:51:02 +0000] "GET /master/collections/ogr_addresses_sqlite/items/inspireadressen.1747965 HTTP/1.1" 200 7974 "-" "Mozilla/5.0 (Linux; Android 6.0.1; Nexus 5X Build/MMB29P) AppleWebKit/537.36 (KHTML, like Gecko) Chrome/41.0.2272.96 Mobile Safari/537.36 (compatible; Googlebot/2.1; +http://www.google.com/bot.html)" 354752 "Host-demo-pygeoapi-io-localhost-PathPrefix-master-0" "http://172.20.0.3:80" 39ms
66.249.65.223 - - [15/Oct/2019:00:51:03 +0000] "GET /master/collections/ogr_gpkg_poi/items/25619066 HTTP/1.1" 200 6936 "-" "Mozilla/5.0 (Linux; Android 6.0.1; Nexus 5X Build/MMB29P) AppleWebKit/537.36 (KHTML, like Gecko) Chrome/41.0.2272.96 Mobile Safari/537.36 (compatible; Googlebot/2.1; +http://www.google.com/bot.html)" 354753 "Host-demo-pygeoapi-io-localhost-PathPrefix-master-0" "http://172.20.0.3:80" 39ms
66.249.65.223 - - [15/Oct/2019:00:51:47 +0000] "GET /robots.txt HTTP/1.1" 302 5 "-" "Mozilla/5.0 (compatible; Googlebot/2.1; +http://www.google.com/bot.html)" 354754 "entrypoint redirect for http" "/robots.txt" 0ms
66.249.65.223 - - [15/Oct/2019:00:51:47 +0000] "GET / HTTP/1.1" 302 5 "-" "Mozilla/5.0 (Linux; Android 6.0.1; Nexus 5X Build/MMB29P) AppleWebKit/537.36 (KHTML, like Gecko) Chrome/41.0.2272.96 Mobile Safari/537.36 (compatible; Googlebot/2.1; +http://www.google.com/bot.html)" 354755 "entrypoint redirect for http" "/" 0ms
66.249.65.221 - - [15/Oct/2019:00:51:47 +0000] "GET / HTTP/1.1" 200 3165 "-" "Mozilla/5.0 (Linux; Android 6.0.1; Nexus 5X Build/MMB29P) AppleWebKit/537.36 (KHTML, like Gecko) Chrome/41.0.2272.96 Mobile Safari/537.36 (compatible; Googlebot/2.1; +http://www.google.com/bot.html)" 354756 "Host-demo-pygeoapi-io-PathPrefixStrip-1" "http://172.20.0.5:80" 4ms
88.149.195.243 - - [15/Oct/2019:01:00:06 +0000] "GET / HTTP/1.0" 302 5 "-" "-" 354758 "entrypoint redirect for http" "/" 0ms
66.249.65.221 - - [15/Oct/2019:01:01:00 +0000] "GET /master/collections/ogr_gpkg_poi/items/196052488 HTTP/1.1" 200 6954 "-" "Mozilla/5.0 (Linux; Android 6.0.1; Nexus 5X Build/MMB29P) AppleWebKit/537.36 (KHTML, like Gecko) Chrome/41.0.2272.96 Mobile Safari/537.36 (compatible; Googlebot/2.1; +http://www.google.com/bot.html)" 354761 "Host-demo-pygeoapi-io-localhost-PathPrefix-master-0" "http://172.20.0.3:80" 40ms
66.249.65.221 - - [15/Oct/2019:01:01:00 +0000] "GET /master/collections/ogr_addresses_sqlite/items/inspireadressen.1747965 HTTP/1.1" 200 7974 "-" "Mozilla/5.0 (Linux; Android 6.0.1; Nexus 5X Build/MMB29P) AppleWebKit/537.36 (KHTML, like Gecko) Chrome/41.0.2272.96 Mobile Safari/537.36 (compatible; Googlebot/2.1; +http://www.google.com/bot.html)" 354762 "Host-demo-pygeoapi-io-localhost-PathPrefix-master-0" "http://172.20.0.3:80" 39ms
66.249.65.221 - - [15/Oct/2019:01:01:01 +0000] "GET /master/collections/ogr_gpkg_poi/items/25619066 HTTP/1.1" 200 6936 "-" "Mozilla/5.0 (Linux; Android 6.0.1; Nexus 5X Build/MMB29P) AppleWebKit/537.36 (KHTML, like Gecko) Chrome/41.0.2272.96 Mobile Safari/537.36 (compatible; Googlebot/2.1; +http://www.google.com/bot.html)" 354763 "Host-demo-pygeoapi-io-localhost-PathPrefix-master-0" "http://172.20.0.3:80" 59ms
141.8.142.123 - - [15/Oct/2019:01:06:07 +0000] "GET /robots.txt HTTP/1.1" 200 149 "-" "Mozilla/5.0 (compatible; YandexBot/3.0; +http://yandex.com/bots)" 354764 "Host-demo-pygeoapi-io-PathPrefixStrip-1" "http://172.20.0.5:80" 3ms
141.8.142.123 - - [15/Oct/2019:01:06:11 +0000] "GET /master/api HTTP/1.1" 200 56404 "-" "Mozilla/5.0 (compatible; YandexBot/3.0; +http://yandex.com/bots)" 354765 "Host-demo-pygeoapi-io-localhost-PathPrefix-master-0" "http://172.20.0.3:80" 296ms
66.249.65.221 - - [15/Oct/2019:01:11:58 +0000] "GET /master/collections/ogr_gpkg_poi/items/196052488 HTTP/1.1" 200 6954 "-" "Mozilla/5.0 (Linux; Android 6.0.1; Nexus 5X Build/MMB29P) AppleWebKit/537.36 (KHTML, like Gecko) Chrome/41.0.2272.96 Mobile Safari/537.36 (compatible; Googlebot/2.1; +http://www.google.com/bot.html)" 354769 "Host-demo-pygeoapi-io-localhost-PathPrefix-master-0" "http://172.20.0.3:80" 40ms
66.249.65.221 - - [15/Oct/2019:01:11:59 +0000] "GET /master/collections/ogr_gpkg_poi/items/25619066 HTTP/1.1" 200 6936 "-" "Mozilla/5.0 (Linux; Android 6.0.1; Nexus 5X Build/MMB29P) AppleWebKit/537.36 (KHTML, like Gecko) Chrome/41.0.2272.96 Mobile Safari/537.36 (compatible; Googlebot/2.1; +http://www.google.com/bot.html)" 354770 "Host-demo-pygeoapi-io-localhost-PathPrefix-master-0" "http://172.20.0.3:80" 33ms
66.249.65.221 - - [15/Oct/2019:01:12:00 +0000] "GET /master/collections/ogr_addresses_sqlite/items/inspireadressen.1747965 HTTP/1.1" 200 7974 "-" "Mozilla/5.0 (Linux; Android 6.0.1; Nexus 5X Build/MMB29P) AppleWebKit/537.36 (KHTML, like Gecko) Chrome/41.0.2272.96 Mobile Safari/537.36 (compatible; Googlebot/2.1; +http://www.google.com/bot.html)" 354771 "Host-demo-pygeoapi-io-localhost-PathPrefix-master-0" "http://172.20.0.3:80" 41ms
159.69.218.208 - - [15/Oct/2019:01:21:05 +0000] "GET /master/api HTTP/1.1" 200 56404 "-" "python-requests/2.22.0" 354777 "Host-demo-pygeoapi-io-localhost-PathPrefix-master-0" "http://172.20.0.3:80" 181ms
66.249.65.221 - - [15/Oct/2019:01:23:03 +0000] "GET /master/collections/ogr_gpkg_poi/items/25619066 HTTP/1.1" 200 6936 "-" "Mozilla/5.0 (Linux; Android 6.0.1; Nexus 5X Build/MMB29P) AppleWebKit/537.36 (KHTML, like Gecko) Chrome/41.0.2272.96 Mobile Safari/537.36 (compatible; Googlebot/2.1; +http://www.google.com/bot.html)" 354818 "Host-demo-pygeoapi-io-localhost-PathPrefix-master-0" "http://172.20.0.3:80" 37ms
66.249.65.221 - - [15/Oct/2019:01:23:04 +0000] "GET /master/collections/ogr_gpkg_poi/items/196052488 HTTP/1.1" 200 6954 "-" "Mozilla/5.0 (Linux; Android 6.0.1; Nexus 5X Build/MMB29P) AppleWebKit/537.36 (KHTML, like Gecko) Chrome/41.0.2272.96 Mobile Safari/537.36 (compatible; Googlebot/2.1; +http://www.google.com/bot.html)" 354819 "Host-demo-pygeoapi-io-localhost-PathPrefix-master-0" "http://172.20.0.3:80" 41ms
66.249.65.221 - - [15/Oct/2019:01:23:04 +0000] "GET /master/collections/ogr_addresses_sqlite/items/inspireadressen.1747965 HTTP/1.1" 200 7974 "-" "Mozilla/5.0 (Linux; Android 6.0.1; Nexus 5X Build/MMB29P) AppleWebKit/537.36 (KHTML, like Gecko) Chrome/41.0.2272.96 Mobile Safari/537.36 (compatible; Googlebot/2.1; +http://www.google.com/bot.html)" 354820 "Host-demo-pygeoapi-io-localhost-PathPrefix-master-0" "http://172.20.0.3:80" 37ms
124.131.108.136 - - [15/Oct/2019:01:27:08 +0000] "POST /HNAP1/ HTTP/1.0" 307 18 "-" "-" 354821 "entrypoint redirect for http" "/HNAP1/" 0ms
66.249.65.221 - - [15/Oct/2019:01:34:32 +0000] "GET /master/collections/ogr_addresses_sqlite/items/inspireadressen.1747965 HTTP/1.1" 200 7974 "-" "Mozilla/5.0 (Linux; Android 6.0.1; Nexus 5X Build/MMB29P) AppleWebKit/537.36 (KHTML, like Gecko) Chrome/41.0.2272.96 Mobile Safari/537.36 (compatible; Googlebot/2.1; +http://www.google.com/bot.html)" 354825 "Host-demo-pygeoapi-io-localhost-PathPrefix-master-0" "http://172.20.0.3:80" 38ms
66.249.65.221 - - [15/Oct/2019:01:34:33 +0000] "GET /master/collections/ogr_gpkg_poi/items/196052488 HTTP/1.1" 200 6954 "-" "Mozilla/5.0 (Linux; Android 6.0.1; Nexus 5X Build/MMB29P) AppleWebKit/537.36 (KHTML, like Gecko) Chrome/41.0.2272.96 Mobile Safari/537.36 (compatible; Googlebot/2.1; +http://www.google.com/bot.html)" 354826 "Host-demo-pygeoapi-io-localhost-PathPrefix-master-0" "http://172.20.0.3:80" 39ms
66.249.65.221 - - [15/Oct/2019:01:34:33 +0000] "GET /master/collections/ogr_gpkg_poi/items/25619066 HTTP/1.1" 200 6936 "-" "Mozilla/5.0 (Linux; Android 6.0.1; Nexus 5X Build/MMB29P) AppleWebKit/537.36 (KHTML, like Gecko) Chrome/41.0.2272.96 Mobile Safari/537.36 (compatible; Googlebot/2.1; +http://www.google.com/bot.html)" 354827 "Host-demo-pygeoapi-io-localhost-PathPrefix-master-0" "http://172.20.0.3:80" 43ms
66.249.65.221 - - [15/Oct/2019:01:44:28 +0000] "GET /master/collections/ogr_gpkg_poi/items/196052488 HTTP/1.1" 200 6954 "-" "Mozilla/5.0 (Linux; Android 6.0.1; Nexus 5X Build/MMB29P) AppleWebKit/537.36 (KHTML, like Gecko) Chrome/41.0.2272.96 Mobile Safari/537.36 (compatible; Googlebot/2.1; +http://www.google.com/bot.html)" 354831 "Host-demo-pygeoapi-io-localhost-PathPrefix-master-0" "http://172.20.0.3:80" 36ms
66.249.65.221 - - [15/Oct/2019:01:44:28 +0000] "GET /master/collections/ogr_gpkg_poi/items/25619066 HTTP/1.1" 200 6936 "-" "Mozilla/5.0 (Linux; Android 6.0.1; Nexus 5X Build/MMB29P) AppleWebKit/537.36 (KHTML, like Gecko) Chrome/41.0.2272.96 Mobile Safari/537.36 (compatible; Googlebot/2.1; +http://www.google.com/bot.html)" 354832 "Host-demo-pygeoapi-io-localhost-PathPrefix-master-0" "http://172.20.0.3:80" 38ms
66.249.65.221 - - [15/Oct/2019:01:44:29 +0000] "GET /master/collections/ogr_addresses_sqlite/items/inspireadressen.1747965 HTTP/1.1" 200 7974 "-" "Mozilla/5.0 (Linux; Android 6.0.1; Nexus 5X Build/MMB29P) AppleWebKit/537.36 (KHTML, like Gecko) Chrome/41.0.2272.96 Mobile Safari/537.36 (compatible; Googlebot/2.1; +http://www.google.com/bot.html)" 354833 "Host-demo-pygeoapi-io-localhost-PathPrefix-master-0" "http://172.20.0.3:80" 39ms
66.249.65.221 - - [15/Oct/2019:01:44:39 +0000] "GET /master/collections/ogr_gpkg_poi/items/552391460?f=html HTTP/1.1" 200 6937 "-" "Mozilla/5.0 (Linux; Android 6.0.1; Nexus 5X Build/MMB29P) AppleWebKit/537.36 (KHTML, like Gecko) Chrome/41.0.2272.96 Mobile Safari/537.36 (compatible; Googlebot/2.1; +http://www.google.com/bot.html)" 354834 "Host-demo-pygeoapi-io-localhost-PathPrefix-master-0" "http://172.20.0.3:80" 42ms
66.249.65.221 - - [15/Oct/2019:01:54:34 +0000] "GET /robots.txt HTTP/1.1" 200 149 "-" "Mozilla/5.0 (compatible; Googlebot/2.1; +http://www.google.com/bot.html)" 354839 "Host-demo-pygeoapi-io-PathPrefixStrip-1" "http://172.20.0.5:80" 2ms
66.249.65.221 - - [15/Oct/2019:01:54:34 +0000] "GET /master/collections/ogr_gpkg_poi/items/25619066 HTTP/1.1" 200 6936 "-" "Mozilla/5.0 (Linux; Android 6.0.1; Nexus 5X Build/MMB29P) AppleWebKit/537.36 (KHTML, like Gecko) Chrome/41.0.2272.96 Mobile Safari/537.36 (compatible; Googlebot/2.1; +http://www.google.com/bot.html)" 354838 "Host-demo-pygeoapi-io-localhost-PathPrefix-master-0" "http://172.20.0.3:80" 43ms
66.249.65.221 - - [15/Oct/2019:01:54:34 +0000] "GET /master/collections/ogr_gpkg_poi/items/196052488 HTTP/1.1" 200 6954 "-" "Mozilla/5.0 (Linux; Android 6.0.1; Nexus 5X Build/MMB29P) AppleWebKit/537.36 (KHTML, like Gecko) Chrome/41.0.2272.96 Mobile Safari/537.36 (compatible; Googlebot/2.1; +http://www.google.com/bot.html)" 354840 "Host-demo-pygeoapi-io-localhost-PathPrefix-master-0" "http://172.20.0.3:80" 41ms
66.249.65.221 - - [15/Oct/2019:01:54:35 +0000] "GET /master/collections/ogr_addresses_sqlite/items/inspireadressen.1747965 HTTP/1.1" 200 7974 "-" "Mozilla/5.0 (Linux; Android 6.0.1; Nexus 5X Build/MMB29P) AppleWebKit/537.36 (KHTML, like Gecko) Chrome/41.0.2272.96 Mobile Safari/537.36 (compatible; Googlebot/2.1; +http://www.google.com/bot.html)" 354841 "Host-demo-pygeoapi-io-localhost-PathPrefix-master-0" "http://172.20.0.3:80" 42ms
66.249.65.221 - - [15/Oct/2019:02:05:34 +0000] "GET /master/collections/ogr_gpkg_poi/items/25619066 HTTP/1.1" 200 6936 "-" "Mozilla/5.0 (Linux; Android 6.0.1; Nexus 5X Build/MMB29P) AppleWebKit/537.36 (KHTML, like Gecko) Chrome/41.0.2272.96 Mobile Safari/537.36 (compatible; Googlebot/2.1; +http://www.google.com/bot.html)" 354845 "Host-demo-pygeoapi-io-localhost-PathPrefix-master-0" "http://172.20.0.3:80" 37ms
66.249.65.221 - - [15/Oct/2019:02:05:35 +0000] "GET /master/collections/ogr_gpkg_poi/items/196052488 HTTP/1.1" 200 6954 "-" "Mozilla/5.0 (Linux; Android 6.0.1; Nexus 5X Build/MMB29P) AppleWebKit/537.36 (KHTML, like Gecko) Chrome/41.0.2272.96 Mobile Safari/537.36 (compatible; Googlebot/2.1; +http://www.google.com/bot.html)" 354846 "Host-demo-pygeoapi-io-localhost-PathPrefix-master-0" "http://172.20.0.3:80" 39ms
66.249.65.221 - - [15/Oct/2019:02:05:35 +0000] "GET /master/collections/ogr_addresses_sqlite/items/inspireadressen.1747965 HTTP/1.1" 200 7974 "-" "Mozilla/5.0 (Linux; Android 6.0.1; Nexus 5X Build/MMB29P) AppleWebKit/537.36 (KHTML, like Gecko) Chrome/41.0.2272.96 Mobile Safari/537.36 (compatible; Googlebot/2.1; +http://www.google.com/bot.html)" 354847 "Host-demo-pygeoapi-io-localhost-PathPrefix-master-0" "http://172.20.0.3:80" 36ms
14.207.146.19 - - [15/Oct/2019:02:11:26 +0000] "GET / HTTP/1.1" 302 5 "-" "Mozilla/5.0 (Windows NT 6.1; WOW64) AppleWebKit/537.36 (KHTML, like Gecko) Chrome/51.0.2704.103 Safari/537.36" 354851 "entrypoint redirect for http" "/" 0ms
14.207.146.19 - - [15/Oct/2019:02:11:26 +0000] "GET / HTTP/1.1" 302 5 "-" "Mozilla/5.0 (Windows NT 10.0; WOW64) AppleWebKit/537.36 (KHTML, like Gecko) Chrome/52.0.2743.116 Safari/537.36" 354852 "entrypoint redirect for http" "/" 0ms
66.249.65.223 - - [15/Oct/2019:02:14:31 +0000] "GET /master/collections/ogr_gpkg_poi/items/554140217?f=html HTTP/1.1" 200 6937 "-" "Mozilla/5.0 (Linux; Android 6.0.1; Nexus 5X Build/MMB29P) AppleWebKit/537.36 (KHTML, like Gecko) Chrome/41.0.2272.96 Mobile Safari/537.36 (compatible; Googlebot/2.1; +http://www.google.com/bot.html)" 354853 "Host-demo-pygeoapi-io-localhost-PathPrefix-master-0" "http://172.20.0.3:80" 47ms
66.249.65.222 - - [15/Oct/2019:02:15:28 +0000] "GET /master/collections/ogr_gpkg_poi/items/196052488 HTTP/1.1" 200 6954 "-" "Mozilla/5.0 (Linux; Android 6.0.1; Nexus 5X Build/MMB29P) AppleWebKit/537.36 (KHTML, like Gecko) Chrome/41.0.2272.96 Mobile Safari/537.36 (compatible; Googlebot/2.1; +http://www.google.com/bot.html)" 354854 "Host-demo-pygeoapi-io-localhost-PathPrefix-master-0" "http://172.20.0.3:80" 41ms
66.249.65.223 - - [15/Oct/2019:02:15:28 +0000] "GET /master/collections/ogr_gpkg_poi/items/25619066 HTTP/1.1" 200 6936 "-" "Mozilla/5.0 (Linux; Android 6.0.1; Nexus 5X Build/MMB29P) AppleWebKit/537.36 (KHTML, like Gecko) Chrome/41.0.2272.96 Mobile Safari/537.36 (compatible; Googlebot/2.1; +http://www.google.com/bot.html)" 354855 "Host-demo-pygeoapi-io-localhost-PathPrefix-master-0" "http://172.20.0.3:80" 39ms
66.249.65.223 - - [15/Oct/2019:02:15:29 +0000] "GET /master/collections/ogr_addresses_sqlite/items/inspireadressen.1747965 HTTP/1.1" 200 7974 "-" "Mozilla/5.0 (Linux; Android 6.0.1; Nexus 5X Build/MMB29P) AppleWebKit/537.36 (KHTML, like Gecko) Chrome/41.0.2272.96 Mobile Safari/537.36 (compatible; Googlebot/2.1; +http://www.google.com/bot.html)" 354856 "Host-demo-pygeoapi-io-localhost-PathPrefix-master-0" "http://172.20.0.3:80" 34ms
47.103.146.223 - - [15/Oct/2019:02:20:42 +0000] "GET /TP/public/index.php HTTP/1.1" 302 5 "-" "Mozilla/5.0 (Windows; U; Windows NT 6.0;en-US; rv:1.9.2) Gecko/20100115 Firefox/3.6)" 354859 "entrypoint redirect for http" "/TP/public/index.php" 0ms
47.103.146.223 - - [15/Oct/2019:02:20:45 +0000] "GET / HTTP/1.1" 302 5 "-" "Mozilla/5.0 (Windows; U; Windows NT 6.0;en-US; rv:1.9.2) Gecko/20100115 Firefox/3.6)" 354860 "entrypoint redirect for http" "/" 0ms
159.69.218.208 - - [15/Oct/2019:02:21:05 +0000] "GET /master/api HTTP/1.1" 200 56404 "-" "python-requests/2.22.0" 354864 "Host-demo-pygeoapi-io-localhost-PathPrefix-master-0" "http://172.20.0.3:80" 184ms
124.104.62.58 - - [15/Oct/2019:14:09:18 +0000] "GET / HTTP/1.1" 302 5 "-" "Mozilla/5.0 (Windows NT 10.0; WOW64) AppleWebKit/537.36 (KHTML, like Gecko) Chrome/52.0.2743.116 Safari/537.36" 356047 "entrypoint redirect for http" "/" 0ms
66.249.65.221 - - [15/Oct/2019:14:09:45 +0000] "GET /master/collections/ogr_addresses_sqlite/items/inspireadressen.1747965 HTTP/1.1" 200 7974 "-" "Mozilla/5.0 (Linux; Android 6.0.1; Nexus 5X Build/MMB29P) AppleWebKit/537.36 (KHTML, like Gecko) Chrome/41.0.2272.96 Mobile Safari/537.36 (compatible; Googlebot/2.1; +http://www.google.com/bot.html)" 356048 "Host-demo-pygeoapi-io-localhost-PathPrefix-master-0" "http://172.20.0.3:80" 36ms
66.249.65.221 - - [15/Oct/2019:14:20:48 +0000] "GET /master/collections/ogr_addresses_sqlite/items/inspireadressen.1747965 HTTP/1.1" 200 7974 "-" "Mozilla/5.0 (Linux; Android 6.0.1; Nexus 5X Build/MMB29P) AppleWebKit/537.36 (KHTML, like Gecko) Chrome/41.0.2272.96 Mobile Safari/537.36 (compatible; Googlebot/2.1; +http://www.google.com/bot.html)" 356052 "Host-demo-pygeoapi-io-localhost-PathPrefix-master-0" "http://172.20.0.3:80" 46ms
159.69.218.208 - - [15/Oct/2019:14:21:05 +0000] "GET /master/api HTTP/1.1" 200 56404 "-" "python-requests/2.22.0" 356055 "Host-demo-pygeoapi-io-localhost-PathPrefix-master-0" "http://172.20.0.3:80" 271ms
89.248.169.17 - - [15/Oct/2019:14:27:02 +0000] "GET / HTTP/1.1" 302 5 "-" "-" 356099 "entrypoint redirect for http" "/" 0ms
66.249.65.222 - - [15/Oct/2019:14:29:33 +0000] "GET /master/collections/ogr_addresses_sqlite/items?startindex=60 HTTP/1.1" 200 17225 "-" "Mozilla/5.0 (Linux; Android 6.0.1; Nexus 5X Build/MMB29P) AppleWebKit/537.36 (KHTML, like Gecko) Chrome/41.0.2272.96 Mobile Safari/537.36 (compatible; Googlebot/2.1; +http://www.google.com/bot.html)" 356100 "Host-demo-pygeoapi-io-localhost-PathPrefix-master-0" "http://172.20.0.3:80" 42ms
66.249.65.222 - - [15/Oct/2019:14:29:45 +0000] "GET /master/collections/ogr_addresses_sqlite/items/inspireadressen.1747965 HTTP/1.1" 200 7974 "-" "Mozilla/5.0 (Linux; Android 6.0.1; Nexus 5X Build/MMB29P) AppleWebKit/537.36 (KHTML, like Gecko) Chrome/41.0.2272.96 Mobile Safari/537.36 (compatible; Googlebot/2.1; +http://www.google.com/bot.html)" 356101 "Host-demo-pygeoapi-io-localhost-PathPrefix-master-0" "http://172.20.0.3:80" 39ms
66.249.65.222 - - [15/Oct/2019:14:36:29 +0000] "GET /robots.txt HTTP/1.1" 200 149 "-" "Mozilla/5.0 (compatible; Googlebot/2.1; +http://www.google.com/bot.html)" 356104 "Host-demo-pygeoapi-io-PathPrefixStrip-1" "http://172.20.0.5:80" 3ms
66.249.65.222 - - [15/Oct/2019:14:36:29 +0000] "GET /master/collections/ogr_addresses_sqlite/items?startindex=50 HTTP/1.1" 200 17258 "-" "Mozilla/5.0 (Linux; Android 6.0.1; Nexus 5X Build/MMB29P) AppleWebKit/537.36 (KHTML, like Gecko) Chrome/41.0.2272.96 Mobile Safari/537.36 (compatible; Googlebot/2.1; +http://www.google.com/bot.html)" 356105 "Host-demo-pygeoapi-io-localhost-PathPrefix-master-0" "http://172.20.0.3:80" 49ms
66.249.65.221 - - [15/Oct/2019:14:39:47 +0000] "GET /master/collections/ogr_addresses_sqlite/items/inspireadressen.1747965 HTTP/1.1" 200 7974 "-" "Mozilla/5.0 (Linux; Android 6.0.1; Nexus 5X Build/MMB29P) AppleWebKit/537.36 (KHTML, like Gecko) Chrome/41.0.2272.96 Mobile Safari/537.36 (compatible; Googlebot/2.1; +http://www.google.com/bot.html)" 356107 "Host-demo-pygeoapi-io-localhost-PathPrefix-master-0" "http://172.20.0.3:80" 37ms
66.249.65.222 - - [15/Oct/2019:14:42:14 +0000] "GET /master/collections/ogr_addresses_sqlite/items?startindex=40 HTTP/1.1" 200 17251 "-" "Mozilla/5.0 (Linux; Android 6.0.1; Nexus 5X Build/MMB29P) AppleWebKit/537.36 (KHTML, like Gecko) Chrome/41.0.2272.96 Mobile Safari/537.36 (compatible; Googlebot/2.1; +http://www.google.com/bot.html)" 356108 "Host-demo-pygeoapi-io-localhost-PathPrefix-master-0" "http://172.20.0.3:80" 42ms
46.229.168.133 - - [15/Oct/2019:14:44:47 +0000] "GET /robots.txt HTTP/1.1" 200 149 "-" "Mozilla/5.0 (compatible; SemrushBot/6~bl; +http://www.semrush.com/bot.html)" 356109 "Host-demo-pygeoapi-io-PathPrefixStrip-1" "http://172.20.0.5:80" 3ms
46.229.168.161 - - [15/Oct/2019:14:44:48 +0000] "GET /master/collections/lakes/items/6 HTTP/1.1" 200 8139 "-" "Mozilla/5.0 (compatible; SemrushBot/6~bl; +http://www.semrush.com/bot.html)" 356110 "Host-demo-pygeoapi-io-localhost-PathPrefix-master-0" "http://172.20.0.3:80" 35ms
66.249.65.222 - - [15/Oct/2019:14:44:54 +0000] "GET /master/collections/ogr_addresses_sqlite/items?startindex=30 HTTP/1.1" 200 17182 "-" "Mozilla/5.0 (Linux; Android 6.0.1; Nexus 5X Build/MMB29P) AppleWebKit/537.36 (KHTML, like Gecko) Chrome/41.0.2272.96 Mobile Safari/537.36 (compatible; Googlebot/2.1; +http://www.google.com/bot.html)" 356111 "Host-demo-pygeoapi-io-localhost-PathPrefix-master-0" "http://172.20.0.3:80" 43ms
66.249.65.221 - - [15/Oct/2019:14:49:42 +0000] "GET /master/collections/ogr_addresses_sqlite/items/inspireadressen.1747965 HTTP/1.1" 200 7974 "-" "Mozilla/5.0 (Linux; Android 6.0.1; Nexus 5X Build/MMB29P) AppleWebKit/537.36 (KHTML, like Gecko) Chrome/41.0.2272.96 Mobile Safari/537.36 (compatible; Googlebot/2.1; +http://www.google.com/bot.html)" 356115 "Host-demo-pygeoapi-io-localhost-PathPrefix-master-0" "http://172.20.0.3:80" 38ms
185.100.87.249 - - [15/Oct/2019:14:52:29 +0000] "GET / HTTP/1.0" 404 19 "-" "-" 356116 "backend not found" "/" 0ms
185.100.87.249 - - [15/Oct/2019:14:54:21 +0000] "GET /nmaplowercheck1571151261 HTTP/1.1" 404 19 "-" "Mozilla/5.0 (Windows NT 6.1) AppleWebKit/537.36 (KHTML, like Gecko) Chrome/36.0.1985.125 Safari/537.36" 356117 "backend not found" "/nmaplowercheck1571151261" 0ms
185.100.87.249 - - [15/Oct/2019:14:54:22 +0000] "GET /HNAP1 HTTP/1.1" 404 19 "-" "Mozilla/5.0 (Windows NT 6.1) AppleWebKit/537.36 (KHTML, like Gecko) Chrome/36.0.1985.125 Safari/537.36" 356118 "backend not found" "/HNAP1" 0ms
185.100.87.249 - - [15/Oct/2019:14:54:23 +0000] "GET /evox/about HTTP/1.1" 404 19 "-" "Mozilla/5.0 (Windows NT 6.1) AppleWebKit/537.36 (KHTML, like Gecko) Chrome/36.0.1985.125 Safari/537.36" 356119 "backend not found" "/evox/about" 0ms
185.100.87.249 - - [15/Oct/2019:14:54:25 +0000] "GET / HTTP/1.0" 404 19 "-" "-" 356120 "backend not found" "/" 0ms
185.100.87.249 - - [15/Oct/2019:14:54:25 +0000] "HEAD / HTTP/1.1" 404 19 "-" "Mozilla/5.0 (Windows NT 6.1) AppleWebKit/537.36 (KHTML, like Gecko) Chrome/36.0.1985.125 Safari/537.36" 356121 "backend not found" "/" 0ms
185.100.87.249 - - [15/Oct/2019:14:54:25 +0000] "GET / HTTP/1.1" 404 19 "-" "-" 356122 "backend not found" "/" 0ms
185.100.87.249 - - [15/Oct/2019:14:54:25 +0000] "GET / HTTP/1.1" 404 19 "-" "Mozilla/5.0 (Windows NT 6.1) AppleWebKit/537.36 (KHTML, like Gecko) Chrome/36.0.1985.125 Safari/537.36" 356123 "backend not found" "/" 0ms
185.100.87.249 - - [15/Oct/2019:14:54:25 +0000] "POST /sdk HTTP/1.1" 404 19 "-" "Mozilla/5.0 (Windows NT 6.1) AppleWebKit/537.36 (KHTML, like Gecko) Chrome/36.0.1985.125 Safari/537.36" 356124 "backend not found" "/sdk" 0ms
66.249.65.223 - - [15/Oct/2019:14:55:32 +0000] "GET /master/collections/ogr_addresses_sqlite/items?startindex=20 HTTP/1.1" 200 17140 "-" "Mozilla/5.0 (Linux; Android 6.0.1; Nexus 5X Build/MMB29P) AppleWebKit/537.36 (KHTML, like Gecko) Chrome/41.0.2272.96 Mobile Safari/537.36 (compatible; Googlebot/2.1; +http://www.google.com/bot.html)" 356125 "Host-demo-pygeoapi-io-localhost-PathPrefix-master-2" "http://172.20.0.3:80" 77ms
66.249.65.221 - - [15/Oct/2019:14:59:45 +0000] "GET /master/collections/ogr_addresses_sqlite/items/inspireadressen.1747965 HTTP/1.1" 200 7974 "-" "Mozilla/5.0 (Linux; Android 6.0.1; Nexus 5X Build/MMB29P) AppleWebKit/537.36 (KHTML, like Gecko) Chrome/41.0.2272.96 Mobile Safari/537.36 (compatible; Googlebot/2.1; +http://www.google.com/bot.html)" 356129 "Host-demo-pygeoapi-io-localhost-PathPrefix-master-2" "http://172.20.0.3:80" 50ms
66.249.65.223 - - [15/Oct/2019:15:04:08 +0000] "GET /master/collections/ogr_addresses_sqlite/items?startindex=10 HTTP/1.1" 200 17193 "-" "Mozilla/5.0 (Linux; Android 6.0.1; Nexus 5X Build/MMB29P) AppleWebKit/537.36 (KHTML, like Gecko) Chrome/41.0.2272.96 Mobile Safari/537.36 (compatible; Googlebot/2.1; +http://www.google.com/bot.html)" 356130 "Host-demo-pygeoapi-io-localhost-PathPrefix-master-2" "http://172.20.0.3:80" 38ms
199.212.17.131 - - [15/Oct/2019:15:06:17 +0000] "GET / HTTP/2.0" 200 3165 "https://pygeoapi.io/documentation/" "Mozilla/5.0 (X11; Ubuntu; Linux x86_64; rv:69.0) Gecko/20100101 Firefox/69.0" 356133 "Host-demo-pygeoapi-io-PathPrefixStrip-1" "http://172.20.0.5:80" 2ms
199.212.17.131 - - [15/Oct/2019:15:06:17 +0000] "GET /static/lib/bootstrap/3.3.7/js/bootstrap.min.js HTTP/2.0" 200 37045 "https://demo.pygeoapi.io/" "Mozilla/5.0 (X11; Ubuntu; Linux x86_64; rv:69.0) Gecko/20100101 Firefox/69.0" 356136 "Host-demo-pygeoapi-io-PathPrefixStrip-1" "http://172.20.0.5:80" 213ms
199.212.17.131 - - [15/Oct/2019:15:06:17 +0000] "GET /static/lib/bootstrap/3.3.7/css/bootstrap-united.min.css HTTP/2.0" 200 122851 "https://demo.pygeoapi.io/" "Mozilla/5.0 (X11; Ubuntu; Linux x86_64; rv:69.0) Gecko/20100101 Firefox/69.0" 356134 "Host-demo-pygeoapi-io-PathPrefixStrip-1" "http://172.20.0.5:80" 213ms
199.212.17.131 - - [15/Oct/2019:15:06:17 +0000] "GET /static/lib/jquery/1.11.3/jquery.min.js HTTP/2.0" 200 95992 "https://demo.pygeoapi.io/" "Mozilla/5.0 (X11; Ubuntu; Linux x86_64; rv:69.0) Gecko/20100101 Firefox/69.0" 356135 "Host-demo-pygeoapi-io-PathPrefixStrip-1" "http://172.20.0.5:80" 213ms
199.212.17.131 - - [15/Oct/2019:15:06:18 +0000] "GET /favicon.ico HTTP/2.0" 200 1150 "-" "Mozilla/5.0 (X11; Ubuntu; Linux x86_64; rv:69.0) Gecko/20100101 Firefox/69.0" 356137 "Host-demo-pygeoapi-io-PathPrefixStrip-1" "http://172.20.0.5:80" 2ms
66.249.65.221 - - [15/Oct/2019:15:09:43 +0000] "GET /master/collections/ogr_addresses_sqlite/items/inspireadressen.1747965 HTTP/1.1" 200 7974 "-" "Mozilla/5.0 (Linux; Android 6.0.1; Nexus 5X Build/MMB29P) AppleWebKit/537.36 (KHTML, like Gecko) Chrome/41.0.2272.96 Mobile Safari/537.36 (compatible; Googlebot/2.1; +http://www.google.com/bot.html)" 356139 "Host-demo-pygeoapi-io-localhost-PathPrefix-master-2" "http://172.20.0.3:80" 36ms
66.249.65.222 - - [15/Oct/2019:15:14:33 +0000] "GET /master/collections/ogr_addresses_sqlite/items?startindex=0 HTTP/1.1" 200 16478 "-" "Mozilla/5.0 (Linux; Android 6.0.1; Nexus 5X Build/MMB29P) AppleWebKit/537.36 (KHTML, like Gecko) Chrome/41.0.2272.96 Mobile Safari/537.36 (compatible; Googlebot/2.1; +http://www.google.com/bot.html)" 356140 "Host-demo-pygeoapi-io-localhost-PathPrefix-master-2" "http://172.20.0.3:80" 72ms
66.249.65.221 - - [15/Oct/2019:15:19:48 +0000] "GET /master/collections/ogr_addresses_sqlite/items/inspireadressen.1747965 HTTP/1.1" 200 7974 "-" "Mozilla/5.0 (Linux; Android 6.0.1; Nexus 5X Build/MMB29P) AppleWebKit/537.36 (KHTML, like Gecko) Chrome/41.0.2272.96 Mobile Safari/537.36 (compatible; Googlebot/2.1; +http://www.google.com/bot.html)" 356141 "Host-demo-pygeoapi-io-localhost-PathPrefix-master-2" "http://172.20.0.3:80" 36ms
159.69.218.208 - - [15/Oct/2019:15:21:05 +0000] "GET /master/api HTTP/1.1" 200 56404 "-" "python-requests/2.22.0" 356144 "Host-demo-pygeoapi-io-localhost-PathPrefix-master-2" "http://172.20.0.3:80" 244ms
66.249.65.221 - - [15/Oct/2019:15:29:51 +0000] "GET /master/collections/ogr_addresses_sqlite/items/inspireadressen.1747965 HTTP/1.1" 200 7974 "-" "Mozilla/5.0 (Linux; Android 6.0.1; Nexus 5X Build/MMB29P) AppleWebKit/537.36 (KHTML, like Gecko) Chrome/41.0.2272.96 Mobile Safari/537.36 (compatible; Googlebot/2.1; +http://www.google.com/bot.html)" 356192 "Host-demo-pygeoapi-io-localhost-PathPrefix-master-2" "http://172.20.0.3:80" 38ms
205.211.133.133 - - [15/Oct/2019:15:31:47 +0000] "GET / HTTP/2.0" 200 3165 "https://pygeoapi.io/documentation/" "Mozilla/5.0 (Windows NT 10.0; Win64; x64; rv:69.0) Gecko/20100101 Firefox/69.0" 356193 "Host-demo-pygeoapi-io-PathPrefixStrip-1" "http://172.20.0.5:80" 2ms
205.211.133.133 - - [15/Oct/2019:15:31:47 +0000] "GET /static/lib/bootstrap/3.3.7/js/bootstrap.min.js HTTP/2.0" 200 37045 "https://demo.pygeoapi.io/" "Mozilla/5.0 (Windows NT 10.0; Win64; x64; rv:69.0) Gecko/20100101 Firefox/69.0" 356196 "Host-demo-pygeoapi-io-PathPrefixStrip-1" "http://172.20.0.5:80" 259ms
205.211.133.133 - - [15/Oct/2019:15:31:47 +0000] "GET /static/lib/bootstrap/3.3.7/css/bootstrap-united.min.css HTTP/2.0" 200 122851 "https://demo.pygeoapi.io/" "Mozilla/5.0 (Windows NT 10.0; Win64; x64; rv:69.0) Gecko/20100101 Firefox/69.0" 356194 "Host-demo-pygeoapi-io-PathPrefixStrip-1" "http://172.20.0.5:80" 316ms
205.211.133.133 - - [15/Oct/2019:15:31:47 +0000] "GET /static/lib/jquery/1.11.3/jquery.min.js HTTP/2.0" 200 95992 "https://demo.pygeoapi.io/" "Mozilla/5.0 (Windows NT 10.0; Win64; x64; rv:69.0) Gecko/20100101 Firefox/69.0" 356195 "Host-demo-pygeoapi-io-PathPrefixStrip-1" "http://172.20.0.5:80" 260ms
205.211.133.133 - - [15/Oct/2019:15:31:49 +0000] "GET /favicon.ico HTTP/2.0" 200 1150 "-" "Mozilla/5.0 (Windows NT 10.0; Win64; x64; rv:69.0) Gecko/20100101 Firefox/69.0" 356197 "Host-demo-pygeoapi-io-PathPrefixStrip-1" "http://172.20.0.5:80" 2ms
157.55.39.19 - - [15/Oct/2019:15:33:21 +0000] "GET /robots.txt HTTP/1.1" 200 149 "-" "Mozilla/5.0 (compatible; bingbot/2.0; +http://www.bing.com/bingbot.htm)" 356198 "Host-demo-pygeoapi-io-PathPrefixStrip-1" "http://172.20.0.5:80" 3ms
157.55.39.19 - - [15/Oct/2019:15:33:22 +0000] "GET /robots.txt HTTP/1.1" 200 149 "-" "Mozilla/5.0 (compatible; bingbot/2.0; +http://www.bing.com/bingbot.htm)" 356199 "Host-demo-pygeoapi-io-PathPrefixStrip-1" "http://172.20.0.5:80" 2ms
157.55.39.77 - - [15/Oct/2019:15:33:50 +0000] "GET / HTTP/1.1" 200 3165 "-" "Mozilla/5.0 (compatible; bingbot/2.0; +http://www.bing.com/bingbot.htm)" 356200 "Host-demo-pygeoapi-io-PathPrefixStrip-1" "http://172.20.0.5:80" 4ms
86.49.147.210 - - [15/Oct/2019:15:34:53 +0000] "GET / HTTP/1.0" 302 5 "-" "-" 356201 "entrypoint redirect for http" "/" 0ms
66.249.65.221 - - [15/Oct/2019:15:39:42 +0000] "GET /robots.txt HTTP/1.1" 200 149 "-" "Mozilla/5.0 (compatible; Googlebot/2.1; +http://www.google.com/bot.html)" 356205 "Host-demo-pygeoapi-io-PathPrefixStrip-1" "http://172.20.0.5:80" 2ms
66.249.65.221 - - [15/Oct/2019:15:39:43 +0000] "GET /master/collections/ogr_addresses_sqlite/items/inspireadressen.1747965 HTTP/1.1" 200 7974 "-" "Mozilla/5.0 (Linux; Android 6.0.1; Nexus 5X Build/MMB29P) AppleWebKit/537.36 (KHTML, like Gecko) Chrome/41.0.2272.96 Mobile Safari/537.36 (compatible; Googlebot/2.1; +http://www.google.com/bot.html)" 356206 "Host-demo-pygeoapi-io-localhost-PathPrefix-master-2" "http://172.20.0.3:80" 43ms
66.249.65.222 - - [15/Oct/2019:15:42:02 +0000] "GET /master/collections/ogr_gpkg_poi/items/512536425 HTTP/1.1" 200 6952 "-" "Mozilla/5.0 (Linux; Android 6.0.1; Nexus 5X Build/MMB29P) AppleWebKit/537.36 (KHTML, like Gecko) Chrome/41.0.2272.96 Mobile Safari/537.36 (compatible; Googlebot/2.1; +http://www.google.com/bot.html)" 356207 "Host-demo-pygeoapi-io-localhost-PathPrefix-master-2" "http://172.20.0.3:80" 42ms
66.249.65.223 - - [15/Oct/2019:15:42:05 +0000] "GET /master/collections/ogr_gpkg_poi/items/512516414 HTTP/1.1" 200 6938 "-" "Mozilla/5.0 (Linux; Android 6.0.1; Nexus 5X Build/MMB29P) AppleWebKit/537.36 (KHTML, like Gecko) Chrome/41.0.2272.96 Mobile Safari/537.36 (compatible; Googlebot/2.1; +http://www.google.com/bot.html)" 356208 "Host-demo-pygeoapi-io-localhost-PathPrefix-master-2" "http://172.20.0.3:80" 47ms
